Microchip Technology Inc, vv1_10 (A) h

Tool Name:
  c:\program files (x86)\microchip\xc16\v1.10\bin\bin\..\bin/elf-ld.exe

Command:
  -p33FJ256GP710A \
  -o \
  dist/default/production/MatrixPilot-udb5.X.production.elf \
  -Lc:/program files (x86)/microchip/xc16/v1.10/bin/bin/.. \
  -Lc:/program files (x86)/microchip/xc16/v1.10/bin/bin/../../lib \
  -Lc:/program files (x86)/microchip/xc16/v1.10/bin/bin/../../lib/PIC24E \
  -Lc:/program files (x86)/microchip/xc16/v1.10/bin/bin/../../support/PIC24E/gld \
  -Lc:/program files (x86)/microchip/xc16/v1.10/bin/bin/../../lib/PIC24F \
  -Lc:/program files (x86)/microchip/xc16/v1.10/bin/bin/../../support/PIC24F/gld \
  -Lc:/program files (x86)/microchip/xc16/v1.10/bin/bin/../../lib/PIC24H \
  -Lc:/program files (x86)/microchip/xc16/v1.10/bin/bin/../../support/PIC24H/gld \
  -Lc:/program files (x86)/microchip/xc16/v1.10/bin/bin/../../lib/dsPIC30F \
  -Lc:/program files (x86)/microchip/xc16/v1.10/bin/bin/../../support/dsPIC30F/gld \
  -Lc:/program files (x86)/microchip/xc16/v1.10/bin/bin/../../lib/dsPIC33E \
  -Lc:/program files (x86)/microchip/xc16/v1.10/bin/bin/../../support/dsPIC33E/gld \
  -Lc:/program files (x86)/microchip/xc16/v1.10/bin/bin/../../lib/dsPIC33F \
  -Lc:/program files (x86)/microchip/xc16/v1.10/bin/bin/../../support/dsPIC33F/gld \
  build/default/production/_ext/1077471063/estWind.o \
  build/default/production/_ext/1077471063/estYawDrift.o \
  build/default/production/_ext/1077471063/gpsParseCommon.o \
  build/default/production/_ext/1077471063/gpsParseSTD.o \
  build/default/production/_ext/1077471063/gpsParseUBX.o \
  build/default/production/_ext/1077471063/mathlibNAV.o \
  build/default/production/_ext/1077471063/rmat.o \
  build/default/production/_ext/1077471063/libDCM.o \
  build/default/production/_ext/1077471063/deadReckoning.o \
  build/default/production/_ext/1077471063/gpsParseMTEK.o \
  build/default/production/_ext/1077471063/gpsParseNMEA.o \
  build/default/production/_ext/1077471063/fbcl.o \
  build/default/production/_ext/1077454706/background.o \
  build/default/production/_ext/1077454706/libUDB.o \
  build/default/production/_ext/1077454706/analog2digital_udb4.o \
  build/default/production/_ext/1077454706/servoOut.o \
  build/default/production/_ext/1077454706/osd.o \
  build/default/production/_ext/1077454706/24LC256.o \
  build/default/production/_ext/1077454706/events.o \
  build/default/production/_ext/1077454706/analog2digital_udb5.o \
  build/default/production/_ext/1077454706/mpu6000.o \
  build/default/production/_ext/1077454706/traps_asm.o \
  build/default/production/_ext/1077454706/mcu.o \
  build/default/production/_ext/1077454706/eeprom_udb4.o \
  build/default/production/_ext/1077454706/barometer.o \
  build/default/production/_ext/1077454706/magnetometer.o \
  build/default/production/_ext/1077454706/radioIn.o \
  build/default/production/_ext/1077454706/serialIO.o \
  build/default/production/_ext/1077454706/I2C1.o \
  build/default/production/_ext/1077454706/I2C2.o \
  build/default/production/_ext/1077454706/read.o \
  build/default/production/_ext/1077454706/uart.o \
  build/default/production/_ext/1077454706/write.o \
  build/default/production/_ext/1077454706/analog2digital_auav3.o \
  build/default/production/_ext/1077454706/analogs.o \
  build/default/production/_ext/1077454706/traps.o \
  build/default/production/_ext/1077454706/osd_bit.o \
  build/default/production/_ext/1077454706/osd_spi.o \
  build/default/production/_ext/1077454706/mpu_spi.o \
  build/default/production/_ext/1077454706/heartbeat.o \
  build/default/production/_ext/1077454706/sonarIn.o \
  build/default/production/_ext/679848855/madd.o \
  build/default/production/_ext/679848855/mmul.o \
  build/default/production/_ext/679848855/mscl.o \
  build/default/production/_ext/679848855/msub.o \
  build/default/production/_ext/679848855/mtrp.o \
  build/default/production/_ext/679848855/vadd.o \
  build/default/production/_ext/679848855/vcon.o \
  build/default/production/_ext/679848855/vcopy.o \
  build/default/production/_ext/679848855/vcor.o \
  build/default/production/_ext/679848855/vdot.o \
  build/default/production/_ext/679848855/vmax.o \
  build/default/production/_ext/679848855/vmin.o \
  build/default/production/_ext/679848855/vmul.o \
  build/default/production/_ext/679848855/vneg.o \
  build/default/production/_ext/679848855/vpow.o \
  build/default/production/_ext/679848855/vscl.o \
  build/default/production/_ext/679848855/vsub.o \
  build/default/production/_ext/679848855/vzpad.o \
  build/default/production/_ext/1472/config_tests.o \
  build/default/production/_ext/1472/behavior.o \
  build/default/production/_ext/1472/cameraCntrl.o \
  build/default/production/_ext/1472/main.o \
  build/default/production/_ext/1472/navigate.o \
  build/default/production/_ext/1472/pitchCntrl.o \
  build/default/production/_ext/1472/rollCntrl.o \
[...]
Memory Configuration

Name             Origin             Length             Attributes
data             0x000800           0x007800           a !xr
reset            0x000000           0x000004  
ivt              0x000004           0x0000fc  
_reserved        0x000100           0x000004  
aivt             0x000104           0x0000fc  
program          0x000200           0x02a9fe           xr
FBS              0xf80000           0x000002  
FSS              0xf80002           0x000002  
FGS              0xf80004           0x000002  
FOSCSEL          0xf80006           0x000002  
FOSC             0xf80008           0x000002  
FWDT             0xf8000a           0x000002  
FPOR             0xf8000c           0x000002  
FICD             0xf8000e           0x000002  
FUID0            0xf80010           0x000002  
FUID1            0xf80012           0x000002  
FUID2            0xf80014           0x000002  
FUID3            0xf80016           0x000002  
*default*        0x000000           0xffffffff  

Linker script and memory map

LOAD build/default/production/_ext/1077471063/estWind.o
LOAD build/default/production/_ext/1077471063/estYawDrift.o
LOAD build/default/production/_ext/1077471063/gpsParseCommon.o
LOAD build/default/production/_ext/1077471063/gpsParseSTD.o
LOAD build/default/production/_ext/1077471063/gpsParseUBX.o
LOAD build/default/production/_ext/1077471063/mathlibNAV.o
LOAD build/default/production/_ext/1077471063/rmat.o
LOAD build/default/production/_ext/1077471063/libDCM.o
LOAD build/default/production/_ext/1077471063/deadReckoning.o
LOAD build/default/production/_ext/1077471063/gpsParseMTEK.o
LOAD build/default/production/_ext/1077471063/gpsParseNMEA.o
LOAD build/default/production/_ext/1077471063/fbcl.o
LOAD build/default/production/_ext/1077454706/background.o
LOAD build/default/production/_ext/1077454706/libUDB.o
LOAD build/default/production/_ext/1077454706/analog2digital_udb4.o
LOAD build/default/production/_ext/1077454706/servoOut.o
LOAD build/default/production/_ext/1077454706/osd.o
LOAD build/default/production/_ext/1077454706/24LC256.o
LOAD build/default/production/_ext/1077454706/events.o
LOAD build/default/production/_ext/1077454706/analog2digital_udb5.o
LOAD build/default/production/_ext/1077454706/mpu6000.o
LOAD build/default/production/_ext/1077454706/traps_asm.o
LOAD build/default/production/_ext/1077454706/mcu.o
LOAD build/default/production/_ext/1077454706/eeprom_udb4.o
LOAD build/default/production/_ext/1077454706/barometer.o
LOAD build/default/production/_ext/1077454706/magnetometer.o
LOAD build/default/production/_ext/1077454706/radioIn.o
LOAD build/default/production/_ext/1077454706/serialIO.o
LOAD build/default/production/_ext/1077454706/I2C1.o
LOAD build/default/production/_ext/1077454706/I2C2.o
LOAD build/default/production/_ext/1077454706/read.o
LOAD build/default/production/_ext/1077454706/uart.o
LOAD build/default/production/_ext/1077454706/write.o
LOAD build/default/production/_ext/1077454706/analog2digital_auav3.o
LOAD build/default/production/_ext/1077454706/analogs.o
LOAD build/default/production/_ext/1077454706/traps.o
LOAD build/default/production/_ext/1077454706/osd_bit.o
LOAD build/default/production/_ext/1077454706/osd_spi.o
LOAD build/default/production/_ext/1077454706/mpu_spi.o
LOAD build/default/production/_ext/1077454706/heartbeat.o
LOAD build/default/production/_ext/1077454706/sonarIn.o
LOAD build/default/production/_ext/679848855/madd.o
LOAD build/default/production/_ext/679848855/mmul.o
LOAD build/default/production/_ext/679848855/mscl.o
LOAD build/default/production/_ext/679848855/msub.o
LOAD build/default/production/_ext/679848855/mtrp.o
LOAD build/default/production/_ext/679848855/vadd.o
LOAD build/default/production/_ext/679848855/vcon.o
LOAD build/default/production/_ext/679848855/vcopy.o
LOAD build/default/production/_ext/679848855/vcor.o
LOAD build/default/production/_ext/679848855/vdot.o
LOAD build/default/production/_ext/679848855/vmax.o
LOAD build/default/production/_ext/679848855/vmin.o
LOAD build/default/production/_ext/679848855/vmul.o
LOAD build/default/production/_ext/679848855/vneg.o
LOAD build/default/production/_ext/679848855/vpow.o
LOAD build/default/production/_ext/679848855/vscl.o
LOAD build/default/production/_ext/679848855/vsub.o
LOAD build/default/production/_ext/679848855/vzpad.o
LOAD build/default/production/_ext/1472/config_tests.o
LOAD build/default/production/_ext/1472/behavior.o
LOAD build/default/production/_ext/1472/cameraCntrl.o
LOAD build/default/production/_ext/1472/main.o
LOAD build/default/production/_ext/1472/navigate.o
LOAD build/default/production/_ext/1472/pitchCntrl.o
LOAD build/default/production/_ext/1472/rollCntrl.o
LOAD build/default/production/_ext/1472/servoMix.o
LOAD build/default/production/_ext/1472/states.o
LOAD build/default/production/_ext/1472/yawCntrl.o
LOAD build/default/production/_ext/1472/telemetry.o
LOAD build/default/production/_ext/1472/servoPrepare.o
LOAD build/default/production/_ext/1472/flightplan-waypoints.o
LOAD build/default/production/_ext/1472/flightplan-logo.o
LOAD build/default/production/_ext/1472/mp_osd.o
LOAD build/default/production/_ext/1472/altitudeCntrl.o
LOAD build/default/production/_ext/1472/MAVLink.o
LOAD build/default/production/_ext/1472/mode_switch.o
LOAD build/default/production/_ext/1472/data_services.o
LOAD build/default/production/_ext/1472/data_storage.o
LOAD build/default/production/_ext/1472/nv_memory_table.o
LOAD build/default/production/_ext/1472/parameter_table.o
LOAD build/default/production/_ext/1472/airspeedCntrl.o
LOAD build/default/production/_ext/1472/altitudeCntrlVariable.o
LOAD build/default/production/_ext/1472/euler_angles.o
LOAD build/default/production/_ext/1472/fly_by_datalink.o
LOAD build/default/production/_ext/1472/console.o
LOAD build/default/production/_ext/1472/config.o
LOAD build/default/production/_ext/1472/MAVFlexiFunctions.o
LOAD build/default/production/_ext/1472/MAVMission.o
LOAD build/default/production/_ext/1472/MAVParams.o
LOAD build/default/production/_ext/1472/MAVUDBExtra.o
LOAD build/default/production/_ext/1472/barometerCntrl.o
LOAD build/default/production/_ext/1472/sonarCntrl.o
LOAD build/default/production/_ext/1077471063/estAirspeed.o
                    0x0001                  __MPLAB_BUILD = 0x1
LOAD c:/program files (x86)/microchip/xc16/v1.10/bin/bin/../../lib/dsPIC33F\libp33FJ256GP710A-elf.a
                    0xf80000                  __FBS = 0xf80000
                    0xf80002                  __FSS = 0xf80002
                    0xf80004                  __FGS = 0xf80004
                    0xf80006                  __FOSCSEL = 0xf80006
                    0xf80008                  __FOSC = 0xf80008
                    0xf8000a                  __FWDT = 0xf8000a
                    0xf8000c                  __FPOR = 0xf8000c
                    0xf8000e                  __FICD = 0xf8000e
                    0xf80010                  __FUID0 = 0xf80010
                    0xf80012                  __FUID1 = 0xf80012
                    0xf80014                  __FUID2 = 0xf80014
                    0xf80016                  __FUID3 = 0xf80016
                    0x0004                  __IVT_BASE = 0x4
                    0x0104                  __AIVT_BASE = 0x104
                    0x0800                  __DATA_BASE = 0x800
                    0x7800                  __DATA_LENGTH = 0x7800
                    0x4800                  __YDATA_BASE = 0x4800
                    0x7800                  __DMA_BASE = 0x7800
                    0x7fff                  __DMA_END = 0x7fff
                    0x0200                  __CODE_BASE = 0x200
                    0x2aa00                  __CODE_LENGTH = 0x2aa00

.reset            0x000000          0x4
                  0x000000          0x2 SHORT 0x200 ABSOLUTE (__reset)
                  0x000001          0x2 SHORT 0x4
                  0x000002          0x2 SHORT 0x0 ((ABSOLUTE (__reset) >> 0x10) & 0x7f)
                  0x000003          0x2 SHORT 0x0

.text             0x000200       0x309e
 *(.init)
 .init            0x000200         0x32 c:/program files (x86)/microchip/xc16/v1.10/bin/bin/../../lib\liblega-pic30-elf.a(crt0_standard.o)
                  0x000200                  __resetPRI
                  0x000200                  __reset
                  0x000222                  __psv_init
 .init            0x000232         0x5e c:/program files (x86)/microchip/xc16/v1.10/bin/bin/../../lib\liblega-pic30-elf.a(data_init_standard.o)
                  0x000232                  __data_init_standard
                  0x000232                  __data_init
 *(.user_init)
 *(.handle)
 .handle          0x000290         0xbc jump_table
 *(.isr*)
 .isr             0x00034c          0x4 default_isr
                  0x00034c                  __DefaultInterrupt
 *(.libc)
 .libc            0x000350         0xac build/default/production/_ext/1077454706/read.o
                  0x000350                  _read
 .libc            0x0003fc         0x9e build/default/production/_ext/1077454706/write.o
                  0x0003fc                  _write
 .libc            0x00049a         0x2c c:/program files (x86)/microchip/xc16/v1.10/bin/bin/../../lib\liblega-c-elf.a(printf_cdnopuxX.XXeo)
                  0x00049a                  printf_cdnopuxX.XXeo:_prout
                  0x0004b6                  __printf_cdnopuxX
 .libc            0x0004c6        0x172 c:/program files (x86)/microchip/xc16/v1.10/bin/bin/../../lib\liblega-c-elf.a(xprintf_cdnopuxX.XXeo)
                  0x0004c6                  ___Printf_cdnopuxX
 .libc            0x000638        0x236 c:/program files (x86)/microchip/xc16/v1.10/bin/bin/../../lib\liblega-c-elf.a(xputfld_cdnopuxX.XXeo)
                  0x000638                  ___Putfld_cdnopuxX
 *(.libm)
 *(.libdsp)
 .libdsp          0x00086e          0x8 build/default/production/_ext/1077471063/fbcl.o
                  0x00086e                  _FindFirstBitChangeFromLeft
                  0x000872                  _FindFirstBitFromLeft
 .libdsp          0x000876         0x40 build/default/production/_ext/679848855/madd.o
                  0x000876                  _MatrixAdd
 .libdsp          0x0008b6         0x7a build/default/production/_ext/679848855/mmul.o
                  0x0008b6                  _MatrixMultiply
 .libdsp          0x000930         0x3c build/default/production/_ext/679848855/mscl.o
                  0x000930                  _MatrixScale
 .libdsp          0x00096c         0x4e build/default/production/_ext/679848855/msub.o
                  0x00096c                  _MatrixSubtract
 .libdsp          0x0009ba         0x48 build/default/production/_ext/679848855/mtrp.o
                  0x0009ba                  _MatrixTranspose
 .libdsp          0x000a02         0x3e build/default/production/_ext/679848855/vadd.o
                  0x000a02                  _VectorAdd
 .libdsp          0x000a40         0xf8 build/default/production/_ext/679848855/vcon.o
                  0x000a40                  _VectorConvolve
 .libdsp          0x000b38         0x10 build/default/production/_ext/679848855/vcopy.o
                  0x000b38                  _VectorCopy
 .libdsp          0x000b48         0x30 build/default/production/_ext/679848855/vcor.o
                  0x000b48                  _VectorCorrelate
 .libdsp          0x000b78         0x3a build/default/production/_ext/679848855/vdot.o
                  0x000b78                  _VectorDotProduct
 .libdsp          0x000bb2         0x1a build/default/production/_ext/679848855/vmax.o
                  0x000bb2                  _VectorMax
 .libdsp          0x000bcc         0x1a build/default/production/_ext/679848855/vmin.o
                  0x000bcc                  _VectorMin
 .libdsp          0x000be6         0x3c build/default/production/_ext/679848855/vmul.o
                  0x000be6                  _VectorMultiply
 .libdsp          0x000c22         0x40 build/default/production/_ext/679848855/vneg.o
                  0x000c22                  _VectorNegate
 .libdsp          0x000c62         0x38 build/default/production/_ext/679848855/vpow.o
                  0x000c62                  _VectorPower
 .libdsp          0x000c9a         0x3c build/default/production/_ext/679848855/vscl.o
                  0x000c9a                  _VectorScale
 .libdsp          0x000cd6         0x4c build/default/production/_ext/679848855/vsub.o
                  0x000cd6                  _VectorSubtract
 .libdsp          0x000d22         0x1e build/default/production/_ext/679848855/vzpad.o
                  0x000d22                  _VectorZeroPad
 *(.lib*)
 .libperi         0x000d40          0x8 c:/program files (x86)/microchip/xc16/v1.10/bin/bin/../../lib/dsPIC33F\libp33FJ256GP710A-elf.a(CloseSPI2.o)
                  0x000d40                  _CloseSPI2
 .libperi         0x000d48         0x22 c:/program files (x86)/microchip/xc16/v1.10/bin/bin/../../lib/dsPIC33F\libp33FJ256GP710A-elf.a(ConfigIntSPI2.o)
                  0x000d48                  _ConfigIntSPI2
 .libperi         0x000d6a          0x8 c:/program files (x86)/microchip/xc16/v1.10/bin/bin/../../lib/dsPIC33F\libp33FJ256GP710A-elf.a(OpenSPI2.o)
                  0x000d6a                  _OpenSPI2
 .libm.subsf3     0x000d72         0xbc c:/program files (x86)/microchip/xc16/v1.10/bin/bin/../../lib\libm-elf.a(addsf3.eo)
                  0x000d72                  ___subsf3
                  0x000d74                  ___addsf3
 .libm.divfs3     0x000e2e         0x84 c:/program files (x86)/microchip/xc16/v1.10/bin/bin/../../lib\libm-elf.a(divsf3.eo)
                  0x000e2e                  ___divsf3
 .libm.divsi3     0x000eb2         0x1e c:/program files (x86)/microchip/xc16/v1.10/bin/bin/../../lib\libm-elf.a(divsi3.eo)
                  0x000eb2                  ___divsi3
 .libm.expf       0x000ed0         0xc4 c:/program files (x86)/microchip/xc16/v1.10/bin/bin/../../lib\libm-elf.a(expf.eo)
                  0x000ed0                  _expf
 .libm.eqsf2      0x000f94          0x4 c:/program files (x86)/microchip/xc16/v1.10/bin/bin/../../lib\libm-elf.a(feqltle.eo)
                  0x000f94                  ___eqsf2
                  0x000f94                  ___ltsf2
                  0x000f94                  ___lesf2
 .libm.gtsf2      0x000f98          0x4 c:/program files (x86)/microchip/xc16/v1.10/bin/bin/../../lib\libm-elf.a(fgtge.eo)
                  0x000f98                  ___gesf2
                  0x000f98                  ___gtsf2
 .libm.fixsfsi    0x000f9c         0x42 c:/program files (x86)/microchip/xc16/v1.10/bin/bin/../../lib\libm-elf.a(fixsfsi.eo)
                  0x000f9c                  _(float, int, long long, short, float, short, int)
 .libm.fixunssfsi
                  0x000fde         0x36 c:/program files (x86)/microchip/xc16/v1.10/bin/bin/../../lib\libm-elf.a(fixunssfsi.eo)
                  0x000fde                  ___fixunssfsi
 .libm.floatsisf
                  0x001014         0x1c c:/program files (x86)/microchip/xc16/v1.10/bin/bin/../../lib\libm-elf.a(floatsisf.eo)
                  0x001014                  ___floatsisf
 .libm.floatunsisf
                  0x001030         0x40 c:/program files (x86)/microchip/xc16/v1.10/bin/bin/../../lib\libm-elf.a(floatunsisf.eo)
                  0x001030                  ___floatunsisf
 .libm.fpack      0x001070         0x4c c:/program files (x86)/microchip/xc16/v1.10/bin/bin/../../lib\libm-elf.a(fpack.eo)
                  0x001070                  __fpack
 .libm.funpack    0x0010bc         0x2a c:/program files (x86)/microchip/xc16/v1.10/bin/bin/../../lib\libm-elf.a(funpack.eo)
                  0x0010bc                  __funpack
 .libm.funpack2
                  0x0010e6         0x10 c:/program files (x86)/microchip/xc16/v1.10/bin/bin/../../lib\libm-elf.a(funpack2.eo)
                  0x0010e6                  __funpack2
 .libm.fPropagateNaN
                  0x0010f6         0x12 c:/program files (x86)/microchip/xc16/v1.10/bin/bin/../../lib\libm-elf.a(futil.eo)
                  0x0010f6                  __fPropagateNaN
 .libm.fbobExit
                  0x001108          0x8 c:/program files (x86)/microchip/xc16/v1.10/bin/bin/../../lib\libm-elf.a(futil.eo)
                  0x001108                  __fbopExit
 .libm.fbopReturnNaN
                  0x001110          0x6 c:/program files (x86)/microchip/xc16/v1.10/bin/bin/../../lib\libm-elf.a(futil.eo)
                  0x001110                  __fbopReturnNaN
 .libm.ldexpf     0x001116         0x44 c:/program files (x86)/microchip/xc16/v1.10/bin/bin/../../lib\libm-elf.a(ldexpf.eo)
                  0x001116                  _ldexpf
 .libm.logf       0x00115a         0xae c:/program files (x86)/microchip/xc16/v1.10/bin/bin/../../lib\libm-elf.a(logf.eo)
                  0x00115a                  _logf
 .libm.modsi3     0x001208         0x1e c:/program files (x86)/microchip/xc16/v1.10/bin/bin/../../lib\libm-elf.a(modsi3.eo)
                  0x001208                  ___modsi3
 .libm.mulsf3     0x001226         0x68 c:/program files (x86)/microchip/xc16/v1.10/bin/bin/../../lib\libm-elf.a(mulsf3.eo)
                  0x001226                  ___mulsf3
 .libm.powf       0x00128e        0x1c6 c:/program files (x86)/microchip/xc16/v1.10/bin/bin/../../lib\libm-elf.a(powf.eo)
                  0x00128e                  _powf
 .libm.sqrtf      0x001454         0x6a c:/program files (x86)/microchip/xc16/v1.10/bin/bin/../../lib\libm-elf.a(sqrtf.eo)
                  0x001454                  _sqrtf
 .libm.udivsi3    0x0014be         0x20 c:/program files (x86)/microchip/xc16/v1.10/bin/bin/../../lib\libm-elf.a(udivsi3.eo)
                  0x0014be                  ___udivsi3
 .libm.umodsi3    0x0014de          0x6 c:/program files (x86)/microchip/xc16/v1.10/bin/bin/../../lib\libm-elf.a(umodsi3.eo)
                  0x0014de                  ___umodsi3
 .libm.__PplusBdi.__PplusBdi
                  0x0014e4         0x28 c:/program files (x86)/microchip/xc16/v1.10/bin/bin/../../lib\libm-elf.a(divmoddi3.eo)
 .libm.__PminusBdi.__PminusBdi
                  0x00150c         0x30 c:/program files (x86)/microchip/xc16/v1.10/bin/bin/../../lib\libm-elf.a(divmoddi3.eo)
 .libm.__udivmoddi3.__udivmoddi3
                  0x00153c         0xc4 c:/program files (x86)/microchip/xc16/v1.10/bin/bin/../../lib\libm-elf.a(divmoddi3.eo)
                  0x00153c                  ___udivmoddi3
 .libm.__udivdi3.__udivdi3
                  0x001600          0xe c:/program files (x86)/microchip/xc16/v1.10/bin/bin/../../lib\libm-elf.a(divmoddi3.eo)
                  0x001600                  ___udivdi3
 .libm.__umoddi3.__umoddi3
                  0x00160e          0x8 c:/program files (x86)/microchip/xc16/v1.10/bin/bin/../../lib\libm-elf.a(divmoddi3.eo)
                  0x00160e                  ___umoddi3
 .libm.__divdi3.__divdi3
                  0x001616         0x66 c:/program files (x86)/microchip/xc16/v1.10/bin/bin/../../lib\libm-elf.a(divmoddi3.eo)
                  0x001616                  ___divdi3
 .libm.__moddi3.__moddi3
                  0x00167c         0x5c c:/program files (x86)/microchip/xc16/v1.10/bin/bin/../../lib\libm-elf.a(divmoddi3.eo)
                  0x00167c                  ___moddi3
 .libm.frexpf     0x0016d8         0x1a c:/program files (x86)/microchip/xc16/v1.10/bin/bin/../../lib\libm-elf.a(_frexpf.eo)
                  0x0016d8                  __frexpf
 .libm.fchop      0x0016f2         0x4e c:/program files (x86)/microchip/xc16/v1.10/bin/bin/../../lib\libm-elf.a(fchop.eo)
                  0x0016f2                  __fchop
 .libm.fcompare
                  0x001740         0x36 c:/program files (x86)/microchip/xc16/v1.10/bin/bin/../../lib\libm-elf.a(fcompare.eo)
                  0x001740                  __fcompare
 .libc.strlen.strlen
                  0x001776         0x10 c:/program files (x86)/microchip/xc16/v1.10/bin/bin/../../lib\liblega-c-elf.a(strlen.XXeo)
                  0x001776                  _strlen
 .libc.prout.prout
                  0x001786         0x22 c:/program files (x86)/microchip/xc16/v1.10/bin/bin/../../lib\liblega-c-elf.a(vsnprint.XXeo)
                  0x001786                  vsnprint.XXeo:_prout
 .libc.vsnprintf.vsnprintf
                  0x0017a8         0x20 c:/program files (x86)/microchip/xc16/v1.10/bin/bin/../../lib\liblega-c-elf.a(vsnprint.XXeo)
                  0x0017a8                  _vsnprintf
 .libc._Printf._Printf
                  0x0017c8        0x172 c:/program files (x86)/microchip/xc16/v1.10/bin/bin/../../lib\liblega-c-elf.a(xprintf.XXeo)
                  0x0017c8                  __Printf
 .libc._Putfld._Putfld
                  0x00193a        0x2e8 c:/program files (x86)/microchip/xc16/v1.10/bin/bin/../../lib\liblega-c-elf.a(xputfld.XXeo)
                  0x00193a                  __Putfld
 .libc.strchr.strchr
                  0x001c22         0x12 c:/program files (x86)/microchip/xc16/v1.10/bin/bin/../../lib\liblega-c-elf.a(strchr.XXelo)
                  0x001c22                  _strchr
 .libc._Vacopy._Vacopy
                  0x001c34          0x4 c:/program files (x86)/microchip/xc16/v1.10/bin/bin/../../lib\liblega-c-elf.a(xvacopy.XXelo)
                  0x001c34                  __Vacopy
 .libc.fwrite.fwrite
                  0x001c38         0xa8 c:/program files (x86)/microchip/xc16/v1.10/bin/bin/../../lib\liblega-c-elf.a(fwrite.XXeo)
                  0x001c38                  _fwrite
 .libc.memchr.memchr
                  0x001ce0         0x12 c:/program files (x86)/microchip/xc16/v1.10/bin/bin/../../lib\liblega-c-elf.a(memchr.XXeo)
                  0x001ce0                  _memchr
 .libc.memcpy.memcpy
                  0x001cf2          0xe c:/program files (x86)/microchip/xc16/v1.10/bin/bin/../../lib\liblega-c-elf.a(memcpy.XXeo)
                  0x001cf2                  _memcpy
 .libc._Fwprep._Fwprep
                  0x001d00         0x8e c:/program files (x86)/microchip/xc16/v1.10/bin/bin/../../lib\liblega-c-elf.a(xfwprep.XXeo)
                  0x001d00                  __Fwprep
 .libc._Ldtob._Ldtob
                  0x001d8e        0x460 c:/program files (x86)/microchip/xc16/v1.10/bin/bin/../../lib\liblega-c-elf.a(xldtob.XXeo)
                  0x001d8e                  __Ldtob
 .libc._LDunscale._LDunscale
                  0x0021ee         0x54 c:/program files (x86)/microchip/xc16/v1.10/bin/bin/../../lib\liblega-c-elf.a(xldunsca.XXeo)
                  0x0021ee                  __LDunscale
 .libc._Litob._Litob
                  0x002242        0x28c c:/program files (x86)/microchip/xc16/v1.10/bin/bin/../../lib\liblega-c-elf.a(xlitob.XXeo)
                  0x002242                  __Litob
 .libc._Puttxt._Puttxt
                  0x0024ce        0x178 c:/program files (x86)/microchip/xc16/v1.10/bin/bin/../../lib\liblega-c-elf.a(xputtxt.XXeo)
                  0x0024ce                  __Puttxt
 .libc.closeallreg.closeallreg
                  0x002646          0x6 c:/program files (x86)/microchip/xc16/v1.10/bin/bin/../../lib\liblega-c-elf.a(fclose.XXelo)
 .libc._Closreg._Closreg
                  0x00264c         0x14 c:/program files (x86)/microchip/xc16/v1.10/bin/bin/../../lib\liblega-c-elf.a(fclose.XXelo)
                  0x00264c                  __Closreg
 .libc.fclose.fclose
                  0x002660         0x88 c:/program files (x86)/microchip/xc16/v1.10/bin/bin/../../lib\liblega-c-elf.a(fclose.XXelo)
                  0x002660                  _fclose
 .libc.closeall.closeall
                  0x0026e8         0x18 c:/program files (x86)/microchip/xc16/v1.10/bin/bin/../../lib\liblega-c-elf.a(fclose.XXelo)
                  0x0026e8                  fclose.XXelo:_closeall
 .libc._DNKfflush._DNKfflush
                  0x002700         0x7e c:/program files (x86)/microchip/xc16/v1.10/bin/bin/../../lib\liblega-c-elf.a(fflush.XXelo)
                  0x002700                  __DNKfflush
 .libc.ldiv.ldiv
                  0x00277e         0x2a c:/program files (x86)/microchip/xc16/v1.10/bin/bin/../../lib\liblega-c-elf.a(ldiv.XXelo)
                  0x00277e                  _ldiv
 .libc._Atexit._Atexit
                  0x0027a8         0x1c c:/program files (x86)/microchip/xc16/v1.10/bin/bin/../../lib\liblega-c-elf.a(xatexit.XXelo)
                  0x0027a8                  __Atexit
 .libc._Dnorm._Dnorm
                  0x0027c4         0x9a c:/program files (x86)/microchip/xc16/v1.10/bin/bin/../../lib\liblega-c-elf.a(xdnorm.XXelo)
                  0x0027c4                  __Dnorm
 .libc._LDscale._LDscale
                  0x00285e         0xf4 c:/program files (x86)/microchip/xc16/v1.10/bin/bin/../../lib\liblega-c-elf.a(xldscale.XXelo)
                  0x00285e                  __LDscale
 .libc.free.free
                  0x002952         0x64 c:/program files (x86)/microchip/xc16/v1.10/bin/bin/../../lib\liblega-c-elf.a(free.XXeo)
                  0x002952                  _free
 .libc.findmem.findmem
                  0x0029b6         0x64 c:/program files (x86)/microchip/xc16/v1.10/bin/bin/../../lib\liblega-c-elf.a(malloc.XXeo)
 .libc.malloc.malloc
                  0x002a1a         0x54 c:/program files (x86)/microchip/xc16/v1.10/bin/bin/../../lib\liblega-c-elf.a(malloc.XXeo)
                  0x002a1a                  _malloc
 .libc._Genld._Genld
                  0x002a6e        0x266 c:/program files (x86)/microchip/xc16/v1.10/bin/bin/../../lib\liblega-c-elf.a(xgenld.XXeo)
                  0x002a6e                  __Genld
 .libc._Getmem._Getmem
                  0x002cd4         0x14 c:/program files (x86)/microchip/xc16/v1.10/bin/bin/../../lib\liblega-c-elf.a(xgetmem.XXeo)
                  0x002cd4                  __Getmem
 .libc.div.div    0x002ce8         0x16 c:/program files (x86)/microchip/xc16/v1.10/bin/bin/../../lib\liblega-c-elf.a(div.XXelo)
                  0x002ce8                  _div
 .libc.doclose.doclose
                  0x002cfe          0x4 c:/program files (x86)/microchip/xc16/v1.10/bin/bin/../../lib\liblega-pic30-elf.a(close.Leo)
 .libc.close      0x002d02         0x12 c:/program files (x86)/microchip/xc16/v1.10/bin/bin/../../lib\liblega-pic30-elf.a(close.Leo)
                  0x002d02                  _close
 .libc.doremove.doremove
                  0x002d14          0x4 c:/program files (x86)/microchip/xc16/v1.10/bin/bin/../../lib\liblega-pic30-elf.a(remove.Leo)
 .libc.remove     0x002d18         0x12 c:/program files (x86)/microchip/xc16/v1.10/bin/bin/../../lib\liblega-pic30-elf.a(remove.Leo)
                  0x002d18                  _remove
 .libc.sbrk       0x002d2a         0x28 c:/program files (x86)/microchip/xc16/v1.10/bin/bin/../../lib\liblega-pic30-elf.a(sbrk.Leo)
                  0x002d2a                  _sbrk
 .libc.brk        0x002d52         0x1c c:/program files (x86)/microchip/xc16/v1.10/bin/bin/../../lib\liblega-pic30-elf.a(brk.Lelo)
                  0x002d52                  _brk
 .libm.eqdf2      0x002d6e          0xa c:/program files (x86)/microchip/xc16/v1.10/bin/bin/../../lib\libm-elf.a(deqltle.eo)
                  0x002d6e                  ___eqdf2
                  0x002d6e                  ___ltdf2
                  0x002d6e                  ___ledf2
 .libm.gtdf2      0x002d78          0xa c:/program files (x86)/microchip/xc16/v1.10/bin/bin/../../lib\libm-elf.a(dgtge.eo)
                  0x002d78                  ___gtdf2
                  0x002d78                  ___gedf2
 .libm.divdf3     0x002d82         0xb4 c:/program files (x86)/microchip/xc16/v1.10/bin/bin/../../lib\libm-elf.a(divdf3.eo)
                  0x002d82                  ___divdf3
 .libm.dpack      0x002e36         0x58 c:/program files (x86)/microchip/xc16/v1.10/bin/bin/../../lib\libm-elf.a(dpack.eo)
                  0x002e36                  __dpack
 .libm.dunpack2
                  0x002e8e         0x32 c:/program files (x86)/microchip/xc16/v1.10/bin/bin/../../lib\libm-elf.a(dunpack2.eo)
                  0x002e8e                  __dunpack2
                  0x002eb0                  __dreturnNaN
                  0x002eb6                  __dunpack2exit
 .libm.extendsfdf2
                  0x002ec0         0x3e c:/program files (x86)/microchip/xc16/v1.10/bin/bin/../../lib\libm-elf.a(extendsfdf.eo)
                  0x002ec0                  ___extendsfdf2
 .libm.fixdfsi    0x002efe         0x58 c:/program files (x86)/microchip/xc16/v1.10/bin/bin/../../lib\libm-elf.a(fixdfsi.eo)
                  0x002efe                  _(float, int, long long, double, float, short, int)
 .libm.floatsidf
                  0x002f56          0x6 c:/program files (x86)/microchip/xc16/v1.10/bin/bin/../../lib\libm-elf.a(floatsidf.eo)
                  0x002f56                  ___floatsidf
 .libm.muldf3     0x002f5c         0xea c:/program files (x86)/microchip/xc16/v1.10/bin/bin/../../lib\libm-elf.a(muldf3.eo)
                  0x002f5c                  ___muldf3
 .libm.subdf3     0x003046          0x4 c:/program files (x86)/microchip/xc16/v1.10/bin/bin/../../lib\libm-elf.a(subdf3.eo)
                  0x003046                  ___subdf3
 .libm.mulsi3     0x00304a          0xc c:/program files (x86)/microchip/xc16/v1.10/bin/bin/../../lib\libm-elf.a(mulsi3.eo)
                  0x00304a                  ___mulp32peds3
                  0x00304a                  ___mulsi3
                  0x00304a                  ___mulp32eds3
 .libm.adddf3     0x003056         0xfa c:/program files (x86)/microchip/xc16/v1.10/bin/bin/../../lib\libm-elf.a(adddf3.eo)
                  0x003056                  ___adddf3
 .libm.dcompare
                  0x003150         0x52 c:/program files (x86)/microchip/xc16/v1.10/bin/bin/../../lib\libm-elf.a(dcompare.eo)
                  0x003150                  __dcompare
 .libm.dPropagateNaN
                  0x0031a2         0x1c c:/program files (x86)/microchip/xc16/v1.10/bin/bin/../../lib\libm-elf.a(dpropagateNaN.eo)
                  0x0031a2                  __dPropagateNaN
 .libm.dtype      0x0031be         0x24 c:/program files (x86)/microchip/xc16/v1.10/bin/bin/../../lib\libm-elf.a(dtype.eo)
                  0x0031be                  __dtype
 .libm.dunpack    0x0031e2         0x4e c:/program files (x86)/microchip/xc16/v1.10/bin/bin/../../lib\libm-elf.a(dunpack.eo)
                  0x0031e2                  __dunpack
 .libm.floatdidf
                  0x003230         0x6e c:/program files (x86)/microchip/xc16/v1.10/bin/bin/../../lib\libm-elf.a(floatdidf.eo)
                  0x003230                  ___floatdidf

usercode
 *(usercode)

__FBS
 *(__FBS.sec*)

__FSS
 *(__FSS.sec*)

__FGS             0xf80004          0x2
 *(__FGS.sec*)
 __FGS.sec        0xf80004          0x2 FGS
                  0xf80004                  __FGS.sec

__FOSCSEL         0xf80006          0x2
 *(__FOSCSEL.sec*)
 __FOSCSEL.sec    0xf80006          0x2 build/default/production/_ext/1077454706/mcu.o

__FOSC            0xf80008          0x2
 *(__FOSC.sec*)
 __FOSC.sec       0xf80008          0x2 build/default/production/_ext/1077454706/mcu.o

__FWDT            0xf8000a          0x2
 *(__FWDT.sec*)
 __FWDT.sec       0xf8000a          0x2 build/default/production/_ext/1077454706/mcu.o

__FPOR            0xf8000c          0x2
 *(__FPOR.sec*)
 __FPOR.sec       0xf8000c          0x2 build/default/production/_ext/1077454706/mcu.o

__FICD            0xf8000e          0x2
 *(__FICD.sec*)
 __FICD.sec       0xf8000e          0x2 build/default/production/_ext/1077454706/mcu.o

__FUID0
 *(__FUID0.sec*)

__FUID1
 *(__FUID1.sec*)

__FUID2
 *(__FUID2.sec*)

__FUID3
 *(__FUID3.sec*)

.comment          0x000000         0x5e
 *(.comment)
 .comment         0x000000         0x5e c:/program files (x86)/microchip/xc16/v1.10/bin/bin/../../lib\liblega-c-elf.a(xfiles.XXeo)

.debug_info       0x000000      0x23a95
 *(.debug_info)
 .debug_info      0x000000        0x6c5 build/default/production/_ext/1077471063/estWind.o
 .debug_info      0x0006c5        0x4d2 build/default/production/_ext/1077471063/estYawDrift.o
 .debug_info      0x000b97        0xeb3 build/default/production/_ext/1077471063/gpsParseCommon.o
 .debug_info      0x001a4a        0x914 build/default/production/_ext/1077471063/gpsParseSTD.o
 .debug_info      0x00235e        0x191 build/default/production/_ext/1077471063/gpsParseUBX.o
 .debug_info      0x0024ef        0x9a5 build/default/production/_ext/1077471063/mathlibNAV.o
 .debug_info      0x002e94       0x1140 build/default/production/_ext/1077471063/rmat.o
 .debug_info      0x003fd4        0x71e build/default/production/_ext/1077471063/libDCM.o
 .debug_info      0x0046f2        0xb0f build/default/production/_ext/1077471063/deadReckoning.o
 .debug_info      0x005201        0x192 build/default/production/_ext/1077471063/gpsParseMTEK.o
 .debug_info      0x005393        0x192 build/default/production/_ext/1077471063/gpsParseNMEA.o
 .debug_info      0x005525         0xd3 build/default/production/_ext/1077471063/fbcl.o
 .debug_info      0x0055f8       0x1975 build/default/production/_ext/1077454706/background.o
 .debug_info      0x006f6d        0x6c3 build/default/production/_ext/1077454706/libUDB.o
 .debug_info      0x007630        0x190 build/default/production/_ext/1077454706/analog2digital_udb4.o
 .debug_info      0x0077c0       0x1072 build/default/production/_ext/1077454706/servoOut.o
 .debug_info      0x008832        0x3c7 build/default/production/_ext/1077454706/osd.o
 .debug_info      0x008bf9        0x184 build/default/production/_ext/1077454706/24LC256.o
 .debug_info      0x008d7d        0xde2 build/default/production/_ext/1077454706/events.o
 .debug_info      0x009b5f       0x1b13 build/default/production/_ext/1077454706/analog2digital_udb5.o
 .debug_info      0x00b672        0xc06 build/default/production/_ext/1077454706/mpu6000.o
 .debug_info      0x00c278         0xd8 build/default/production/_ext/1077454706/traps_asm.o
 .debug_info      0x00c350        0xba5 build/default/production/_ext/1077454706/mcu.o
 .debug_info      0x00cef5        0x6d7 build/default/production/_ext/1077454706/eeprom_udb4.o
 .debug_info      0x00d5cc        0x6d7 build/default/production/_ext/1077454706/barometer.o
 .debug_info      0x00dca3        0x4bb build/default/production/_ext/1077454706/magnetometer.o
 .debug_info      0x00e15e       0x19e4 build/default/production/_ext/1077454706/radioIn.o
 .debug_info      0x00fb42       0x1888 build/default/production/_ext/1077454706/serialIO.o
 .debug_info      0x0113ca        0x181 build/default/production/_ext/1077454706/I2C1.o
 .debug_info      0x01154b       0x1331 build/default/production/_ext/1077454706/I2C2.o
 .debug_info      0x01287c        0x940 build/default/production/_ext/1077454706/read.o
 .debug_info      0x0131bc        0x1a4 build/default/production/_ext/1077454706/uart.o
 .debug_info      0x013360        0x925 build/default/production/_ext/1077454706/write.o
 .debug_info      0x013c85        0x191 build/default/production/_ext/1077454706/analog2digital_auav3.o
 .debug_info      0x013e16        0x309 build/default/production/_ext/1077454706/analogs.o
 .debug_info      0x01411f        0x48a build/default/production/_ext/1077454706/traps.o
 .debug_info      0x0145a9        0x4f0 build/default/production/_ext/1077454706/osd_bit.o
 .debug_info      0x014a99        0x184 build/default/production/_ext/1077454706/osd_spi.o
 .debug_info      0x014c1d        0xda8 build/default/production/_ext/1077454706/mpu_spi.o
 .debug_info      0x0159c5        0x48b build/default/production/_ext/1077454706/heartbeat.o
 .debug_info      0x015e50        0x184 build/default/production/_ext/1077454706/sonarIn.o
 .debug_info      0x015fd4         0xdc build/default/production/_ext/679848855/madd.o
 .debug_info      0x0160b0         0xdc build/default/production/_ext/679848855/mmul.o
 .debug_info      0x01618c         0xdc build/default/production/_ext/679848855/mscl.o
 .debug_info      0x016268         0xdc build/default/production/_ext/679848855/msub.o
 .debug_info      0x016344         0xdc build/default/production/_ext/679848855/mtrp.o
 .debug_info      0x016420         0xdc build/default/production/_ext/679848855/vadd.o
 .debug_info      0x0164fc         0xdc build/default/production/_ext/679848855/vcon.o
 .debug_info      0x0165d8         0xdd build/default/production/_ext/679848855/vcopy.o
 .debug_info      0x0166b5         0xdc build/default/production/_ext/679848855/vcor.o
 .debug_info      0x016791         0xdc build/default/production/_ext/679848855/vdot.o
 .debug_info      0x01686d         0xdc build/default/production/_ext/679848855/vmax.o
 .debug_info      0x016949         0xdc build/default/production/_ext/679848855/vmin.o
 .debug_info      0x016a25         0xdc build/default/production/_ext/679848855/vmul.o
 .debug_info      0x016b01         0xdc build/default/production/_ext/679848855/vneg.o
 .debug_info      0x016bdd         0xdc build/default/production/_ext/679848855/vpow.o
 .debug_info      0x016cb9         0xdc build/default/production/_ext/679848855/vscl.o
 .debug_info      0x016d95         0xdc build/default/production/_ext/679848855/vsub.o
 .debug_info      0x016e71         0xdd build/default/production/_ext/679848855/vzpad.o
 .debug_info      0x016f4e        0x188 build/default/production/_ext/1472/config_tests.o
 .debug_info      0x0170d6        0x82b build/default/production/_ext/1472/behavior.o
 .debug_info      0x017901        0x52b build/default/production/_ext/1472/cameraCntrl.o
 .debug_info      0x017e2c        0x198 build/default/production/_ext/1472/main.o
 .debug_info      0x017fc4        0xdee build/default/production/_ext/1472/navigate.o
 .debug_info      0x018db2        0xa8a build/default/production/_ext/1472/pitchCntrl.o
 .debug_info      0x01983c        0x89d build/default/production/_ext/1472/rollCntrl.o
 .debug_info      0x01a0d9        0x7ac build/default/production/_ext/1472/servoMix.o
 .debug_info      0x01a885        0xb65 build/default/production/_ext/1472/states.o
 .debug_info      0x01b3ea        0x9e9 build/default/production/_ext/1472/yawCntrl.o
 .debug_info      0x01bdd3       0x11bd build/default/production/_ext/1472/telemetry.o
 .debug_info      0x01cf90        0x4e7 build/default/production/_ext/1472/servoPrepare.o
 .debug_info      0x01d477        0x190 build/default/production/_ext/1472/flightplan-waypoints.o
 .debug_info      0x01d607       0x13bb build/default/production/_ext/1472/flightplan-logo.o
 .debug_info      0x01e9c2        0xe69 build/default/production/_ext/1472/mp_osd.o
 .debug_info      0x01f82b        0xcce build/default/production/_ext/1472/altitudeCntrl.o
 .debug_info      0x0204f9        0x183 build/default/production/_ext/1472/MAVLink.o
 .debug_info      0x02067c        0x6c4 build/default/production/_ext/1472/mode_switch.o
 .debug_info      0x020d40        0x180 build/default/production/_ext/1472/data_services.o
 .debug_info      0x020ec0        0x17f build/default/production/_ext/1472/data_storage.o
 .debug_info      0x02103f        0x18b build/default/production/_ext/1472/nv_memory_table.o
 .debug_info      0x0211ca        0x18b build/default/production/_ext/1472/parameter_table.o
 .debug_info      0x021355        0x2e3 build/default/production/_ext/1472/airspeedCntrl.o
 .debug_info      0x021638        0x1bc build/default/production/_ext/1472/altitudeCntrlVariable.o
 .debug_info      0x0217f4        0x271 build/default/production/_ext/1472/euler_angles.o
 .debug_info      0x021a65        0x18b build/default/production/_ext/1472/fly_by_datalink.o
 .debug_info      0x021bf0        0x183 build/default/production/_ext/1472/console.o
 .debug_info      0x021d73        0x1ba build/default/production/_ext/1472/config.o
 .debug_info      0x021f2d        0x18d build/default/production/_ext/1472/MAVFlexiFunctions.o
 .debug_info      0x0220ba        0x186 build/default/production/_ext/1472/MAVMission.o
 .debug_info      0x022240        0x185 build/default/production/_ext/1472/MAVParams.o
 .debug_info      0x0223c5        0x187 build/default/production/_ext/1472/MAVUDBExtra.o
 .debug_info      0x02254c        0xa51 build/default/production/_ext/1472/barometerCntrl.o
 .debug_info      0x022f9d        0x7f6 build/default/production/_ext/1472/sonarCntrl.o
 .debug_info      0x023793        0x302 build/default/production/_ext/1077471063/estAirspeed.o
 *(.gnu.linkonce.wi.*)

.debug_abbrev     0x000000       0x3f73
 *(.debug_abbrev)
 .debug_abbrev    0x000000         0xeb build/default/production/_ext/1077471063/estWind.o
 .debug_abbrev    0x0000eb         0xcf build/default/production/_ext/1077471063/estYawDrift.o
 .debug_abbrev    0x0001ba        0x1c5 build/default/production/_ext/1077471063/gpsParseCommon.o
 .debug_abbrev    0x00037f        0x18e build/default/production/_ext/1077471063/gpsParseSTD.o
 .debug_abbrev    0x00050d         0x1f build/default/production/_ext/1077471063/gpsParseUBX.o
 .debug_abbrev    0x00052c        0x182 build/default/production/_ext/1077471063/mathlibNAV.o
 .debug_abbrev    0x0006ae        0x1fe build/default/production/_ext/1077471063/rmat.o
 .debug_abbrev    0x0008ac        0x11e build/default/production/_ext/1077471063/libDCM.o
 .debug_abbrev    0x0009ca        0x100 build/default/production/_ext/1077471063/deadReckoning.o
 .debug_abbrev    0x000aca         0x1f build/default/production/_ext/1077471063/gpsParseMTEK.o
 .debug_abbrev    0x000ae9         0x1f build/default/production/_ext/1077471063/gpsParseNMEA.o
 .debug_abbrev    0x000b08         0x14 build/default/production/_ext/1077471063/fbcl.o
 .debug_abbrev    0x000b1c        0x156 build/default/production/_ext/1077454706/background.o
 .debug_abbrev    0x000c72        0x178 build/default/production/_ext/1077454706/libUDB.o
 .debug_abbrev    0x000dea         0x1f build/default/production/_ext/1077454706/analog2digital_udb4.o
 .debug_abbrev    0x000e09        0x12e build/default/production/_ext/1077454706/servoOut.o
 .debug_abbrev    0x000f37         0x9b build/default/production/_ext/1077454706/osd.o
 .debug_abbrev    0x000fd2         0x1f build/default/production/_ext/1077454706/24LC256.o
 .debug_abbrev    0x000ff1        0x1b6 build/default/production/_ext/1077454706/events.o
 .debug_abbrev    0x0011a7        0x199 build/default/production/_ext/1077454706/analog2digital_udb5.o
 .debug_abbrev    0x001340        0x13d build/default/production/_ext/1077454706/mpu6000.o
 .debug_abbrev    0x00147d         0x14 build/default/production/_ext/1077454706/traps_asm.o
 .debug_abbrev    0x001491        0x131 build/default/production/_ext/1077454706/mcu.o
 .debug_abbrev    0x0015c2        0x112 build/default/production/_ext/1077454706/eeprom_udb4.o
 .debug_abbrev    0x0016d4        0x126 build/default/production/_ext/1077454706/barometer.o
 .debug_abbrev    0x0017fa         0xcc build/default/production/_ext/1077454706/magnetometer.o
 .debug_abbrev    0x0018c6        0x202 build/default/production/_ext/1077454706/radioIn.o
 .debug_abbrev    0x001ac8        0x153 build/default/production/_ext/1077454706/serialIO.o
 .debug_abbrev    0x001c1b         0x1f build/default/production/_ext/1077454706/I2C1.o
 .debug_abbrev    0x001c3a        0x23f build/default/production/_ext/1077454706/I2C2.o
 .debug_abbrev    0x001e79        0x119 build/default/production/_ext/1077454706/read.o
 .debug_abbrev    0x001f92         0x34 build/default/production/_ext/1077454706/uart.o
 .debug_abbrev    0x001fc6        0x110 build/default/production/_ext/1077454706/write.o
 .debug_abbrev    0x0020d6         0x1f build/default/production/_ext/1077454706/analog2digital_auav3.o
 .debug_abbrev    0x0020f5         0xab build/default/production/_ext/1077454706/analogs.o
 .debug_abbrev    0x0021a0         0xb4 build/default/production/_ext/1077454706/traps.o
 .debug_abbrev    0x002254         0xc8 build/default/production/_ext/1077454706/osd_bit.o
 .debug_abbrev    0x00231c         0x1f build/default/production/_ext/1077454706/osd_spi.o
 .debug_abbrev    0x00233b        0x161 build/default/production/_ext/1077454706/mpu_spi.o
 .debug_abbrev    0x00249c        0x13e build/default/production/_ext/1077454706/heartbeat.o
 .debug_abbrev    0x0025da         0x1f build/default/production/_ext/1077454706/sonarIn.o
 .debug_abbrev    0x0025f9         0x14 build/default/production/_ext/679848855/madd.o
 .debug_abbrev    0x00260d         0x14 build/default/production/_ext/679848855/mmul.o
 .debug_abbrev    0x002621         0x14 build/default/production/_ext/679848855/mscl.o
 .debug_abbrev    0x002635         0x14 build/default/production/_ext/679848855/msub.o
 .debug_abbrev    0x002649         0x14 build/default/production/_ext/679848855/mtrp.o
 .debug_abbrev    0x00265d         0x14 build/default/production/_ext/679848855/vadd.o
 .debug_abbrev    0x002671         0x14 build/default/production/_ext/679848855/vcon.o
 .debug_abbrev    0x002685         0x14 build/default/production/_ext/679848855/vcopy.o
 .debug_abbrev    0x002699         0x14 build/default/production/_ext/679848855/vcor.o
 .debug_abbrev    0x0026ad         0x14 build/default/production/_ext/679848855/vdot.o
 .debug_abbrev    0x0026c1         0x14 build/default/production/_ext/679848855/vmax.o
 .debug_abbrev    0x0026d5         0x14 build/default/production/_ext/679848855/vmin.o
 .debug_abbrev    0x0026e9         0x14 build/default/production/_ext/679848855/vmul.o
 .debug_abbrev    0x0026fd         0x14 build/default/production/_ext/679848855/vneg.o
 .debug_abbrev    0x002711         0x14 build/default/production/_ext/679848855/vpow.o
 .debug_abbrev    0x002725         0x14 build/default/production/_ext/679848855/vscl.o
 .debug_abbrev    0x002739         0x14 build/default/production/_ext/679848855/vsub.o
 .debug_abbrev    0x00274d         0x14 build/default/production/_ext/679848855/vzpad.o
 .debug_abbrev    0x002761         0x1f build/default/production/_ext/1472/config_tests.o
 .debug_abbrev    0x002780        0x123 build/default/production/_ext/1472/behavior.o
 .debug_abbrev    0x0028a3        0x103 build/default/production/_ext/1472/cameraCntrl.o
 .debug_abbrev    0x0029a6         0x36 build/default/production/_ext/1472/main.o
 .debug_abbrev    0x0029dc        0x18c build/default/production/_ext/1472/navigate.o
 .debug_abbrev    0x002b68        0x12a build/default/production/_ext/1472/pitchCntrl.o
 .debug_abbrev    0x002c92        0x117 build/default/production/_ext/1472/rollCntrl.o
 .debug_abbrev    0x002da9         0xf2 build/default/production/_ext/1472/servoMix.o
 .debug_abbrev    0x002e9b        0x17d build/default/production/_ext/1472/states.o
 .debug_abbrev    0x003018        0x124 build/default/production/_ext/1472/yawCntrl.o
 .debug_abbrev    0x00313c        0x1ed build/default/production/_ext/1472/telemetry.o
 .debug_abbrev    0x003329         0xd7 build/default/production/_ext/1472/servoPrepare.o
 .debug_abbrev    0x003400         0x1f build/default/production/_ext/1472/flightplan-waypoints.o
 .debug_abbrev    0x00341f        0x1d5 build/default/production/_ext/1472/flightplan-logo.o
 .debug_abbrev    0x0035f4        0x15f build/default/production/_ext/1472/mp_osd.o
 .debug_abbrev    0x003753        0x19f build/default/production/_ext/1472/altitudeCntrl.o
 .debug_abbrev    0x0038f2         0x1f build/default/production/_ext/1472/MAVLink.o
 .debug_abbrev    0x003911         0xd7 build/default/production/_ext/1472/mode_switch.o
 .debug_abbrev    0x0039e8         0x1f build/default/production/_ext/1472/data_services.o
 .debug_abbrev    0x003a07         0x1f build/default/production/_ext/1472/data_storage.o
 .debug_abbrev    0x003a26         0x1f build/default/production/_ext/1472/nv_memory_table.o
 .debug_abbrev    0x003a45         0x1f build/default/production/_ext/1472/parameter_table.o
 .debug_abbrev    0x003a64         0x63 build/default/production/_ext/1472/airspeedCntrl.o
 .debug_abbrev    0x003ac7         0x34 build/default/production/_ext/1472/altitudeCntrlVariable.o
 .debug_abbrev    0x003afb         0x91 build/default/production/_ext/1472/euler_angles.o
 .debug_abbrev    0x003b8c         0x1f build/default/production/_ext/1472/fly_by_datalink.o
 .debug_abbrev    0x003bab         0x1f build/default/production/_ext/1472/console.o
 .debug_abbrev    0x003bca         0x34 build/default/production/_ext/1472/config.o
 .debug_abbrev    0x003bfe         0x1f build/default/production/_ext/1472/MAVFlexiFunctions.o
 .debug_abbrev    0x003c1d         0x1f build/default/production/_ext/1472/MAVMission.o
 .debug_abbrev    0x003c3c         0x1f build/default/production/_ext/1472/MAVParams.o
 .debug_abbrev    0x003c5b         0x1f build/default/production/_ext/1472/MAVUDBExtra.o
 .debug_abbrev    0x003c7a        0x18a build/default/production/_ext/1472/barometerCntrl.o
 .debug_abbrev    0x003e04        0x102 build/default/production/_ext/1472/sonarCntrl.o
 .debug_abbrev    0x003f06         0x6d build/default/production/_ext/1077471063/estAirspeed.o

.debug_line       0x000000       0xd104
 *(.debug_line)
 .debug_line      0x000000        0x30a build/default/production/_ext/1077471063/estWind.o
 .debug_line      0x00030a        0x20d build/default/production/_ext/1077471063/estYawDrift.o
 .debug_line      0x000517        0x638 build/default/production/_ext/1077471063/gpsParseCommon.o
 .debug_line      0x000b4f        0x42b build/default/production/_ext/1077471063/gpsParseSTD.o
 .debug_line      0x000f7a         0x24 build/default/production/_ext/1077471063/gpsParseUBX.o
 .debug_line      0x000f9e        0x894 build/default/production/_ext/1077471063/mathlibNAV.o
 .debug_line      0x001832        0xba0 build/default/production/_ext/1077471063/rmat.o
 .debug_line      0x0023d2        0x304 build/default/production/_ext/1077471063/libDCM.o
 .debug_line      0x0026d6        0x3d0 build/default/production/_ext/1077471063/deadReckoning.o
 .debug_line      0x002aa6         0x24 build/default/production/_ext/1077471063/gpsParseMTEK.o
 .debug_line      0x002aca         0x24 build/default/production/_ext/1077471063/gpsParseNMEA.o
 .debug_line      0x002aee         0x43 build/default/production/_ext/1077471063/fbcl.o
 .debug_line      0x002b31        0x424 build/default/production/_ext/1077454706/background.o
 .debug_line      0x002f55        0x243 build/default/production/_ext/1077454706/libUDB.o
 .debug_line      0x003198         0x24 build/default/production/_ext/1077454706/analog2digital_udb4.o
 .debug_line      0x0031bc        0x33d build/default/production/_ext/1077454706/servoOut.o
 .debug_line      0x0034f9        0x531 build/default/production/_ext/1077454706/osd.o
 .debug_line      0x003a2a         0x24 build/default/production/_ext/1077454706/24LC256.o
 .debug_line      0x003a4e        0x35e build/default/production/_ext/1077454706/events.o
 .debug_line      0x003dac        0x3ab build/default/production/_ext/1077454706/analog2digital_udb5.o
 .debug_line      0x004157        0x2c5 build/default/production/_ext/1077454706/mpu6000.o
 .debug_line      0x00441c         0x66 build/default/production/_ext/1077454706/traps_asm.o
 .debug_line      0x004482        0x225 build/default/production/_ext/1077454706/mcu.o
 .debug_line      0x0046a7        0x53b build/default/production/_ext/1077454706/eeprom_udb4.o
 .debug_line      0x004be2        0x3be build/default/production/_ext/1077454706/barometer.o
 .debug_line      0x004fa0        0x32b build/default/production/_ext/1077454706/magnetometer.o
 .debug_line      0x0052cb        0x424 build/default/production/_ext/1077454706/radioIn.o
 .debug_line      0x0056ef        0x530 build/default/production/_ext/1077454706/serialIO.o
 .debug_line      0x005c1f         0x24 build/default/production/_ext/1077454706/I2C1.o
 .debug_line      0x005c43        0x97a build/default/production/_ext/1077454706/I2C2.o
 .debug_line      0x0065bd        0x176 build/default/production/_ext/1077454706/read.o
 .debug_line      0x006733         0x58 build/default/production/_ext/1077454706/uart.o
 .debug_line      0x00678b        0x167 build/default/production/_ext/1077454706/write.o
 .debug_line      0x0068f2         0x24 build/default/production/_ext/1077454706/analog2digital_auav3.o
 .debug_line      0x006916        0x125 build/default/production/_ext/1077454706/analogs.o
 .debug_line      0x006a3b        0x1fe build/default/production/_ext/1077454706/traps.o
 .debug_line      0x006c39        0x24c build/default/production/_ext/1077454706/osd_bit.o
 .debug_line      0x006e85         0x24 build/default/production/_ext/1077454706/osd_spi.o
 .debug_line      0x006ea9        0x3ba build/default/production/_ext/1077454706/mpu_spi.o
 .debug_line      0x007263        0x22d build/default/production/_ext/1077454706/heartbeat.o
 .debug_line      0x007490         0x24 build/default/production/_ext/1077454706/sonarIn.o
 .debug_line      0x0074b4         0x69 build/default/production/_ext/679848855/madd.o
 .debug_line      0x00751d         0x83 build/default/production/_ext/679848855/mmul.o
 .debug_line      0x0075a0         0x69 build/default/production/_ext/679848855/mscl.o
 .debug_line      0x007609         0x6e build/default/production/_ext/679848855/msub.o
 .debug_line      0x007677         0x6b build/default/production/_ext/679848855/mtrp.o
 .debug_line      0x0076e2         0x68 build/default/production/_ext/679848855/vadd.o
 .debug_line      0x00774a         0xc0 build/default/production/_ext/679848855/vcon.o
 .debug_line      0x00780a         0x52 build/default/production/_ext/679848855/vcopy.o
 .debug_line      0x00785c         0x61 build/default/production/_ext/679848855/vcor.o
 .debug_line      0x0078bd         0x68 build/default/production/_ext/679848855/vdot.o
 .debug_line      0x007925         0x56 build/default/production/_ext/679848855/vmax.o
 .debug_line      0x00797b         0x56 build/default/production/_ext/679848855/vmin.o
 .debug_line      0x0079d1         0x69 build/default/production/_ext/679848855/vmul.o
 .debug_line      0x007a3a         0x6b build/default/production/_ext/679848855/vneg.o
 .debug_line      0x007aa5         0x67 build/default/production/_ext/679848855/vpow.o
 .debug_line      0x007b0c         0x69 build/default/production/_ext/679848855/vscl.o
 .debug_line      0x007b75         0x6d build/default/production/_ext/679848855/vsub.o
 .debug_line      0x007be2         0x58 build/default/production/_ext/679848855/vzpad.o
 .debug_line      0x007c3a         0x24 build/default/production/_ext/1472/config_tests.o
 .debug_line      0x007c5e        0x38d build/default/production/_ext/1472/behavior.o
 .debug_line      0x007feb        0x1cc build/default/production/_ext/1472/cameraCntrl.o
 .debug_line      0x0081b7         0xa3 build/default/production/_ext/1472/main.o
 .debug_line      0x00825a        0x628 build/default/production/_ext/1472/navigate.o
 .debug_line      0x008882        0x3bd build/default/production/_ext/1472/pitchCntrl.o
 .debug_line      0x008c3f        0x2ce build/default/production/_ext/1472/rollCntrl.o
 .debug_line      0x008f0d        0x242 build/default/production/_ext/1472/servoMix.o
 .debug_line      0x00914f        0x76f build/default/production/_ext/1472/states.o
 .debug_line      0x0098be        0x31d build/default/production/_ext/1472/yawCntrl.o
 .debug_line      0x009bdb        0x73e build/default/production/_ext/1472/telemetry.o
 .debug_line      0x00a319        0x239 build/default/production/_ext/1472/servoPrepare.o
 .debug_line      0x00a552         0x24 build/default/production/_ext/1472/flightplan-waypoints.o
 .debug_line      0x00a576        0xfa9 build/default/production/_ext/1472/flightplan-logo.o
 .debug_line      0x00b51f        0x7c4 build/default/production/_ext/1472/mp_osd.o
 .debug_line      0x00bce3        0x50f build/default/production/_ext/1472/altitudeCntrl.o
 .debug_line      0x00c1f2         0x24 build/default/production/_ext/1472/MAVLink.o
 .debug_line      0x00c216        0x243 build/default/production/_ext/1472/mode_switch.o
 .debug_line      0x00c459         0x24 build/default/production/_ext/1472/data_services.o
 .debug_line      0x00c47d         0x24 build/default/production/_ext/1472/data_storage.o
 .debug_line      0x00c4a1         0x24 build/default/production/_ext/1472/nv_memory_table.o
 .debug_line      0x00c4c5         0x24 build/default/production/_ext/1472/parameter_table.o
 .debug_line      0x00c4e9        0x159 build/default/production/_ext/1472/airspeedCntrl.o
 .debug_line      0x00c642         0x5f build/default/production/_ext/1472/altitudeCntrlVariable.o
 .debug_line      0x00c6a1        0x174 build/default/production/_ext/1472/euler_angles.o
 .debug_line      0x00c815         0x24 build/default/production/_ext/1472/fly_by_datalink.o
 .debug_line      0x00c839         0x24 build/default/production/_ext/1472/console.o
 .debug_line      0x00c85d         0xa5 build/default/production/_ext/1472/config.o
 .debug_line      0x00c902         0x24 build/default/production/_ext/1472/MAVFlexiFunctions.o
 .debug_line      0x00c926         0x24 build/default/production/_ext/1472/MAVMission.o
 .debug_line      0x00c94a         0x24 build/default/production/_ext/1472/MAVParams.o
 .debug_line      0x00c96e         0x24 build/default/production/_ext/1472/MAVUDBExtra.o
 .debug_line      0x00c992        0x434 build/default/production/_ext/1472/barometerCntrl.o
 .debug_line      0x00cdc6        0x274 build/default/production/_ext/1472/sonarCntrl.o
 .debug_line      0x00d03a         0xca build/default/production/_ext/1077471063/estAirspeed.o

.debug_frame      0x000000       0x1f40
 *(.debug_frame)
 .debug_frame     0x000000         0x24 build/default/production/_ext/1077471063/estWind.o
 .debug_frame     0x000024         0x44 build/default/production/_ext/1077471063/estYawDrift.o
 .debug_frame     0x000068         0xd4 build/default/production/_ext/1077471063/gpsParseCommon.o
 .debug_frame     0x00013c         0xd4 build/default/production/_ext/1077471063/gpsParseSTD.o
 .debug_frame     0x000210        0x134 build/default/production/_ext/1077471063/mathlibNAV.o
 .debug_frame     0x000344        0x164 build/default/production/_ext/1077471063/rmat.o
 .debug_frame     0x0004a8         0x94 build/default/production/_ext/1077471063/libDCM.o
 .debug_frame     0x00053c         0x24 build/default/production/_ext/1077471063/deadReckoning.o
 .debug_frame     0x000560         0xe4 build/default/production/_ext/1077454706/background.o
 .debug_frame     0x000644         0x54 build/default/production/_ext/1077454706/libUDB.o
 .debug_frame     0x000698         0x54 build/default/production/_ext/1077454706/servoOut.o
 .debug_frame     0x0006ec         0x84 build/default/production/_ext/1077454706/osd.o
 .debug_frame     0x000770         0x74 build/default/production/_ext/1077454706/events.o
 .debug_frame     0x0007e4         0x34 build/default/production/_ext/1077454706/analog2digital_udb5.o
 .debug_frame     0x000818         0xb4 build/default/production/_ext/1077454706/mpu6000.o
 .debug_frame     0x0008cc         0x54 build/default/production/_ext/1077454706/mcu.o
 .debug_frame     0x000920         0xd4 build/default/production/_ext/1077454706/eeprom_udb4.o
 .debug_frame     0x0009f4         0x84 build/default/production/_ext/1077454706/barometer.o
 .debug_frame     0x000a78         0x34 build/default/production/_ext/1077454706/magnetometer.o
 .debug_frame     0x000aac         0xa4 build/default/production/_ext/1077454706/radioIn.o
 .debug_frame     0x000b50         0xd4 build/default/production/_ext/1077454706/serialIO.o
 .debug_frame     0x000c24        0x1b4 build/default/production/_ext/1077454706/I2C2.o
 .debug_frame     0x000dd8         0x24 build/default/production/_ext/1077454706/read.o
 .debug_frame     0x000dfc         0x24 build/default/production/_ext/1077454706/uart.o
 .debug_frame     0x000e20         0x24 build/default/production/_ext/1077454706/write.o
 .debug_frame     0x000e44         0x34 build/default/production/_ext/1077454706/analogs.o
 .debug_frame     0x000e78         0x74 build/default/production/_ext/1077454706/traps.o
 .debug_frame     0x000eec         0x54 build/default/production/_ext/1077454706/osd_bit.o
 .debug_frame     0x000f40         0x74 build/default/production/_ext/1077454706/mpu_spi.o
 .debug_frame     0x000fb4         0x54 build/default/production/_ext/1077454706/heartbeat.o
 .debug_frame     0x001008         0x84 build/default/production/_ext/1472/behavior.o
 .debug_frame     0x00108c         0x64 build/default/production/_ext/1472/cameraCntrl.o
 .debug_frame     0x0010f0         0x24 build/default/production/_ext/1472/main.o
 .debug_frame     0x001114         0xa4 build/default/production/_ext/1472/navigate.o
 .debug_frame     0x0011b8         0x54 build/default/production/_ext/1472/pitchCntrl.o
 .debug_frame     0x00120c         0x54 build/default/production/_ext/1472/rollCntrl.o
 .debug_frame     0x001260         0x34 build/default/production/_ext/1472/servoMix.o
 .debug_frame     0x001294        0x114 build/default/production/_ext/1472/states.o
 .debug_frame     0x0013a8         0x54 build/default/production/_ext/1472/yawCntrl.o
 .debug_frame     0x0013fc        0x664 build/default/production/_ext/1472/telemetry.o
 .debug_frame     0x001a60         0x44 build/default/production/_ext/1472/servoPrepare.o
 .debug_frame     0x001aa4        0x124 build/default/production/_ext/1472/flightplan-logo.o
 .debug_frame     0x001bc8         0x64 build/default/production/_ext/1472/mp_osd.o
 .debug_frame     0x001c2c         0x94 build/default/production/_ext/1472/altitudeCntrl.o
 .debug_frame     0x001cc0         0x64 build/default/production/_ext/1472/mode_switch.o
 .debug_frame     0x001d24         0x24 build/default/production/_ext/1472/airspeedCntrl.o
 .debug_frame     0x001d48         0x24 build/default/production/_ext/1472/altitudeCntrlVariable.o
 .debug_frame     0x001d6c         0x24 build/default/production/_ext/1472/euler_angles.o
 .debug_frame     0x001d90         0x34 build/default/production/_ext/1472/config.o
 .debug_frame     0x001dc4         0xd4 build/default/production/_ext/1472/barometerCntrl.o
 .debug_frame     0x001e98         0x54 build/default/production/_ext/1472/sonarCntrl.o
 .debug_frame     0x001eec         0x54 build/default/production/_ext/1077471063/estAirspeed.o

.debug_str        0x000000       0x1d7c
 *(.debug_str)
 .debug_str       0x000000         0x24 build/default/production/_ext/1077471063/estWind.o
 .debug_str       0x000024         0x5b build/default/production/_ext/1077471063/estYawDrift.o
 .debug_str       0x00007f        0x166 build/default/production/_ext/1077471063/gpsParseCommon.o
 .debug_str       0x0001e5         0xd8 build/default/production/_ext/1077471063/gpsParseSTD.o
 .debug_str       0x0002bd         0x6d build/default/production/_ext/1077471063/mathlibNAV.o
 .debug_str       0x00032a        0x197 build/default/production/_ext/1077471063/rmat.o
 .debug_str       0x0004c1         0x41 build/default/production/_ext/1077471063/libDCM.o
 .debug_str       0x000502        0x14f build/default/production/_ext/1077471063/deadReckoning.o
 .debug_str       0x000651         0x99 build/default/production/_ext/1077454706/background.o
 .debug_str       0x0006ea         0x53 build/default/production/_ext/1077454706/libUDB.o
 .debug_str       0x00073d         0x69 build/default/production/_ext/1077454706/servoOut.o
 .debug_str       0x0007a6         0x82 build/default/production/_ext/1077454706/events.o
 .debug_str       0x000828        0x100 build/default/production/_ext/1077454706/analog2digital_udb5.o
 .debug_str       0x000928         0x9b build/default/production/_ext/1077454706/mpu6000.o
 .debug_str       0x0009c3         0x70 build/default/production/_ext/1077454706/mcu.o
 .debug_str       0x000a33         0x39 build/default/production/_ext/1077454706/eeprom_udb4.o
 .debug_str       0x000a6c         0x1c build/default/production/_ext/1077454706/barometer.o
 .debug_str       0x000a88         0xbe build/default/production/_ext/1077454706/magnetometer.o
 .debug_str       0x000b46         0xcf build/default/production/_ext/1077454706/radioIn.o
 .debug_str       0x000c15         0xa5 build/default/production/_ext/1077454706/serialIO.o
 .debug_str       0x000cba        0x164 build/default/production/_ext/1077454706/I2C2.o
 .debug_str       0x000e1e         0x59 build/default/production/_ext/1077454706/read.o
 .debug_str       0x000e77         0x59 build/default/production/_ext/1077454706/write.o
 .debug_str       0x000ed0         0x42 build/default/production/_ext/1077454706/analogs.o
 .debug_str       0x000f12         0x32 build/default/production/_ext/1077454706/traps.o
 .debug_str       0x000f44         0x13 build/default/production/_ext/1077454706/osd_bit.o
 .debug_str       0x000f57         0x53 build/default/production/_ext/1077454706/mpu_spi.o
 .debug_str       0x000faa         0x41 build/default/production/_ext/1077454706/heartbeat.o
 .debug_str       0x000feb         0x2f build/default/production/_ext/1472/behavior.o
 .debug_str       0x00101a         0x97 build/default/production/_ext/1472/cameraCntrl.o
 .debug_str       0x0010b1        0x124 build/default/production/_ext/1472/navigate.o
 .debug_str       0x0011d5        0x100 build/default/production/_ext/1472/pitchCntrl.o
 .debug_str       0x0012d5         0x7d build/default/production/_ext/1472/rollCntrl.o
 .debug_str       0x001352         0xc2 build/default/production/_ext/1472/servoMix.o
 .debug_str       0x001414         0x4d build/default/production/_ext/1472/states.o
 .debug_str       0x001461         0xa4 build/default/production/_ext/1472/yawCntrl.o
 .debug_str       0x001505        0x197 build/default/production/_ext/1472/telemetry.o
 .debug_str       0x00169c         0x80 build/default/production/_ext/1472/servoPrepare.o
 .debug_str       0x00171c        0x21a build/default/production/_ext/1472/flightplan-logo.o
 .debug_str       0x001936        0x12e build/default/production/_ext/1472/mp_osd.o
 .debug_str       0x001a64        0x19a build/default/production/_ext/1472/altitudeCntrl.o
 .debug_str       0x001bfe         0x13 build/default/production/_ext/1472/mode_switch.o
 .debug_str       0x001c11         0xbb build/default/production/_ext/1472/airspeedCntrl.o
 .debug_str       0x001ccc         0x44 build/default/production/_ext/1472/barometerCntrl.o
 .debug_str       0x001d10         0x40 build/default/production/_ext/1472/sonarCntrl.o
 .debug_str       0x001d50         0x2c build/default/production/_ext/1077471063/estAirspeed.o

.debug_loc
 *(.debug_loc)

.debug_macinfo
 *(.debug_macinfo)

.debug_pubnames
                  0x000000       0x2e45
 *(.debug_pubnames)
 .debug_pubnames
                  0x000000         0x35 build/default/production/_ext/1077471063/estWind.o
 .debug_pubnames
                  0x000035         0x68 build/default/production/_ext/1077471063/estYawDrift.o
 .debug_pubnames
                  0x00009d        0x32a build/default/production/_ext/1077471063/gpsParseCommon.o
 .debug_pubnames
                  0x0003c7        0x150 build/default/production/_ext/1077471063/gpsParseSTD.o
 .debug_pubnames
                  0x000517        0x177 build/default/production/_ext/1077471063/mathlibNAV.o
 .debug_pubnames
                  0x00068e        0x1a9 build/default/production/_ext/1077471063/rmat.o
 .debug_pubnames
                  0x000837         0xd1 build/default/production/_ext/1077471063/libDCM.o
 .debug_pubnames
                  0x000908        0x161 build/default/production/_ext/1077471063/deadReckoning.o
 .debug_pubnames
                  0x000a69         0xdb build/default/production/_ext/1077454706/background.o
 .debug_pubnames
                  0x000b44         0x6b build/default/production/_ext/1077454706/libUDB.o
 .debug_pubnames
                  0x000baf         0x7f build/default/production/_ext/1077454706/servoOut.o
 .debug_pubnames
                  0x000c2e         0xc0 build/default/production/_ext/1077454706/osd.o
 .debug_pubnames
                  0x000cee         0x9d build/default/production/_ext/1077454706/events.o
 .debug_pubnames
                  0x000d8b         0xa6 build/default/production/_ext/1077454706/analog2digital_udb5.o
 .debug_pubnames
                  0x000e31        0x104 build/default/production/_ext/1077454706/mpu6000.o
 .debug_pubnames
                  0x000f35         0xda build/default/production/_ext/1077454706/mcu.o
 .debug_pubnames
                  0x00100f         0xe3 build/default/production/_ext/1077454706/eeprom_udb4.o
 .debug_pubnames
                  0x0010f2         0x85 build/default/production/_ext/1077454706/barometer.o
 .debug_pubnames
                  0x001177        0x177 build/default/production/_ext/1077454706/magnetometer.o
 .debug_pubnames
                  0x0012ee        0x110 build/default/production/_ext/1077454706/radioIn.o
 .debug_pubnames
                  0x0013fe        0x121 build/default/production/_ext/1077454706/serialIO.o
 .debug_pubnames
                  0x00151f        0x302 build/default/production/_ext/1077454706/I2C2.o
 .debug_pubnames
                  0x001821         0x1b build/default/production/_ext/1077454706/read.o
 .debug_pubnames
                  0x00183c         0x20 build/default/production/_ext/1077454706/uart.o
 .debug_pubnames
                  0x00185c         0x1c build/default/production/_ext/1077454706/write.o
 .debug_pubnames
                  0x001878         0x83 build/default/production/_ext/1077454706/analogs.o
 .debug_pubnames
                  0x0018fb         0xa1 build/default/production/_ext/1077454706/traps.o
 .debug_pubnames
                  0x00199c         0x63 build/default/production/_ext/1077454706/osd_bit.o
 .debug_pubnames
                  0x0019ff         0x7e build/default/production/_ext/1077454706/mpu_spi.o
 .debug_pubnames
                  0x001a7d         0x71 build/default/production/_ext/1077454706/heartbeat.o
 .debug_pubnames
                  0x001aee         0xbb build/default/production/_ext/1472/behavior.o
 .debug_pubnames
                  0x001ba9        0x1c1 build/default/production/_ext/1472/cameraCntrl.o
 .debug_pubnames
                  0x001d6a         0x1b build/default/production/_ext/1472/main.o
 .debug_pubnames
                  0x001d85        0x19c build/default/production/_ext/1472/navigate.o
 .debug_pubnames
                  0x001f21         0xc8 build/default/production/_ext/1472/pitchCntrl.o
 .debug_pubnames
                  0x001fe9         0x9d build/default/production/_ext/1472/rollCntrl.o
 .debug_pubnames
                  0x002086         0x65 build/default/production/_ext/1472/servoMix.o
 .debug_pubnames
                  0x0020eb         0x87 build/default/production/_ext/1472/states.o
 .debug_pubnames
                  0x002172         0x9d build/default/production/_ext/1472/yawCntrl.o
 .debug_pubnames
                  0x00220f        0x19b build/default/production/_ext/1472/telemetry.o
 .debug_pubnames
                  0x0023aa         0xaf build/default/production/_ext/1472/servoPrepare.o
 .debug_pubnames
                  0x002459        0x35e build/default/production/_ext/1472/flightplan-logo.o
 .debug_pubnames
                  0x0027b7         0x23 build/default/production/_ext/1472/mp_osd.o
 .debug_pubnames
                  0x0027da        0x18e build/default/production/_ext/1472/altitudeCntrl.o
 .debug_pubnames
                  0x002968         0xb4 build/default/production/_ext/1472/mode_switch.o
 .debug_pubnames
                  0x002a1c        0x108 build/default/production/_ext/1472/airspeedCntrl.o
 .debug_pubnames
                  0x002b24         0x31 build/default/production/_ext/1472/altitudeCntrlVariable.o
 .debug_pubnames
                  0x002b55         0x2c build/default/production/_ext/1472/euler_angles.o
 .debug_pubnames
                  0x002b81         0x32 build/default/production/_ext/1472/config.o
 .debug_pubnames
                  0x002bb3        0x159 build/default/production/_ext/1472/barometerCntrl.o
 .debug_pubnames
                  0x002d0c         0xba build/default/production/_ext/1472/sonarCntrl.o
 .debug_pubnames
                  0x002dc6         0x7f build/default/production/_ext/1077471063/estAirspeed.o

.debug_ranges
 *(.debug_ranges)

.debug_aranges    0x000000        0x6d0
 *(.debug_aranges)
 .debug_aranges
                  0x000000         0x18 build/default/production/_ext/1077471063/estWind.o
 .debug_aranges
                  0x000018         0x18 build/default/production/_ext/1077471063/estYawDrift.o
 .debug_aranges
                  0x000030         0x18 build/default/production/_ext/1077471063/gpsParseCommon.o
 .debug_aranges
                  0x000048         0x18 build/default/production/_ext/1077471063/gpsParseSTD.o
 .debug_aranges
                  0x000060         0x18 build/default/production/_ext/1077471063/mathlibNAV.o
 .debug_aranges
                  0x000078         0x18 build/default/production/_ext/1077471063/rmat.o
 .debug_aranges
                  0x000090         0x18 build/default/production/_ext/1077471063/libDCM.o
 .debug_aranges
                  0x0000a8         0x18 build/default/production/_ext/1077471063/deadReckoning.o
 .debug_aranges
                  0x0000c0         0x18 build/default/production/_ext/1077471063/fbcl.o
 .debug_aranges
                  0x0000d8         0x18 build/default/production/_ext/1077454706/background.o
 .debug_aranges
                  0x0000f0         0x18 build/default/production/_ext/1077454706/libUDB.o
 .debug_aranges
                  0x000108         0x18 build/default/production/_ext/1077454706/servoOut.o
 .debug_aranges
                  0x000120         0x18 build/default/production/_ext/1077454706/osd.o
 .debug_aranges
                  0x000138         0x18 build/default/production/_ext/1077454706/events.o
 .debug_aranges
                  0x000150         0x18 build/default/production/_ext/1077454706/analog2digital_udb5.o
 .debug_aranges
                  0x000168         0x18 build/default/production/_ext/1077454706/mpu6000.o
 .debug_aranges
                  0x000180         0x18 build/default/production/_ext/1077454706/traps_asm.o
 .debug_aranges
                  0x000198         0x18 build/default/production/_ext/1077454706/mcu.o
 .debug_aranges
                  0x0001b0         0x18 build/default/production/_ext/1077454706/eeprom_udb4.o
 .debug_aranges
                  0x0001c8         0x18 build/default/production/_ext/1077454706/barometer.o
 .debug_aranges
                  0x0001e0         0x18 build/default/production/_ext/1077454706/magnetometer.o
 .debug_aranges
                  0x0001f8         0x18 build/default/production/_ext/1077454706/radioIn.o
 .debug_aranges
                  0x000210         0x18 build/default/production/_ext/1077454706/serialIO.o
 .debug_aranges
                  0x000228         0x18 build/default/production/_ext/1077454706/I2C2.o
 .debug_aranges
                  0x000240         0x20 build/default/production/_ext/1077454706/read.o
 .debug_aranges
                  0x000260         0x18 build/default/production/_ext/1077454706/uart.o
 .debug_aranges
                  0x000278         0x20 build/default/production/_ext/1077454706/write.o
 .debug_aranges
                  0x000298         0x18 build/default/production/_ext/1077454706/analogs.o
 .debug_aranges
                  0x0002b0         0x18 build/default/production/_ext/1077454706/traps.o
 .debug_aranges
                  0x0002c8         0x18 build/default/production/_ext/1077454706/osd_bit.o
 .debug_aranges
                  0x0002e0         0x18 build/default/production/_ext/1077454706/mpu_spi.o
 .debug_aranges
                  0x0002f8         0x18 build/default/production/_ext/1077454706/heartbeat.o
 .debug_aranges
                  0x000310         0x18 build/default/production/_ext/679848855/madd.o
 .debug_aranges
                  0x000328         0x18 build/default/production/_ext/679848855/mmul.o
 .debug_aranges
                  0x000340         0x18 build/default/production/_ext/679848855/mscl.o
 .debug_aranges
                  0x000358         0x18 build/default/production/_ext/679848855/msub.o
 .debug_aranges
                  0x000370         0x18 build/default/production/_ext/679848855/mtrp.o
 .debug_aranges
                  0x000388         0x18 build/default/production/_ext/679848855/vadd.o
 .debug_aranges
                  0x0003a0         0x18 build/default/production/_ext/679848855/vcon.o
 .debug_aranges
                  0x0003b8         0x18 build/default/production/_ext/679848855/vcopy.o
 .debug_aranges
                  0x0003d0         0x18 build/default/production/_ext/679848855/vcor.o
 .debug_aranges
                  0x0003e8         0x18 build/default/production/_ext/679848855/vdot.o
 .debug_aranges
                  0x000400         0x18 build/default/production/_ext/679848855/vmax.o
 .debug_aranges
                  0x000418         0x18 build/default/production/_ext/679848855/vmin.o
 .debug_aranges
                  0x000430         0x18 build/default/production/_ext/679848855/vmul.o
 .debug_aranges
                  0x000448         0x18 build/default/production/_ext/679848855/vneg.o
 .debug_aranges
                  0x000460         0x18 build/default/production/_ext/679848855/vpow.o
 .debug_aranges
                  0x000478         0x18 build/default/production/_ext/679848855/vscl.o
 .debug_aranges
                  0x000490         0x18 build/default/production/_ext/679848855/vsub.o
 .debug_aranges
                  0x0004a8         0x18 build/default/production/_ext/679848855/vzpad.o
 .debug_aranges
                  0x0004c0         0x18 build/default/production/_ext/1472/behavior.o
 .debug_aranges
                  0x0004d8         0x18 build/default/production/_ext/1472/cameraCntrl.o
 .debug_aranges
                  0x0004f0         0x18 build/default/production/_ext/1472/main.o
 .debug_aranges
                  0x000508         0x18 build/default/production/_ext/1472/navigate.o
 .debug_aranges
                  0x000520         0x18 build/default/production/_ext/1472/pitchCntrl.o
 .debug_aranges
                  0x000538         0x18 build/default/production/_ext/1472/rollCntrl.o
 .debug_aranges
                  0x000550         0x18 build/default/production/_ext/1472/servoMix.o
 .debug_aranges
                  0x000568         0x18 build/default/production/_ext/1472/states.o
 .debug_aranges
                  0x000580         0x18 build/default/production/_ext/1472/yawCntrl.o
 .debug_aranges
                  0x000598         0x18 build/default/production/_ext/1472/telemetry.o
 .debug_aranges
                  0x0005b0         0x18 build/default/production/_ext/1472/servoPrepare.o
 .debug_aranges
                  0x0005c8         0x18 build/default/production/_ext/1472/flightplan-logo.o
 .debug_aranges
                  0x0005e0         0x18 build/default/production/_ext/1472/mp_osd.o
 .debug_aranges
                  0x0005f8         0x18 build/default/production/_ext/1472/altitudeCntrl.o
 .debug_aranges
                  0x000610         0x18 build/default/production/_ext/1472/mode_switch.o
 .debug_aranges
                  0x000628         0x18 build/default/production/_ext/1472/airspeedCntrl.o
 .debug_aranges
                  0x000640         0x18 build/default/production/_ext/1472/altitudeCntrlVariable.o
 .debug_aranges
                  0x000658         0x18 build/default/production/_ext/1472/euler_angles.o
 .debug_aranges
                  0x000670         0x18 build/default/production/_ext/1472/config.o
 .debug_aranges
                  0x000688         0x18 build/default/production/_ext/1472/barometerCntrl.o
 .debug_aranges
                  0x0006a0         0x18 build/default/production/_ext/1472/sonarCntrl.o
 .debug_aranges
                  0x0006b8         0x18 build/default/production/_ext/1077471063/estAirspeed.o

.ivt              0x000004         0xfc
                  0x000004          0x4 LONG 0x34c DEFINED (__ReservedTrap0)?ABSOLUTE (__ReservedTrap0):ABSOLUTE (__DefaultInterrupt)
                  0x000006          0x4 LONG 0xbf96 DEFINED (__OscillatorFail)?ABSOLUTE (__OscillatorFail):ABSOLUTE (__DefaultInterrupt)
                  0x000008          0x4 LONG 0xbfc2 DEFINED (__AddressError)?ABSOLUTE (__AddressError):ABSOLUTE (__DefaultInterrupt)
                  0x00000a          0x4 LONG 0xbfe8 DEFINED (__StackError)?ABSOLUTE (__StackError):ABSOLUTE (__DefaultInterrupt)
                  0x00000c          0x4 LONG 0xc00e DEFINED (__MathError)?ABSOLUTE (__MathError):ABSOLUTE (__DefaultInterrupt)
                  0x00000e          0x4 LONG 0xc034 DEFINED (__DMACError)?ABSOLUTE (__DMACError):ABSOLUTE (__DefaultInterrupt)
                  0x000010          0x4 LONG 0x34c DEFINED (__ReservedTrap6)?ABSOLUTE (__ReservedTrap6):ABSOLUTE (__DefaultInterrupt)
                  0x000012          0x4 LONG 0x34c DEFINED (__ReservedTrap7)?ABSOLUTE (__ReservedTrap7):ABSOLUTE (__DefaultInterrupt)
                  0x000014          0x4 LONG 0x34c DEFINED (__INT0Interrupt)?ABSOLUTE (__INT0Interrupt):ABSOLUTE (__DefaultInterrupt)
                  0x000016          0x4 LONG 0xace0 DEFINED (__IC1Interrupt)?ABSOLUTE (__IC1Interrupt):ABSOLUTE (__DefaultInterrupt)
                  0x000018          0x4 LONG 0x34c DEFINED (__OC1Interrupt)?ABSOLUTE (__OC1Interrupt):ABSOLUTE (__DefaultInterrupt)
                  0x00001a          0x4 LONG 0xba2a DEFINED (__T1Interrupt)?ABSOLUTE (__T1Interrupt):ABSOLUTE (__DefaultInterrupt)
                  0x00001c          0x4 LONG 0xb01e DEFINED (__DMA0Interrupt)?ABSOLUTE (__DMA0Interrupt):ABSOLUTE (__DefaultInterrupt)
                  0x00001e          0x4 LONG 0x34c DEFINED (__IC2Interrupt)?ABSOLUTE (__IC2Interrupt):ABSOLUTE (__DefaultInterrupt)
                  0x000020          0x4 LONG 0x34c DEFINED (__OC2Interrupt)?ABSOLUTE (__OC2Interrupt):ABSOLUTE (__DefaultInterrupt)
                  0x000022          0x4 LONG 0x34c DEFINED (__T2Interrupt)?ABSOLUTE (__T2Interrupt):ABSOLUTE (__DefaultInterrupt)
                  0x000024          0x4 LONG 0x34c DEFINED (__T3Interrupt)?ABSOLUTE (__T3Interrupt):ABSOLUTE (__DefaultInterrupt)
                  0x000026          0x4 LONG 0x34c DEFINED (__SPI1ErrInterrupt)?ABSOLUTE (__SPI1ErrInterrupt):ABSOLUTE (__DefaultInterrupt)
                  0x000028          0x4 LONG 0x34c DEFINED (__SPI1Interrupt)?ABSOLUTE (__SPI1Interrupt):ABSOLUTE (__DefaultInterrupt)
                  0x00002a          0x4 LONG 0xa1e6 DEFINED (__U1RXInterrupt)?ABSOLUTE (__U1RXInterrupt):ABSOLUTE (__DefaultInterrupt)
                  0x00002c          0x4 LONG 0xa1ac DEFINED (__U1TXInterrupt)?ABSOLUTE (__U1TXInterrupt):ABSOLUTE (__DefaultInterrupt)
                  0x00002e          0x4 LONG 0x34c DEFINED (__ADC1Interrupt)?ABSOLUTE (__ADC1Interrupt):ABSOLUTE (__DefaultInterrupt)
                  0x000030          0x4 LONG 0x34c DEFINED (__DMA1Interrupt)?ABSOLUTE (__DMA1Interrupt):ABSOLUTE (__DefaultInterrupt)
                  0x000032          0x4 LONG 0x34c DEFINED (__Interrupt15)?ABSOLUTE (__Interrupt15):ABSOLUTE (__DefaultInterrupt)
                  0x000034          0x4 LONG 0x34c DEFINED (__SI2C1Interrupt)?ABSOLUTE (__SI2C1Interrupt):ABSOLUTE (__DefaultInterrupt)
                  0x000036          0x4 LONG 0x34c DEFINED (__MI2C1Interrupt)?ABSOLUTE (__MI2C1Interrupt):ABSOLUTE (__DefaultInterrupt)
                  0x000038          0x4 LONG 0x34c DEFINED (__Interrupt18)?ABSOLUTE (__Interrupt18):ABSOLUTE (__DefaultInterrupt)
                  0x00003a          0x4 LONG 0x34c DEFINED (__CNInterrupt)?ABSOLUTE (__CNInterrupt):ABSOLUTE (__DefaultInterrupt)
                  0x00003c          0x4 LONG 0x34c DEFINED (__INT1Interrupt)?ABSOLUTE (__INT1Interrupt):ABSOLUTE (__DefaultInterrupt)
                  0x00003e          0x4 LONG 0x34c DEFINED (__ADC2Interrupt)?ABSOLUTE (__ADC2Interrupt):ABSOLUTE (__DefaultInterrupt)
                  0x000040          0x4 LONG 0x34c DEFINED (__IC7Interrupt)?ABSOLUTE (__IC7Interrupt):ABSOLUTE (__DefaultInterrupt)
                  0x000042          0x4 LONG 0xac9e DEFINED (__IC8Interrupt)?ABSOLUTE (__IC8Interrupt):ABSOLUTE (__DefaultInterrupt)
                  0x000044          0x4 LONG 0x34c DEFINED (__DMA2Interrupt)?ABSOLUTE (__DMA2Interrupt):ABSOLUTE (__DefaultInterrupt)
                  0x000046          0x4 LONG 0x34c DEFINED (__OC3Interrupt)?ABSOLUTE (__OC3Interrupt):ABSOLUTE (__DefaultInterrupt)
                  0x000048          0x4 LONG 0x34c DEFINED (__OC4Interrupt)?ABSOLUTE (__OC4Interrupt):ABSOLUTE (__DefaultInterrupt)
                  0x00004a          0x4 LONG 0xbb68 DEFINED (__T4Interrupt)?ABSOLUTE (__T4Interrupt):ABSOLUTE (__DefaultInterrupt)
                  0x00004c          0x4 LONG 0xba54 DEFINED (__T5Interrupt)?ABSOLUTE (__T5Interrupt):ABSOLUTE (__DefaultInterrupt)
                  0x00004e          0x4 LONG 0x34c DEFINED (__INT2Interrupt)?ABSOLUTE (__INT2Interrupt):ABSOLUTE (__DefaultInterrupt)
                  0x000050          0x4 LONG 0xa322 DEFINED (__U2RXInterrupt)?ABSOLUTE (__U2RXInterrupt):ABSOLUTE (__DefaultInterrupt)
                  0x000052          0x4 LONG 0xa2e8 DEFINED (__U2TXInterrupt)?ABSOLUTE (__U2TXInterrupt):ABSOLUTE (__DefaultInterrupt)
                  0x000054          0x4 LONG 0x34c DEFINED (__SPI2ErrInterrupt)?ABSOLUTE (__SPI2ErrInterrupt):ABSOLUTE (__DefaultInterrupt)
                  0x000056          0x4 LONG 0xb56a DEFINED (__SPI2Interrupt)?ABSOLUTE (__SPI2Interrupt):ABSOLUTE (__DefaultInterrupt)
                  0x000058          0x4 LONG 0x34c DEFINED (__C1RxRdyInterrupt)?ABSOLUTE (__C1RxRdyInterrupt):ABSOLUTE (__DefaultInterrupt)
                  0x00005a          0x4 LONG 0xaee6 DEFINED (__C1Interrupt)?ABSOLUTE (__C1Interrupt):ABSOLUTE (__DefaultInterrupt)
                  0x00005c          0x4 LONG 0x34c DEFINED (__DMA3Interrupt)?ABSOLUTE (__DMA3Interrupt):ABSOLUTE (__DefaultInterrupt)
                  0x00005e          0x4 LONG 0x34c DEFINED (__IC3Interrupt)?ABSOLUTE (__IC3Interrupt):ABSOLUTE (__DefaultInterrupt)
                  0x000060          0x4 LONG 0x34c DEFINED (__IC4Interrupt)?ABSOLUTE (__IC4Interrupt):ABSOLUTE (__DefaultInterrupt)
                  0x000062          0x4 LONG 0x34c DEFINED (__IC5Interrupt)?ABSOLUTE (__IC5Interrupt):ABSOLUTE (__DefaultInterrupt)
                  0x000064          0x4 LONG 0x34c DEFINED (__IC6Interrupt)?ABSOLUTE (__IC6Interrupt):ABSOLUTE (__DefaultInterrupt)
                  0x000066          0x4 LONG 0x34c DEFINED (__OC5Interrupt)?ABSOLUTE (__OC5Interrupt):ABSOLUTE (__DefaultInterrupt)
                  0x000068          0x4 LONG 0x34c DEFINED (__OC6Interrupt)?ABSOLUTE (__OC6Interrupt):ABSOLUTE (__DefaultInterrupt)
                  0x00006a          0x4 LONG 0x34c DEFINED (__OC7Interrupt)?ABSOLUTE (__OC7Interrupt):ABSOLUTE (__DefaultInterrupt)
                  0x00006c          0x4 LONG 0x34c DEFINED (__OC8Interrupt)?ABSOLUTE (__OC8Interrupt):ABSOLUTE (__DefaultInterrupt)
                  0x00006e          0x4 LONG 0x34c DEFINED (__Interrupt45)?ABSOLUTE (__Interrupt45):ABSOLUTE (__DefaultInterrupt)
                  0x000070          0x4 LONG 0x34c DEFINED (__DMA4Interrupt)?ABSOLUTE (__DMA4Interrupt):ABSOLUTE (__DefaultInterrupt)
                  0x000072          0x4 LONG 0xba72 DEFINED (__T6Interrupt)?ABSOLUTE (__T6Interrupt):ABSOLUTE (__DefaultInterrupt)
                  0x000074          0x4 LONG 0xbab0 DEFINED (__T7Interrupt)?ABSOLUTE (__T7Interrupt):ABSOLUTE (__DefaultInterrupt)
                  0x000076          0x4 LONG 0x34c DEFINED (__SI2C2Interrupt)?ABSOLUTE (__SI2C2Interrupt):ABSOLUTE (__DefaultInterrupt)
                  0x000078          0x4 LONG 0x7b58 DEFINED (__MI2C2Interrupt)?ABSOLUTE (__MI2C2Interrupt):ABSOLUTE (__DefaultInterrupt)
                  0x00007a          0x4 LONG 0x34c DEFINED (__T8Interrupt)?ABSOLUTE (__T8Interrupt):ABSOLUTE (__DefaultInterrupt)
                  0x00007c          0x4 LONG 0x34c DEFINED (__T9Interrupt)?ABSOLUTE (__T9Interrupt):ABSOLUTE (__DefaultInterrupt)
                  0x00007e          0x4 LONG 0xbe40 DEFINED (__INT3Interrupt)?ABSOLUTE (__INT3Interrupt):ABSOLUTE (__DefaultInterrupt)
                  0x000080          0x4 LONG 0x34c DEFINED (__INT4Interrupt)?ABSOLUTE (__INT4Interrupt):ABSOLUTE (__DefaultInterrupt)
                  0x000082          0x4 LONG 0x34c DEFINED (__C2RxRdyInterrupt)?ABSOLUTE (__C2RxRdyInterrupt):ABSOLUTE (__DefaultInterrupt)
                  0x000084          0x4 LONG 0xae7c DEFINED (__C2Interrupt)?ABSOLUTE (__C2Interrupt):ABSOLUTE (__DefaultInterrupt)
                  0x000086          0x4 LONG 0x34c DEFINED (__Interrupt57)?ABSOLUTE (__Interrupt57):ABSOLUTE (__DefaultInterrupt)
                  0x000088          0x4 LONG 0x34c DEFINED (__Interrupt58)?ABSOLUTE (__Interrupt58):ABSOLUTE (__DefaultInterrupt)
                  0x00008a          0x4 LONG 0x34c DEFINED (__DCIErrInterrupt)?ABSOLUTE (__DCIErrInterrupt):ABSOLUTE (__DefaultInterrupt)
                  0x00008c          0x4 LONG 0x34c DEFINED (__DCIInterrupt)?ABSOLUTE (__DCIInterrupt):ABSOLUTE (__DefaultInterrupt)
                  0x00008e          0x4 LONG 0x34c DEFINED (__DMA5Interrupt)?ABSOLUTE (__DMA5Interrupt):ABSOLUTE (__DefaultInterrupt)
                  0x000090          0x4 LONG 0x34c DEFINED (__Interrupt62)?ABSOLUTE (__Interrupt62):ABSOLUTE (__DefaultInterrupt)
                  0x000092          0x4 LONG 0x34c DEFINED (__Interrupt63)?ABSOLUTE (__Interrupt63):ABSOLUTE (__DefaultInterrupt)
                  0x000094          0x4 LONG 0x34c DEFINED (__Interrupt64)?ABSOLUTE (__Interrupt64):ABSOLUTE (__DefaultInterrupt)
                  0x000096          0x4 LONG 0x34c DEFINED (__U1ErrInterrupt)?ABSOLUTE (__U1ErrInterrupt):ABSOLUTE (__DefaultInterrupt)
                  0x000098          0x4 LONG 0x34c DEFINED (__U2ErrInterrupt)?ABSOLUTE (__U2ErrInterrupt):ABSOLUTE (__DefaultInterrupt)
                  0x00009a          0x4 LONG 0x34c DEFINED (__Interrupt67)?ABSOLUTE (__Interrupt67):ABSOLUTE (__DefaultInterrupt)
                  0x00009c          0x4 LONG 0x34c DEFINED (__DMA6Interrupt)?ABSOLUTE (__DMA6Interrupt):ABSOLUTE (__DefaultInterrupt)
                  0x00009e          0x4 LONG 0x34c DEFINED (__DMA7Interrupt)?ABSOLUTE (__DMA7Interrupt):ABSOLUTE (__DefaultInterrupt)
                  0x0000a0          0x4 LONG 0x34c DEFINED (__C1TxReqInterrupt)?ABSOLUTE (__C1TxReqInterrupt):ABSOLUTE (__DefaultInterrupt)
                  0x0000a2          0x4 LONG 0x34c DEFINED (__C2TxReqInterrupt)?ABSOLUTE (__C2TxReqInterrupt):ABSOLUTE (__DefaultInterrupt)
                  0x0000a4          0x4 LONG 0x34c DEFINED (__Interrupt72)?ABSOLUTE (__Interrupt72):ABSOLUTE (__DefaultInterrupt)
                  0x0000a6          0x4 LONG 0x34c DEFINED (__Interrupt73)?ABSOLUTE (__Interrupt73):ABSOLUTE (__DefaultInterrupt)
                  0x0000a8          0x4 LONG 0x34c DEFINED (__Interrupt74)?ABSOLUTE (__Interrupt74):ABSOLUTE (__DefaultInterrupt)
                  0x0000aa          0x4 LONG 0x34c DEFINED (__Interrupt75)?ABSOLUTE (__Interrupt75):ABSOLUTE (__DefaultInterrupt)
                  0x0000ac          0x4 LONG 0x34c DEFINED (__Interrupt76)?ABSOLUTE (__Interrupt76):ABSOLUTE (__DefaultInterrupt)
                  0x0000ae          0x4 LONG 0x34c DEFINED (__Interrupt77)?ABSOLUTE (__Interrupt77):ABSOLUTE (__DefaultInterrupt)
                  0x0000b0          0x4 LONG 0x34c DEFINED (__Interrupt78)?ABSOLUTE (__Interrupt78):ABSOLUTE (__DefaultInterrupt)
                  0x0000b2          0x4 LONG 0x34c DEFINED (__Interrupt79)?ABSOLUTE (__Interrupt79):ABSOLUTE (__DefaultInterrupt)
                  0x0000b4          0x4 LONG 0x34c DEFINED (__Interrupt80)?ABSOLUTE (__Interrupt80):ABSOLUTE (__DefaultInterrupt)
                  0x0000b6          0x4 LONG 0x34c DEFINED (__Interrupt81)?ABSOLUTE (__Interrupt81):ABSOLUTE (__DefaultInterrupt)
                  0x0000b8          0x4 LONG 0x34c DEFINED (__Interrupt82)?ABSOLUTE (__Interrupt82):ABSOLUTE (__DefaultInterrupt)
                  0x0000ba          0x4 LONG 0x34c DEFINED (__Interrupt83)?ABSOLUTE (__Interrupt83):ABSOLUTE (__DefaultInterrupt)
                  0x0000bc          0x4 LONG 0x34c DEFINED (__Interrupt84)?ABSOLUTE (__Interrupt84):ABSOLUTE (__DefaultInterrupt)
                  0x0000be          0x4 LONG 0x34c DEFINED (__Interrupt85)?ABSOLUTE (__Interrupt85):ABSOLUTE (__DefaultInterrupt)
                  0x0000c0          0x4 LONG 0x34c DEFINED (__Interrupt86)?ABSOLUTE (__Interrupt86):ABSOLUTE (__DefaultInterrupt)
                  0x0000c2          0x4 LONG 0x34c DEFINED (__Interrupt87)?ABSOLUTE (__Interrupt87):ABSOLUTE (__DefaultInterrupt)
                  0x0000c4          0x4 LONG 0x34c DEFINED (__Interrupt88)?ABSOLUTE (__Interrupt88):ABSOLUTE (__DefaultInterrupt)
                  0x0000c6          0x4 LONG 0x34c DEFINED (__Interrupt89)?ABSOLUTE (__Interrupt89):ABSOLUTE (__DefaultInterrupt)
                  0x0000c8          0x4 LONG 0x34c DEFINED (__Interrupt90)?ABSOLUTE (__Interrupt90):ABSOLUTE (__DefaultInterrupt)
                  0x0000ca          0x4 LONG 0x34c DEFINED (__Interrupt91)?ABSOLUTE (__Interrupt91):ABSOLUTE (__DefaultInterrupt)
                  0x0000cc          0x4 LONG 0x34c DEFINED (__Interrupt92)?ABSOLUTE (__Interrupt92):ABSOLUTE (__DefaultInterrupt)
                  0x0000ce          0x4 LONG 0x34c DEFINED (__Interrupt93)?ABSOLUTE (__Interrupt93):ABSOLUTE (__DefaultInterrupt)
                  0x0000d0          0x4 LONG 0x34c DEFINED (__Interrupt94)?ABSOLUTE (__Interrupt94):ABSOLUTE (__DefaultInterrupt)