Microchip Technology Inc, vv1_11 (A) 

Tool Name:
  c:\program files (x86)\microchip\xc16\v1.11\bin\bin\..\bin/elf-ld.exe

Command:
  -p33FJ256GP710A \
  -o \
  dist/default/production/MPMTricopter.X.production.elf \
  -Lc:/program files (x86)/microchip/xc16/v1.11/bin/bin/.. \
  -Lc:/program files (x86)/microchip/xc16/v1.11/bin/bin/../../lib \
  -Lc:/program files (x86)/microchip/xc16/v1.11/bin/bin/../../lib/PIC24E \
  -Lc:/program files (x86)/microchip/xc16/v1.11/bin/bin/../../support/PIC24E/gld \
  -Lc:/program files (x86)/microchip/xc16/v1.11/bin/bin/../../lib/PIC24F \
  -Lc:/program files (x86)/microchip/xc16/v1.11/bin/bin/../../support/PIC24F/gld \
  -Lc:/program files (x86)/microchip/xc16/v1.11/bin/bin/../../lib/PIC24H \
  -Lc:/program files (x86)/microchip/xc16/v1.11/bin/bin/../../support/PIC24H/gld \
  -Lc:/program files (x86)/microchip/xc16/v1.11/bin/bin/../../lib/dsPIC30F \
  -Lc:/program files (x86)/microchip/xc16/v1.11/bin/bin/../../support/dsPIC30F/gld \
  -Lc:/program files (x86)/microchip/xc16/v1.11/bin/bin/../../lib/dsPIC33E \
  -Lc:/program files (x86)/microchip/xc16/v1.11/bin/bin/../../support/dsPIC33E/gld \
  -Lc:/program files (x86)/microchip/xc16/v1.11/bin/bin/../../lib/dsPIC33F \
  -Lc:/program files (x86)/microchip/xc16/v1.11/bin/bin/../../support/dsPIC33F/gld \
  build/default/production/_ext/1018724808/deadReckoning.o \
  build/default/production/_ext/1018724808/estWind.o \
  build/default/production/_ext/1018724808/estYawDrift.o \
  build/default/production/_ext/1018724808/gpsParseCommon.o \
  build/default/production/_ext/1018724808/gpsParseMTEK.o \
  build/default/production/_ext/1018724808/gpsParseSTD.o \
  build/default/production/_ext/1018724808/gpsParseUBX.o \
  build/default/production/_ext/1018724808/libDCM.o \
  build/default/production/_ext/1018724808/mathlibNAV.o \
  build/default/production/_ext/1018724808/rmat.o \
  build/default/production/_ext/1018724808/rmat_obj.o \
  build/default/production/_ext/1018724808/gpsParseNMEA.o \
  build/default/production/_ext/1018708451/traps_udb4_asm.o \
  build/default/production/_ext/1018708451/background.o \
  build/default/production/_ext/1018708451/eeprom_udb4.o \
  build/default/production/_ext/1018708451/events.o \
  build/default/production/_ext/1018708451/filters.o \
  build/default/production/_ext/1018708451/I2C_udb4.o \
  build/default/production/_ext/1018708451/libUDB.o \
  build/default/production/_ext/1018708451/magneto_udb4.o \
  build/default/production/_ext/1018708451/mpu6000.o \
  build/default/production/_ext/1018708451/osd.o \
  build/default/production/_ext/1018708451/radioIn_udb4.o \
  build/default/production/_ext/1018708451/spiUtils.o \
  build/default/production/_ext/1018708451/24xxEEPROM.o \
  build/default/production/_ext/682965384/data_services.o \
  build/default/production/_ext/682965384/data_storage.o \
  build/default/production/_ext/682965384/euler_angles.o \
  build/default/production/_ext/682965384/MAVLink.o \
  build/default/production/_ext/682965384/nv_memory_table.o \
  build/default/production/_ext/682965384/parameter_table.o \
  build/default/production/_ext/682965384/states.o \
  build/default/production/_ext/682965384/mode_switch.o \
  build/default/production/_ext/682965384/airspeedCntrl.o \
  build/default/production/_ext/682965384/altitudeCntrl.o \
  build/default/production/_ext/682965384/altitudeCntrlVariable.o \
  build/default/production/_ext/682965384/behavior.o \
  build/default/production/_ext/682965384/cameraCntrl.o \
  build/default/production/_ext/682965384/config_tests.o \
  build/default/production/_ext/682965384/flightplan-logo.o \
  build/default/production/_ext/682965384/flightplan-waypoints.o \
  build/default/production/_ext/682965384/mp_osd.o \
  build/default/production/_ext/682965384/navigate.o \
  build/default/production/_ext/682965384/pitchCntrl.o \
  build/default/production/_ext/682965384/rollCntrl.o \
  build/default/production/_ext/682965384/servoMix.o \
  build/default/production/_ext/682965384/servoPrepare.o \
  build/default/production/_ext/682965384/yawCntrl.o \
  build/default/production/main.o \
  build/default/production/motorCntrl.o \
  build/default/production/telemetry.o \
  build/default/production/servoOut.o \
  build/default/production/serialIO_udb4.o \
  build/default/production/_ext/1018708451/analog2digital_udb4.o \
  --defsym=__MPLAB_BUILD=1 \
  -Tp33FJ256GP710A.gld.00 \
  --heap=0 \
  --check-sections \
  --data-init \
  --pack-data \
  --handles \
  --isr \
  --no-gc-sections \
  --fill-upper=0 \
  --stackguard=16 \
  --library=dsp \
  --library=q \
  --no-force-link \
  --smart-io \
  -Map=dist/default/production/MatrixPilotQuad-udb4.X.production.map \
  -start-group \
  --library=lega-pic30-elf \
  --library=m-elf \
  --library=lega-c-elf \
  -end-group \

Archive member included because of file (symbol)

[...]
Memory Configuration

Name             Origin             Length             Attributes
data             0x000800           0x007800           a !xr
reset            0x000000           0x000004  
ivt              0x000004           0x0000fc  
_reserved        0x000100           0x000004  
aivt             0x000104           0x0000fc  
program          0x000200           0x02a9fe           xr
FBS              0xf80000           0x000002  
FSS              0xf80002           0x000002  
FGS              0xf80004           0x000002  
FOSCSEL          0xf80006           0x000002  
FOSC             0xf80008           0x000002  
FWDT             0xf8000a           0x000002  
FPOR             0xf8000c           0x000002  
FICD             0xf8000e           0x000002  
FUID0            0xf80010           0x000002  
FUID1            0xf80012           0x000002  
FUID2            0xf80014           0x000002  
FUID3            0xf80016           0x000002  
*default*        0x000000           0xffffffff  

Linker script and memory map

LOAD build/default/production/_ext/1018724808/deadReckoning.o
LOAD build/default/production/_ext/1018724808/estWind.o
LOAD build/default/production/_ext/1018724808/estYawDrift.o
LOAD build/default/production/_ext/1018724808/gpsParseCommon.o
LOAD build/default/production/_ext/1018724808/gpsParseMTEK.o
LOAD build/default/production/_ext/1018724808/gpsParseSTD.o
LOAD build/default/production/_ext/1018724808/gpsParseUBX.o
LOAD build/default/production/_ext/1018724808/libDCM.o
LOAD build/default/production/_ext/1018724808/mathlibNAV.o
LOAD build/default/production/_ext/1018724808/rmat.o
LOAD build/default/production/_ext/1018724808/rmat_obj.o
LOAD build/default/production/_ext/1018724808/gpsParseNMEA.o
LOAD build/default/production/_ext/1018708451/traps_udb4_asm.o
LOAD build/default/production/_ext/1018708451/background.o
LOAD build/default/production/_ext/1018708451/eeprom_udb4.o
LOAD build/default/production/_ext/1018708451/events.o
LOAD build/default/production/_ext/1018708451/filters.o
LOAD build/default/production/_ext/1018708451/I2C_udb4.o
LOAD build/default/production/_ext/1018708451/libUDB.o
LOAD build/default/production/_ext/1018708451/magneto_udb4.o
LOAD build/default/production/_ext/1018708451/mpu6000.o
LOAD build/default/production/_ext/1018708451/osd.o
LOAD build/default/production/_ext/1018708451/radioIn_udb4.o
LOAD build/default/production/_ext/1018708451/spiUtils.o
LOAD build/default/production/_ext/1018708451/24xxEEPROM.o
LOAD build/default/production/_ext/682965384/data_services.o
LOAD build/default/production/_ext/682965384/data_storage.o
LOAD build/default/production/_ext/682965384/euler_angles.o
LOAD build/default/production/_ext/682965384/MAVLink.o
LOAD build/default/production/_ext/682965384/nv_memory_table.o
LOAD build/default/production/_ext/682965384/parameter_table.o
LOAD build/default/production/_ext/682965384/states.o
LOAD build/default/production/_ext/682965384/mode_switch.o
LOAD build/default/production/_ext/682965384/airspeedCntrl.o
LOAD build/default/production/_ext/682965384/altitudeCntrl.o
LOAD build/default/production/_ext/682965384/altitudeCntrlVariable.o
LOAD build/default/production/_ext/682965384/behavior.o
LOAD build/default/production/_ext/682965384/cameraCntrl.o
LOAD build/default/production/_ext/682965384/config_tests.o
LOAD build/default/production/_ext/682965384/flightplan-logo.o
LOAD build/default/production/_ext/682965384/flightplan-waypoints.o
LOAD build/default/production/_ext/682965384/mp_osd.o
LOAD build/default/production/_ext/682965384/navigate.o
LOAD build/default/production/_ext/682965384/pitchCntrl.o
LOAD build/default/production/_ext/682965384/rollCntrl.o
LOAD build/default/production/_ext/682965384/servoMix.o
LOAD build/default/production/_ext/682965384/servoPrepare.o
LOAD build/default/production/_ext/682965384/yawCntrl.o
LOAD build/default/production/main.o
LOAD build/default/production/motorCntrl.o
LOAD build/default/production/telemetry.o
LOAD build/default/production/servoOut.o
LOAD build/default/production/serialIO_udb4.o
LOAD build/default/production/_ext/1018708451/analog2digital_udb4.o
                    0x0001                  __MPLAB_BUILD = 0x1
LOAD c:/program files (x86)/microchip/xc16/v1.11/bin/bin/../../lib/dsPIC33F\libp33FJ256GP710A-elf.a
                    0xf80000                  __FBS = 0xf80000
                    0xf80002                  __FSS = 0xf80002
                    0xf80004                  __FGS = 0xf80004
                    0xf80006                  __FOSCSEL = 0xf80006
                    0xf80008                  __FOSC = 0xf80008
                    0xf8000a                  __FWDT = 0xf8000a
                    0xf8000c                  __FPOR = 0xf8000c
                    0xf8000e                  __FICD = 0xf8000e
                    0xf80010                  __FUID0 = 0xf80010
                    0xf80012                  __FUID1 = 0xf80012
                    0xf80014                  __FUID2 = 0xf80014
                    0xf80016                  __FUID3 = 0xf80016
                    0x0004                  __IVT_BASE = 0x4
                    0x0104                  __AIVT_BASE = 0x104
                    0x0800                  __DATA_BASE = 0x800
                    0x7800                  __DATA_LENGTH = 0x7800
                    0x4800                  __YDATA_BASE = 0x4800
                    0x7800                  __DMA_BASE = 0x7800
                    0x7fff                  __DMA_END = 0x7fff
                    0x0200                  __CODE_BASE = 0x200
                    0x2aa00                  __CODE_LENGTH = 0x2aa00

.reset            0x000000          0x4
                  0x000000          0x2 SHORT 0x200 ABSOLUTE (__reset)
                  0x000001          0x2 SHORT 0x4
                  0x000002          0x2 SHORT 0x0 ((ABSOLUTE (__reset) >> 0x10) & 0x7f)
                  0x000003          0x2 SHORT 0x0

.text             0x000200       0x1f68
 *(.init)
 .init            0x000200         0x32 c:/program files (x86)/microchip/xc16/v1.11/bin/bin/../../lib\liblega-pic30-elf.a(crt0_standard.o)
                  0x000200                  __resetPRI
                  0x000200                  __reset
                  0x000222                  __psv_init
 .init            0x000232         0x5e c:/program files (x86)/microchip/xc16/v1.11/bin/bin/../../lib\liblega-pic30-elf.a(data_init_standard.o)
                  0x000232                  __data_init_standard
                  0x000232                  __data_init
 *(.user_init)
 *(.handle)
 .handle          0x000290         0x7c jump_table
 *(.isr*)
 *(.libc)
 .libc            0x00030c         0x2c c:/program files (x86)/microchip/xc16/v1.11/bin/bin/../../lib\liblega-c-elf.a(printf_cdnopuxX.XXeo)
                  0x00030c                  printf_cdnopuxX.XXeo:_prout
                  0x000328                  __printf_cdnopuxX
 .libc            0x000338         0x46 c:/program files (x86)/microchip/xc16/v1.11/bin/bin/../../lib\liblega-c-elf.a(snprintf_cdfFnopuxX.XXeo)
                  0x000338                  snprintf_cdfFnopuxX.XXeo:_prout
                  0x00035a                  __snprintf_cdfFnopuxX
 .libc            0x00037e        0x16e c:/program files (x86)/microchip/xc16/v1.11/bin/bin/../../lib\liblega-c-elf.a(xprintf_cdfFnopuxX.XXeo)
                  0x00037e                  ___Printf_cdnopuxX
                  0x00037e                  ___Printf_cdfFnopuxX
 .libc            0x0004ec        0x2ba c:/program files (x86)/microchip/xc16/v1.11/bin/bin/../../lib\liblega-c-elf.a(xputfld_cdfFnopuxX.XXeo)
                  0x0004ec                  ___Putfld_cdfFnopuxX
                  0x0004ec                  ___Putfld_cdnopuxX
 .libc            0x0007a6        0x274 c:/program files (x86)/microchip/xc16/v1.11/bin/bin/../../lib\liblega-c-elf.a(xldtob_cdfFnopuxX.XXeo)
                  0x0007a6                  ___Ldtob_cdfFnopuxX
 .libc            0x000a1a        0x208 c:/program files (x86)/microchip/xc16/v1.11/bin/bin/../../lib\liblega-c-elf.a(xgenld_cdfFnopuxX.XXeo)
                  0x000a1a                  ___Genld_cdfFnopuxX
 *(.libm)
 *(.libdsp)
 .libdsp          0x000c22         0x1c c:/program files (x86)/microchip/xc16/v1.11/bin/bin/../../lib\libdsp-elf.a(vscl.obj)
                  0x000c22                  _VectorScale
 .libdsp          0x000c3e         0x1e c:/program files (x86)/microchip/xc16/v1.11/bin/bin/../../lib\libdsp-elf.a(vadd.obj)
                  0x000c3e                  _VectorAdd
 .libdsp          0x000c5c         0x1c c:/program files (x86)/microchip/xc16/v1.11/bin/bin/../../lib\libdsp-elf.a(vmul.obj)
                  0x000c5c                  _VectorMultiply
 .libdsp          0x000c78         0x1a c:/program files (x86)/microchip/xc16/v1.11/bin/bin/../../lib\libdsp-elf.a(vdot.obj)
                  0x000c78                  _VectorDotProduct
 .libdsp          0x000c92         0x18 c:/program files (x86)/microchip/xc16/v1.11/bin/bin/../../lib\libdsp-elf.a(vpow.obj)
                  0x000c92                  _VectorPower
 .libdsp          0x000caa         0x20 c:/program files (x86)/microchip/xc16/v1.11/bin/bin/../../lib\libdsp-elf.a(madd.obj)
                  0x000caa                  _MatrixAdd
 .libdsp          0x000cca         0x46 c:/program files (x86)/microchip/xc16/v1.11/bin/bin/../../lib\libdsp-elf.a(mmul.obj)
                  0x000cca                  _MatrixMultiply
 *(.lib*)
 .libperi         0x000d10          0x8 c:/program files (x86)/microchip/xc16/v1.11/bin/bin/../../lib/dsPIC33F\libp33FJ256GP710A-elf.a(CloseSPI1.o)
                  0x000d10                  _CloseSPI1
 .libperi         0x000d18         0x22 c:/program files (x86)/microchip/xc16/v1.11/bin/bin/../../lib/dsPIC33F\libp33FJ256GP710A-elf.a(ConfigIntSPI1.o)
                  0x000d18                  _ConfigIntSPI1
 .libperi         0x000d3a          0x8 c:/program files (x86)/microchip/xc16/v1.11/bin/bin/../../lib/dsPIC33F\libp33FJ256GP710A-elf.a(OpenSPI1.o)
                  0x000d3a                  _OpenSPI1
 .libm.divfs3     0x000d42         0x84 c:/program files (x86)/microchip/xc16/v1.11/bin/bin/../../lib\libm-elf.a(divsf3.eo)
                  0x000d42                  ___divsf3
 .libm.divsi3     0x000dc6         0x1e c:/program files (x86)/microchip/xc16/v1.11/bin/bin/../../lib\libm-elf.a(divsi3.eo)
                  0x000dc6                  ___divsi3
 .libm.gtsf2      0x000de4          0x4 c:/program files (x86)/microchip/xc16/v1.11/bin/bin/../../lib\libm-elf.a(fgtge.eo)
                  0x000de4                  ___gesf2
                  0x000de4                  ___gtsf2
 .libm.fixsfsi    0x000de8         0x42 c:/program files (x86)/microchip/xc16/v1.11/bin/bin/../../lib\libm-elf.a(fixsfsi.eo)
                  0x000de8                  _(float, int, long long, short, float, short, int)
 .libm.floatsisf
                  0x000e2a          0x6 c:/program files (x86)/microchip/xc16/v1.11/bin/bin/../../lib\libm-elf.a(floatsisf.eo)
                  0x000e2a                  ___floatsisf
 .libm.floatunsisf
                  0x000e30          0x4 c:/program files (x86)/microchip/xc16/v1.11/bin/bin/../../lib\libm-elf.a(floatunsisf.eo)
                  0x000e30                  ___floatunsisf
 .libm.fpack      0x000e34         0x4c c:/program files (x86)/microchip/xc16/v1.11/bin/bin/../../lib\libm-elf.a(fpack.eo)
                  0x000e34                  __fpack
 .libm.funpack    0x000e80         0x2a c:/program files (x86)/microchip/xc16/v1.11/bin/bin/../../lib\libm-elf.a(funpack.eo)
                  0x000e80                  __funpack
 .libm.funpack2
                  0x000eaa         0x10 c:/program files (x86)/microchip/xc16/v1.11/bin/bin/../../lib\libm-elf.a(funpack2.eo)
                  0x000eaa                  __funpack2
 .libm.fPropagateNaN
                  0x000eba         0x12 c:/program files (x86)/microchip/xc16/v1.11/bin/bin/../../lib\libm-elf.a(futil.eo)
                  0x000eba                  __fPropagateNaN
 .libm.fbobExit
                  0x000ecc          0x8 c:/program files (x86)/microchip/xc16/v1.11/bin/bin/../../lib\libm-elf.a(futil.eo)
                  0x000ecc                  __fbopExit
 .libm.fbopReturnNaN
                  0x000ed4          0x6 c:/program files (x86)/microchip/xc16/v1.11/bin/bin/../../lib\libm-elf.a(futil.eo)
                  0x000ed4                  __fbopReturnNaN
 .libm.modsi3     0x000eda         0x1e c:/program files (x86)/microchip/xc16/v1.11/bin/bin/../../lib\libm-elf.a(modsi3.eo)
                  0x000eda                  ___modsi3
 .libm.mulsf3     0x000ef8         0x68 c:/program files (x86)/microchip/xc16/v1.11/bin/bin/../../lib\libm-elf.a(mulsf3.eo)
                  0x000ef8                  ___mulsf3
 .libm.udivsi3    0x000f60         0x20 c:/program files (x86)/microchip/xc16/v1.11/bin/bin/../../lib\libm-elf.a(udivsi3.eo)
                  0x000f60                  ___udivsi3
 .libm.umodsi3    0x000f80          0x6 c:/program files (x86)/microchip/xc16/v1.11/bin/bin/../../lib\libm-elf.a(umodsi3.eo)
                  0x000f80                  ___umodsi3
 .libm.fcompare
                  0x000f86         0x36 c:/program files (x86)/microchip/xc16/v1.11/bin/bin/../../lib\libm-elf.a(fcompare.eo)
                  0x000f86                  __fcompare
 .libm.floatdisf
                  0x000fbc         0x20 c:/program files (x86)/microchip/xc16/v1.11/bin/bin/../../lib\libm-elf.a(floatdisf.eo)
                  0x000fbc                  ___floatdisf
 .libm.floatundisf
                  0x000fdc         0x5e c:/program files (x86)/microchip/xc16/v1.11/bin/bin/../../lib\libm-elf.a(floatundisf.eo)
                  0x000fdc                  ___floatundisf
 .libc.memcpy.memcpy
                  0x00103a          0xe c:/program files (x86)/microchip/xc16/v1.11/bin/bin/../../lib\liblega-c-elf.a(memcpy.XXeo)
                  0x00103a                  _memcpy
 .libc.strlen.strlen
                  0x001048         0x10 c:/program files (x86)/microchip/xc16/v1.11/bin/bin/../../lib\liblega-c-elf.a(strlen.XXeo)
                  0x001048                  _strlen
 .libc.div.div    0x001058         0x16 c:/program files (x86)/microchip/xc16/v1.11/bin/bin/../../lib\liblega-c-elf.a(div.XXeo)
                  0x001058                  _div
 .libc.fwrite.fwrite
                  0x00106e         0xa8 c:/program files (x86)/microchip/xc16/v1.11/bin/bin/../../lib\liblega-c-elf.a(fwrite.XXeo)
                  0x00106e                  _fwrite
 .libc.ldiv.ldiv
                  0x001116         0x2a c:/program files (x86)/microchip/xc16/v1.11/bin/bin/../../lib\liblega-c-elf.a(ldiv.XXeo)
                  0x001116                  _ldiv
 .libc.memchr.memchr
                  0x001140         0x12 c:/program files (x86)/microchip/xc16/v1.11/bin/bin/../../lib\liblega-c-elf.a(memchr.XXeo)
                  0x001140                  _memchr
 .libc.strchr.strchr
                  0x001152         0x12 c:/program files (x86)/microchip/xc16/v1.11/bin/bin/../../lib\liblega-c-elf.a(strchr.XXeo)
                  0x001152                  _strchr
 .libc._Fwprep._Fwprep
                  0x001164         0x8e c:/program files (x86)/microchip/xc16/v1.11/bin/bin/../../lib\liblega-c-elf.a(xfwprep.XXeo)
                  0x001164                  __Fwprep
 .libc._LDunscale._LDunscale
                  0x0011f2         0x54 c:/program files (x86)/microchip/xc16/v1.11/bin/bin/../../lib\liblega-c-elf.a(xldunsca.XXeo)
                  0x0011f2                  __LDunscale
 .libc._Litob._Litob
                  0x001246        0x28c c:/program files (x86)/microchip/xc16/v1.11/bin/bin/../../lib\liblega-c-elf.a(xlitob.XXeo)
                  0x001246                  __Litob
 .libc._Puttxt._Puttxt
                  0x0014d2        0x178 c:/program files (x86)/microchip/xc16/v1.11/bin/bin/../../lib\liblega-c-elf.a(xputtxt.XXeo)
                  0x0014d2                  __Puttxt
 .libc._Vacopy._Vacopy
                  0x00164a          0x4 c:/program files (x86)/microchip/xc16/v1.11/bin/bin/../../lib\liblega-c-elf.a(xvacopy.XXeo)
                  0x00164a                  __Vacopy
 .libc.closeallreg.closeallreg
                  0x00164e          0x4 c:/program files (x86)/microchip/xc16/v1.11/bin/bin/../../lib\liblega-c-elf.a(fclose.XXelo)
 .libc._Closreg._Closreg
                  0x001652         0x14 c:/program files (x86)/microchip/xc16/v1.11/bin/bin/../../lib\liblega-c-elf.a(fclose.XXelo)
                  0x001652                  __Closreg
 .libc.fclose.fclose
                  0x001666         0x88 c:/program files (x86)/microchip/xc16/v1.11/bin/bin/../../lib\liblega-c-elf.a(fclose.XXelo)
                  0x001666                  _fclose
 .libc.closeall.closeall
                  0x0016ee         0x18 c:/program files (x86)/microchip/xc16/v1.11/bin/bin/../../lib\liblega-c-elf.a(fclose.XXelo)
                  0x0016ee                  fclose.XXelo:_closeall
 .libc._DNKfflush._DNKfflush
                  0x001706         0x7e c:/program files (x86)/microchip/xc16/v1.11/bin/bin/../../lib\liblega-c-elf.a(fflush.XXelo)
                  0x001706                  __DNKfflush
 .libc._Atexit._Atexit
                  0x001784         0x1c c:/program files (x86)/microchip/xc16/v1.11/bin/bin/../../lib\liblega-c-elf.a(xatexit.XXelo)
                  0x001784                  __Atexit
 .libc._Dnorm._Dnorm
                  0x0017a0         0x9a c:/program files (x86)/microchip/xc16/v1.11/bin/bin/../../lib\liblega-c-elf.a(xdnorm.XXelo)
                  0x0017a0                  __Dnorm
 .libc.free.free
                  0x00183a         0x64 c:/program files (x86)/microchip/xc16/v1.11/bin/bin/../../lib\liblega-c-elf.a(free.XXeo)
                  0x00183a                  _free
 .libc.findmem.findmem
                  0x00189e         0x64 c:/program files (x86)/microchip/xc16/v1.11/bin/bin/../../lib\liblega-c-elf.a(malloc.XXeo)
 .libc.malloc.malloc
                  0x001902         0x54 c:/program files (x86)/microchip/xc16/v1.11/bin/bin/../../lib\liblega-c-elf.a(malloc.XXeo)
                  0x001902                  _malloc
 .libc._Getmem._Getmem
                  0x001956         0x14 c:/program files (x86)/microchip/xc16/v1.11/bin/bin/../../lib\liblega-c-elf.a(xgetmem.XXeo)
                  0x001956                  __Getmem
 .libc.sbrk       0x00196a         0x28 c:/program files (x86)/microchip/xc16/v1.11/bin/bin/../../lib\liblega-pic30-elf.a(sbrk.Leo)
                  0x00196a                  _sbrk
 .libc.brk        0x001992         0x1c c:/program files (x86)/microchip/xc16/v1.11/bin/bin/../../lib\liblega-pic30-elf.a(brk.Lelo)
                  0x001992                  _brk
 .libc.doclose.doclose
                  0x0019ae          0x4 c:/program files (x86)/microchip/xc16/v1.11/bin/bin/../../lib\liblega-pic30-elf.a(close.Leo)
 .libc.close      0x0019b2         0x12 c:/program files (x86)/microchip/xc16/v1.11/bin/bin/../../lib\liblega-pic30-elf.a(close.Leo)
                  0x0019b2                  _close
 .libc.dowrite.dowrite
                  0x0019c4          0x4 c:/program files (x86)/microchip/xc16/v1.11/bin/bin/../../lib\liblega-pic30-elf.a(write.Leo)
 .libc.write      0x0019c8         0x5e c:/program files (x86)/microchip/xc16/v1.11/bin/bin/../../lib\liblega-pic30-elf.a(write.Leo)
                  0x0019c8                  _write
 .libc.doremove.doremove
                  0x001a26          0x4 c:/program files (x86)/microchip/xc16/v1.11/bin/bin/../../lib\liblega-pic30-elf.a(remove.Leo)
 .libc.remove     0x001a2a         0x12 c:/program files (x86)/microchip/xc16/v1.11/bin/bin/../../lib\liblega-pic30-elf.a(remove.Leo)
                  0x001a2a                  _remove
 .libm.eqdf2      0x001a3c          0xa c:/program files (x86)/microchip/xc16/v1.11/bin/bin/../../lib\libm-elf.a(deqltle.eo)
                  0x001a3c                  ___eqdf2
                  0x001a3c                  ___ltdf2
                  0x001a3c                  ___ledf2
 .libm.gtdf2      0x001a46          0xa c:/program files (x86)/microchip/xc16/v1.11/bin/bin/../../lib\libm-elf.a(dgtge.eo)
                  0x001a46                  ___gtdf2
                  0x001a46                  ___gedf2
 .libm.divdf3     0x001a50         0xb4 c:/program files (x86)/microchip/xc16/v1.11/bin/bin/../../lib\libm-elf.a(divdf3.eo)
                  0x001a50                  ___divdf3
 .libm.dpack      0x001b04         0x58 c:/program files (x86)/microchip/xc16/v1.11/bin/bin/../../lib\libm-elf.a(dpack.eo)
                  0x001b04                  __dpack
 .libm.dunpack2
                  0x001b5c         0x32 c:/program files (x86)/microchip/xc16/v1.11/bin/bin/../../lib\libm-elf.a(dunpack2.eo)
                  0x001b5c                  __dunpack2
                  0x001b7e                  __dreturnNaN
                  0x001b84                  __dunpack2exit
 .libm.extendsfdf2
                  0x001b8e         0x3e c:/program files (x86)/microchip/xc16/v1.11/bin/bin/../../lib\libm-elf.a(extendsfdf.eo)
                  0x001b8e                  ___extendsfdf2
 .libm.fixdfsi    0x001bcc         0x58 c:/program files (x86)/microchip/xc16/v1.11/bin/bin/../../lib\libm-elf.a(fixdfsi.eo)
                  0x001bcc                  _(float, int, long long, double, float, short, int)
 .libm.floatsidf
                  0x001c24          0x6 c:/program files (x86)/microchip/xc16/v1.11/bin/bin/../../lib\libm-elf.a(floatsidf.eo)
                  0x001c24                  ___floatsidf
 .libm.muldf3     0x001c2a         0xea c:/program files (x86)/microchip/xc16/v1.11/bin/bin/../../lib\libm-elf.a(muldf3.eo)
                  0x001c2a                  ___muldf3
 .libm.subdf3     0x001d14          0x4 c:/program files (x86)/microchip/xc16/v1.11/bin/bin/../../lib\libm-elf.a(subdf3.eo)
                  0x001d14                  ___subdf3
 .libm.mulsi3     0x001d18          0xc c:/program files (x86)/microchip/xc16/v1.11/bin/bin/../../lib\libm-elf.a(mulsi3.eo)
                  0x001d18                  ___mulp32peds3
                  0x001d18                  ___mulsi3
                  0x001d18                  ___mulp32eds3
 .libm.__PplusBdi.__PplusBdi
                  0x001d24         0x28 c:/program files (x86)/microchip/xc16/v1.11/bin/bin/../../lib\libm-elf.a(divmoddi3.eo)
 .libm.__PminusBdi.__PminusBdi
                  0x001d4c         0x30 c:/program files (x86)/microchip/xc16/v1.11/bin/bin/../../lib\libm-elf.a(divmoddi3.eo)
 .libm.__udivmoddi3.__udivmoddi3
                  0x001d7c         0xc4 c:/program files (x86)/microchip/xc16/v1.11/bin/bin/../../lib\libm-elf.a(divmoddi3.eo)
                  0x001d7c                  ___udivmoddi3
 .libm.__udivdi3.__udivdi3
                  0x001e40          0xe c:/program files (x86)/microchip/xc16/v1.11/bin/bin/../../lib\libm-elf.a(divmoddi3.eo)
                  0x001e40                  ___udivdi3
 .libm.__umoddi3.__umoddi3
                  0x001e4e          0x8 c:/program files (x86)/microchip/xc16/v1.11/bin/bin/../../lib\libm-elf.a(divmoddi3.eo)
                  0x001e4e                  ___umoddi3
 .libm.__divdi3.__divdi3
                  0x001e56         0x66 c:/program files (x86)/microchip/xc16/v1.11/bin/bin/../../lib\libm-elf.a(divmoddi3.eo)
                  0x001e56                  ___divdi3
 .libm.__moddi3.__moddi3
                  0x001ebc         0x5c c:/program files (x86)/microchip/xc16/v1.11/bin/bin/../../lib\libm-elf.a(divmoddi3.eo)
                  0x001ebc                  ___moddi3
 .libm.adddf3     0x001f18         0xfa c:/program files (x86)/microchip/xc16/v1.11/bin/bin/../../lib\libm-elf.a(adddf3.eo)
                  0x001f18                  ___adddf3
 .libm.dcompare
                  0x002012         0x52 c:/program files (x86)/microchip/xc16/v1.11/bin/bin/../../lib\libm-elf.a(dcompare.eo)
                  0x002012                  __dcompare
 .libm.dPropagateNaN
                  0x002064         0x1c c:/program files (x86)/microchip/xc16/v1.11/bin/bin/../../lib\libm-elf.a(dpropagateNaN.eo)
                  0x002064                  __dPropagateNaN
 .libm.dtype      0x002080         0x24 c:/program files (x86)/microchip/xc16/v1.11/bin/bin/../../lib\libm-elf.a(dtype.eo)
                  0x002080                  __dtype
 .libm.dunpack    0x0020a4         0x4e c:/program files (x86)/microchip/xc16/v1.11/bin/bin/../../lib\libm-elf.a(dunpack.eo)
                  0x0020a4                  __dunpack
 .libm.floatdidf
                  0x0020f2         0x20 c:/program files (x86)/microchip/xc16/v1.11/bin/bin/../../lib\libm-elf.a(floatdidf.eo)
                  0x0020f2                  ___floatdidf
 .libm.floatundidf
                  0x002112         0x56 c:/program files (x86)/microchip/xc16/v1.11/bin/bin/../../lib\libm-elf.a(floatundidf.eo)
                  0x002112                  ___floatundidf

usercode
 *(usercode)

__FBS
 *(__FBS.sec*)

__FSS
 *(__FSS.sec*)

__FGS             0xf80004          0x2
 *(__FGS.sec*)
 __FGS.sec        0xf80004          0x2 FGS
                  0xf80004                  __FGS.sec

__FOSCSEL         0xf80006          0x2
 *(__FOSCSEL.sec*)
 __FOSCSEL.sec    0xf80006          0x2 build/default/production/_ext/1018708451/libUDB.o

__FOSC            0xf80008          0x2
 *(__FOSC.sec*)
 __FOSC.sec       0xf80008          0x2 build/default/production/_ext/1018708451/libUDB.o

__FWDT            0xf8000a          0x2
 *(__FWDT.sec*)
 __FWDT.sec       0xf8000a          0x2 build/default/production/_ext/1018708451/libUDB.o

__FPOR            0xf8000c          0x2
 *(__FPOR.sec*)
 __FPOR.sec       0xf8000c          0x2 build/default/production/_ext/1018708451/libUDB.o

__FICD            0xf8000e          0x2
 *(__FICD.sec*)
 __FICD.sec       0xf8000e          0x2 build/default/production/_ext/1018708451/libUDB.o

__FUID0
 *(__FUID0.sec*)

__FUID1
 *(__FUID1.sec*)

__FUID2
 *(__FUID2.sec*)

__FUID3
 *(__FUID3.sec*)

.comment          0x000000         0x5e
 *(.comment)
 .comment         0x000000         0x5e c:/program files (x86)/microchip/xc16/v1.11/bin/bin/../../lib\liblega-c-elf.a(xfiles.XXeo)

.debug_info       0x000000      0x20ecf
 *(.debug_info)
 .debug_info      0x000000        0xaf6 build/default/production/_ext/1018724808/deadReckoning.o
 .debug_info      0x000af6        0x463 build/default/production/_ext/1018724808/estWind.o
 .debug_info      0x000f59        0x6c7 build/default/production/_ext/1018724808/estYawDrift.o
 .debug_info      0x001620       0x1016 build/default/production/_ext/1018724808/gpsParseCommon.o
 .debug_info      0x002636        0x3d5 build/default/production/_ext/1018724808/gpsParseMTEK.o
 .debug_info      0x002a0b        0x3d4 build/default/production/_ext/1018724808/gpsParseSTD.o
 .debug_info      0x002ddf        0x3d4 build/default/production/_ext/1018724808/gpsParseUBX.o
 .debug_info      0x0031b3        0x918 build/default/production/_ext/1018724808/libDCM.o
 .debug_info      0x003acb        0x91c build/default/production/_ext/1018724808/mathlibNAV.o
 .debug_info      0x0043e7        0xfbc build/default/production/_ext/1018724808/rmat.o
 .debug_info      0x0053a3        0x363 build/default/production/_ext/1018724808/rmat_obj.o
 .debug_info      0x005706        0xf88 build/default/production/_ext/1018724808/gpsParseNMEA.o
 .debug_info      0x00668e         0xaa build/default/production/_ext/1018708451/traps_udb4_asm.o
 .debug_info      0x006738       0x20a5 build/default/production/_ext/1018708451/background.o
 .debug_info      0x0087dd        0xf4a build/default/production/_ext/1018708451/eeprom_udb4.o
 .debug_info      0x009727       0x1146 build/default/production/_ext/1018708451/events.o
 .debug_info      0x00a86d        0x25f build/default/production/_ext/1018708451/filters.o
 .debug_info      0x00aacc        0x3c8 build/default/production/_ext/1018708451/I2C_udb4.o
 .debug_info      0x00ae94        0xf2c build/default/production/_ext/1018708451/libUDB.o
 .debug_info      0x00bdc0        0x428 build/default/production/_ext/1018708451/magneto_udb4.o
 .debug_info      0x00c1e8       0x136a build/default/production/_ext/1018708451/mpu6000.o
 .debug_info      0x00d552        0x3c3 build/default/production/_ext/1018708451/osd.o
 .debug_info      0x00d915       0x1272 build/default/production/_ext/1018708451/radioIn_udb4.o
 .debug_info      0x00eb87        0x7f9 build/default/production/_ext/1018708451/spiUtils.o
 .debug_info      0x00f380        0x3ca build/default/production/_ext/1018708451/24xxEEPROM.o
 .debug_info      0x00f74a        0x3d2 build/default/production/_ext/682965384/data_services.o
 .debug_info      0x00fb1c        0x3d1 build/default/production/_ext/682965384/data_storage.o
 .debug_info      0x00feed        0x4c2 build/default/production/_ext/682965384/euler_angles.o
 .debug_info      0x0103af        0x3d5 build/default/production/_ext/682965384/MAVLink.o
 .debug_info      0x010784        0x3dd build/default/production/_ext/682965384/nv_memory_table.o
 .debug_info      0x010b61        0x3dd build/default/production/_ext/682965384/parameter_table.o
 .debug_info      0x010f3e        0xb72 build/default/production/_ext/682965384/states.o
 .debug_info      0x011ab0        0x72b build/default/production/_ext/682965384/mode_switch.o
 .debug_info      0x0121db        0x3db build/default/production/_ext/682965384/airspeedCntrl.o
 .debug_info      0x0125b6        0xbe4 build/default/production/_ext/682965384/altitudeCntrl.o
 .debug_info      0x01319a        0x3e3 build/default/production/_ext/682965384/altitudeCntrlVariable.o
 .debug_info      0x01357d        0x8db build/default/production/_ext/682965384/behavior.o
 .debug_info      0x013e58        0x77d build/default/production/_ext/682965384/cameraCntrl.o
 .debug_info      0x0145d5        0x3da build/default/production/_ext/682965384/config_tests.o
 .debug_info      0x0149af        0x3dd build/default/production/_ext/682965384/flightplan-logo.o
 .debug_info      0x014d8c        0xc34 build/default/production/_ext/682965384/flightplan-waypoints.o
 .debug_info      0x0159c0        0x3d4 build/default/production/_ext/682965384/mp_osd.o
 .debug_info      0x015d94        0xe05 build/default/production/_ext/682965384/navigate.o
 .debug_info      0x016b99        0xaed build/default/production/_ext/682965384/pitchCntrl.o
 .debug_info      0x017686        0x94d build/default/production/_ext/682965384/rollCntrl.o
 .debug_info      0x017fd3        0x795 build/default/production/_ext/682965384/servoMix.o
 .debug_info      0x018768        0x509 build/default/production/_ext/682965384/servoPrepare.o
 .debug_info      0x018c71        0xa4c build/default/production/_ext/682965384/yawCntrl.o
 .debug_info      0x0196bd        0x904 build/default/production/main.o
 .debug_info      0x019fc1       0x136d build/default/production/motorCntrl.o
 .debug_info      0x01b32e        0xefb build/default/production/telemetry.o
 .debug_info      0x01c229       0x111e build/default/production/servoOut.o
 .debug_info      0x01d347       0x1c22 build/default/production/serialIO_udb4.o
 .debug_info      0x01ef69       0x1f66 build/default/production/_ext/1018708451/analog2digital_udb4.o
 *(.gnu.linkonce.wi.*)

.debug_abbrev     0x000000       0x3bc6
 *(.debug_abbrev)
 .debug_abbrev    0x000000        0x15a build/default/production/_ext/1018724808/deadReckoning.o
 .debug_abbrev    0x00015a         0xa0 build/default/production/_ext/1018724808/estWind.o
 .debug_abbrev    0x0001fa        0x118 build/default/production/_ext/1018724808/estYawDrift.o
 .debug_abbrev    0x000312        0x194 build/default/production/_ext/1018724808/gpsParseCommon.o
 .debug_abbrev    0x0004a6         0x68 build/default/production/_ext/1018724808/gpsParseMTEK.o
 .debug_abbrev    0x00050e         0x68 build/default/production/_ext/1018724808/gpsParseSTD.o
 .debug_abbrev    0x000576         0x68 build/default/production/_ext/1018724808/gpsParseUBX.o
 .debug_abbrev    0x0005de        0x169 build/default/production/_ext/1018724808/libDCM.o
 .debug_abbrev    0x000747        0x1a7 build/default/production/_ext/1018724808/mathlibNAV.o
 .debug_abbrev    0x0008ee        0x275 build/default/production/_ext/1018724808/rmat.o
 .debug_abbrev    0x000b63         0x68 build/default/production/_ext/1018724808/rmat_obj.o
 .debug_abbrev    0x000bcb        0x1bb build/default/production/_ext/1018724808/gpsParseNMEA.o
 .debug_abbrev    0x000d86         0x14 build/default/production/_ext/1018708451/traps_udb4_asm.o
 .debug_abbrev    0x000d9a        0x1c1 build/default/production/_ext/1018708451/background.o
 .debug_abbrev    0x000f5b        0x12d build/default/production/_ext/1018708451/eeprom_udb4.o
 .debug_abbrev    0x001088        0x1b6 build/default/production/_ext/1018708451/events.o
 .debug_abbrev    0x00123e         0x90 build/default/production/_ext/1018708451/filters.o
 .debug_abbrev    0x0012ce         0x68 build/default/production/_ext/1018708451/I2C_udb4.o
 .debug_abbrev    0x001336        0x23a build/default/production/_ext/1018708451/libUDB.o
 .debug_abbrev    0x001570         0x8b build/default/production/_ext/1018708451/magneto_udb4.o
 .debug_abbrev    0x0015fb        0x136 build/default/production/_ext/1018708451/mpu6000.o
 .debug_abbrev    0x001731         0x68 build/default/production/_ext/1018708451/osd.o
 .debug_abbrev    0x001799        0x1d2 build/default/production/_ext/1018708451/radioIn_udb4.o
 .debug_abbrev    0x00196b         0xdd build/default/production/_ext/1018708451/spiUtils.o
 .debug_abbrev    0x001a48         0x68 build/default/production/_ext/1018708451/24xxEEPROM.o
 .debug_abbrev    0x001ab0         0x68 build/default/production/_ext/682965384/data_services.o
 .debug_abbrev    0x001b18         0x68 build/default/production/_ext/682965384/data_storage.o
 .debug_abbrev    0x001b80         0xd8 build/default/production/_ext/682965384/euler_angles.o
 .debug_abbrev    0x001c58         0x68 build/default/production/_ext/682965384/MAVLink.o
 .debug_abbrev    0x001cc0         0x68 build/default/production/_ext/682965384/nv_memory_table.o
 .debug_abbrev    0x001d28         0x68 build/default/production/_ext/682965384/parameter_table.o
 .debug_abbrev    0x001d90        0x199 build/default/production/_ext/682965384/states.o
 .debug_abbrev    0x001f29        0x120 build/default/production/_ext/682965384/mode_switch.o
 .debug_abbrev    0x002049         0x68 build/default/production/_ext/682965384/airspeedCntrl.o
 .debug_abbrev    0x0020b1        0x1d7 build/default/production/_ext/682965384/altitudeCntrl.o
 .debug_abbrev    0x002288         0x68 build/default/production/_ext/682965384/altitudeCntrlVariable.o
 .debug_abbrev    0x0022f0        0x148 build/default/production/_ext/682965384/behavior.o
 .debug_abbrev    0x002438        0x14c build/default/production/_ext/682965384/cameraCntrl.o
 .debug_abbrev    0x002584         0x68 build/default/production/_ext/682965384/config_tests.o
 .debug_abbrev    0x0025ec         0x68 build/default/production/_ext/682965384/flightplan-logo.o
 .debug_abbrev    0x002654        0x1c5 build/default/production/_ext/682965384/flightplan-waypoints.o
 .debug_abbrev    0x002819         0x68 build/default/production/_ext/682965384/mp_osd.o
 .debug_abbrev    0x002881        0x1c7 build/default/production/_ext/682965384/navigate.o
 .debug_abbrev    0x002a48        0x185 build/default/production/_ext/682965384/pitchCntrl.o
 .debug_abbrev    0x002bcd        0x167 build/default/production/_ext/682965384/rollCntrl.o
 .debug_abbrev    0x002d34        0x13b build/default/production/_ext/682965384/servoMix.o
 .debug_abbrev    0x002e6f         0xd7 build/default/production/_ext/682965384/servoPrepare.o
 .debug_abbrev    0x002f46        0x174 build/default/production/_ext/682965384/yawCntrl.o
 .debug_abbrev    0x0030ba        0x1ea build/default/production/main.o
 .debug_abbrev    0x0032a4        0x1f1 build/default/production/motorCntrl.o
 .debug_abbrev    0x003495        0x233 build/default/production/telemetry.o
 .debug_abbrev    0x0036c8        0x1f3 build/default/production/servoOut.o
 .debug_abbrev    0x0038bb        0x173 build/default/production/serialIO_udb4.o
 .debug_abbrev    0x003a2e        0x198 build/default/production/_ext/1018708451/analog2digital_udb4.o

.debug_line       0x000000       0x9d6b
 *(.debug_line)
 .debug_line      0x000000        0x476 build/default/production/_ext/1018724808/deadReckoning.o
 .debug_line      0x000476         0xb6 build/default/production/_ext/1018724808/estWind.o
 .debug_line      0x00052c        0x1c4 build/default/production/_ext/1018724808/estYawDrift.o
 .debug_line      0x0006f0        0x515 build/default/production/_ext/1018724808/gpsParseCommon.o
 .debug_line      0x000c05         0x85 build/default/production/_ext/1018724808/gpsParseMTEK.o
 .debug_line      0x000c8a         0x85 build/default/production/_ext/1018724808/gpsParseSTD.o
 .debug_line      0x000d0f         0x85 build/default/production/_ext/1018724808/gpsParseUBX.o
 .debug_line      0x000d94        0x31b build/default/production/_ext/1018724808/libDCM.o
 .debug_line      0x0010af        0x67d build/default/production/_ext/1018724808/mathlibNAV.o
 .debug_line      0x00172c        0x76c build/default/production/_ext/1018724808/rmat.o
 .debug_line      0x001e98         0x85 build/default/production/_ext/1018724808/rmat_obj.o
 .debug_line      0x001f1d        0xb63 build/default/production/_ext/1018724808/gpsParseNMEA.o
 .debug_line      0x002a80         0x59 build/default/production/_ext/1018708451/traps_udb4_asm.o
 .debug_line      0x002ad9        0x4d9 build/default/production/_ext/1018708451/background.o
 .debug_line      0x002fb2        0x4a3 build/default/production/_ext/1018708451/eeprom_udb4.o
 .debug_line      0x003455        0x37f build/default/production/_ext/1018708451/events.o
 .debug_line      0x0037d4        0x10c build/default/production/_ext/1018708451/filters.o
 .debug_line      0x0038e0         0x85 build/default/production/_ext/1018708451/I2C_udb4.o
 .debug_line      0x003965        0x32f build/default/production/_ext/1018708451/libUDB.o
 .debug_line      0x003c94         0xa1 build/default/production/_ext/1018708451/magneto_udb4.o
 .debug_line      0x003d35        0x210 build/default/production/_ext/1018708451/mpu6000.o
 .debug_line      0x003f45         0x85 build/default/production/_ext/1018708451/osd.o
 .debug_line      0x003fca        0x297 build/default/production/_ext/1018708451/radioIn_udb4.o
 .debug_line      0x004261        0x2e2 build/default/production/_ext/1018708451/spiUtils.o
 .debug_line      0x004543         0x85 build/default/production/_ext/1018708451/24xxEEPROM.o
 .debug_line      0x0045c8         0x85 build/default/production/_ext/682965384/data_services.o
 .debug_line      0x00464d         0x85 build/default/production/_ext/682965384/data_storage.o
 .debug_line      0x0046d2        0x207 build/default/production/_ext/682965384/euler_angles.o
 .debug_line      0x0048d9         0x85 build/default/production/_ext/682965384/MAVLink.o
 .debug_line      0x00495e         0x85 build/default/production/_ext/682965384/nv_memory_table.o
 .debug_line      0x0049e3         0x85 build/default/production/_ext/682965384/parameter_table.o
 .debug_line      0x004a68        0x74d build/default/production/_ext/682965384/states.o
 .debug_line      0x0051b5        0x2da build/default/production/_ext/682965384/mode_switch.o
 .debug_line      0x00548f         0x85 build/default/production/_ext/682965384/airspeedCntrl.o
 .debug_line      0x005514        0x4c7 build/default/production/_ext/682965384/altitudeCntrl.o
 .debug_line      0x0059db         0x85 build/default/production/_ext/682965384/altitudeCntrlVariable.o
 .debug_line      0x005a60        0x3f7 build/default/production/_ext/682965384/behavior.o
 .debug_line      0x005e57        0x247 build/default/production/_ext/682965384/cameraCntrl.o
 .debug_line      0x00609e         0x85 build/default/production/_ext/682965384/config_tests.o
 .debug_line      0x006123         0x85 build/default/production/_ext/682965384/flightplan-logo.o
 .debug_line      0x0061a8        0x4f3 build/default/production/_ext/682965384/flightplan-waypoints.o
 .debug_line      0x00669b         0x85 build/default/production/_ext/682965384/mp_osd.o
 .debug_line      0x006720        0x5ce build/default/production/_ext/682965384/navigate.o
 .debug_line      0x006cee        0x3dd build/default/production/_ext/682965384/pitchCntrl.o
 .debug_line      0x0070cb        0x2e1 build/default/production/_ext/682965384/rollCntrl.o
 .debug_line      0x0073ac        0x259 build/default/production/_ext/682965384/servoMix.o
 .debug_line      0x007605        0x193 build/default/production/_ext/682965384/servoPrepare.o
 .debug_line      0x007798        0x33b build/default/production/_ext/682965384/yawCntrl.o
 .debug_line      0x007ad3        0x4bd build/default/production/main.o
 .debug_line      0x007f90        0xa06 build/default/production/motorCntrl.o
 .debug_line      0x008996        0x76b build/default/production/telemetry.o
 .debug_line      0x009101        0x32f build/default/production/servoOut.o
 .debug_line      0x009430        0x547 build/default/production/serialIO_udb4.o
 .debug_line      0x009977        0x3f4 build/default/production/_ext/1018708451/analog2digital_udb4.o

.debug_frame      0x000000       0x1534
 *(.debug_frame)
 .debug_frame     0x000000         0x34 build/default/production/_ext/1018724808/deadReckoning.o
 .debug_frame     0x000034         0x24 build/default/production/_ext/1018724808/estWind.o
 .debug_frame     0x000058         0x34 build/default/production/_ext/1018724808/estYawDrift.o
 .debug_frame     0x00008c         0x64 build/default/production/_ext/1018724808/gpsParseCommon.o
 .debug_frame     0x0000f0         0x84 build/default/production/_ext/1018724808/libDCM.o
 .debug_frame     0x000174         0xd4 build/default/production/_ext/1018724808/mathlibNAV.o
 .debug_frame     0x000248         0xe4 build/default/production/_ext/1018724808/rmat.o
 .debug_frame     0x00032c        0x1a4 build/default/production/_ext/1018724808/gpsParseNMEA.o
 .debug_frame     0x0004d0         0x84 build/default/production/_ext/1018708451/background.o
 .debug_frame     0x000554         0xd4 build/default/production/_ext/1018708451/eeprom_udb4.o
 .debug_frame     0x000628         0x74 build/default/production/_ext/1018708451/events.o
 .debug_frame     0x00069c         0x34 build/default/production/_ext/1018708451/filters.o
 .debug_frame     0x0006d0         0x94 build/default/production/_ext/1018708451/libUDB.o
 .debug_frame     0x000764         0xa4 build/default/production/_ext/1018708451/mpu6000.o
 .debug_frame     0x000808         0x44 build/default/production/_ext/1018708451/radioIn_udb4.o
 .debug_frame     0x00084c         0x54 build/default/production/_ext/1018708451/spiUtils.o
 .debug_frame     0x0008a0         0x24 build/default/production/_ext/682965384/euler_angles.o
 .debug_frame     0x0008c4        0x114 build/default/production/_ext/682965384/states.o
 .debug_frame     0x0009d8         0x64 build/default/production/_ext/682965384/mode_switch.o
 .debug_frame     0x000a3c         0x84 build/default/production/_ext/682965384/altitudeCntrl.o
 .debug_frame     0x000ac0         0x84 build/default/production/_ext/682965384/behavior.o
 .debug_frame     0x000b44         0x64 build/default/production/_ext/682965384/cameraCntrl.o
 .debug_frame     0x000ba8        0x184 build/default/production/_ext/682965384/flightplan-waypoints.o
 .debug_frame     0x000d2c         0x94 build/default/production/_ext/682965384/navigate.o
 .debug_frame     0x000dc0         0x44 build/default/production/_ext/682965384/pitchCntrl.o
 .debug_frame     0x000e04         0x44 build/default/production/_ext/682965384/rollCntrl.o
 .debug_frame     0x000e48         0x34 build/default/production/_ext/682965384/servoMix.o
 .debug_frame     0x000e7c         0x24 build/default/production/_ext/682965384/servoPrepare.o
 .debug_frame     0x000ea0         0x44 build/default/production/_ext/682965384/yawCntrl.o
 .debug_frame     0x000ee4         0xc4 build/default/production/main.o
 .debug_frame     0x000fa8        0x104 build/default/production/motorCntrl.o
 .debug_frame     0x0010ac        0x2ec build/default/production/telemetry.o
 .debug_frame     0x001398         0x64 build/default/production/servoOut.o
 .debug_frame     0x0013fc         0xd4 build/default/production/serialIO_udb4.o
 .debug_frame     0x0014d0         0x64 build/default/production/_ext/1018708451/analog2digital_udb4.o

.debug_str        0x000000       0x1cad
 *(.debug_str)
 .debug_str       0x000000        0x1ac build/default/production/_ext/1018724808/deadReckoning.o
 .debug_str       0x0001ac         0x12 build/default/production/_ext/1018724808/estWind.o
 .debug_str       0x0001be         0x6d build/default/production/_ext/1018724808/estYawDrift.o
 .debug_str       0x00022b        0x1f2 build/default/production/_ext/1018724808/gpsParseCommon.o
 .debug_str       0x00041d         0x12 build/default/production/_ext/1018724808/gpsParseMTEK.o
 .debug_str       0x00042f         0x12 build/default/production/_ext/1018724808/gpsParseSTD.o
 .debug_str       0x000441         0x12 build/default/production/_ext/1018724808/gpsParseUBX.o
 .debug_str       0x000453         0x5e build/default/production/_ext/1018724808/libDCM.o
 .debug_str       0x0004b1         0x62 build/default/production/_ext/1018724808/mathlibNAV.o
 .debug_str       0x000513        0x1d4 build/default/production/_ext/1018724808/rmat.o
 .debug_str       0x0006e7         0x12 build/default/production/_ext/1018724808/rmat_obj.o
 .debug_str       0x0006f9         0xe5 build/default/production/_ext/1018724808/gpsParseNMEA.o
 .debug_str       0x0007de        0x153 build/default/production/_ext/1018708451/background.o
 .debug_str       0x000931         0x74 build/default/production/_ext/1018708451/eeprom_udb4.o
 .debug_str       0x0009a5         0xad build/default/production/_ext/1018708451/events.o
 .debug_str       0x000a52         0x12 build/default/production/_ext/1018708451/I2C_udb4.o
 .debug_str       0x000a64         0xb6 build/default/production/_ext/1018708451/libUDB.o
 .debug_str       0x000b1a         0x12 build/default/production/_ext/1018708451/magneto_udb4.o
 .debug_str       0x000b2c         0x9d build/default/production/_ext/1018708451/mpu6000.o
 .debug_str       0x000bc9         0x12 build/default/production/_ext/1018708451/osd.o
 .debug_str       0x000bdb         0xc1 build/default/production/_ext/1018708451/radioIn_udb4.o
 .debug_str       0x000c9c         0x28 build/default/production/_ext/1018708451/spiUtils.o
 .debug_str       0x000cc4         0x12 build/default/production/_ext/1018708451/24xxEEPROM.o
 .debug_str       0x000cd6         0x12 build/default/production/_ext/682965384/data_services.o
 .debug_str       0x000ce8         0x12 build/default/production/_ext/682965384/data_storage.o
 .debug_str       0x000cfa         0x12 build/default/production/_ext/682965384/euler_angles.o
 .debug_str       0x000d0c         0x12 build/default/production/_ext/682965384/MAVLink.o
 .debug_str       0x000d1e         0x12 build/default/production/_ext/682965384/nv_memory_table.o
 .debug_str       0x000d30         0x12 build/default/production/_ext/682965384/parameter_table.o
 .debug_str       0x000d42         0xa9 build/default/production/_ext/682965384/states.o
 .debug_str       0x000deb         0x25 build/default/production/_ext/682965384/mode_switch.o
 .debug_str       0x000e10         0x12 build/default/production/_ext/682965384/airspeedCntrl.o
 .debug_str       0x000e22         0xf8 build/default/production/_ext/682965384/altitudeCntrl.o
 .debug_str       0x000f1a         0x12 build/default/production/_ext/682965384/altitudeCntrlVariable.o
 .debug_str       0x000f2c         0x96 build/default/production/_ext/682965384/behavior.o
 .debug_str       0x000fc2         0xa9 build/default/production/_ext/682965384/cameraCntrl.o
 .debug_str       0x00106b         0x12 build/default/production/_ext/682965384/config_tests.o
 .debug_str       0x00107d         0x12 build/default/production/_ext/682965384/flightplan-logo.o
 .debug_str       0x00108f         0xf2 build/default/production/_ext/682965384/flightplan-waypoints.o
 .debug_str       0x001181         0x12 build/default/production/_ext/682965384/mp_osd.o
 .debug_str       0x001193         0xff build/default/production/_ext/682965384/navigate.o
 .debug_str       0x001292        0x112 build/default/production/_ext/682965384/pitchCntrl.o
 .debug_str       0x0013a4         0x83 build/default/production/_ext/682965384/rollCntrl.o
 .debug_str       0x001427         0x9c build/default/production/_ext/682965384/servoMix.o
 .debug_str       0x0014c3         0x4f build/default/production/_ext/682965384/servoPrepare.o
 .debug_str       0x001512         0xb6 build/default/production/_ext/682965384/yawCntrl.o
 .debug_str       0x0015c8         0xdd build/default/production/main.o
 .debug_str       0x0016a5        0x1ef build/default/production/motorCntrl.o
 .debug_str       0x001894        0x13f build/default/production/telemetry.o
 .debug_str       0x0019d3         0xb7 build/default/production/servoOut.o
 .debug_str       0x001a8a         0xd0 build/default/production/serialIO_udb4.o
 .debug_str       0x001b5a        0x153 build/default/production/_ext/1018708451/analog2digital_udb4.o

.debug_loc
 *(.debug_loc)

.debug_macinfo
 *(.debug_macinfo)

.debug_pubnames
                  0x000000       0x29cd
 *(.debug_pubnames)
 .debug_pubnames
                  0x000000        0x20c build/default/production/_ext/1018724808/deadReckoning.o
 .debug_pubnames
                  0x00020c         0x6c build/default/production/_ext/1018724808/estWind.o
 .debug_pubnames
                  0x000278         0x46 build/default/production/_ext/1018724808/estYawDrift.o
 .debug_pubnames
                  0x0002be        0x338 build/default/production/_ext/1018724808/gpsParseCommon.o
 .debug_pubnames
                  0x0005f6         0xd3 build/default/production/_ext/1018724808/libDCM.o
 .debug_pubnames
                  0x0006c9         0xd5 build/default/production/_ext/1018724808/mathlibNAV.o
 .debug_pubnames
                  0x00079e        0x2e9 build/default/production/_ext/1018724808/rmat.o
 .debug_pubnames
                  0x000a87        0x324 build/default/production/_ext/1018724808/gpsParseNMEA.o
 .debug_pubnames
                  0x000dab         0xf6 build/default/production/_ext/1018708451/background.o
 .debug_pubnames
                  0x000ea1         0xd3 build/default/production/_ext/1018708451/eeprom_udb4.o
 .debug_pubnames
                  0x000f74         0x9d build/default/production/_ext/1018708451/events.o
 .debug_pubnames
                  0x001011         0x32 build/default/production/_ext/1018708451/filters.o
 .debug_pubnames
                  0x001043        0x192 build/default/production/_ext/1018708451/libUDB.o
 .debug_pubnames
                  0x0011d5         0x40 build/default/production/_ext/1018708451/magneto_udb4.o
 .debug_pubnames
                  0x001215         0x73 build/default/production/_ext/1018708451/mpu6000.o
 .debug_pubnames
                  0x001288         0x8e build/default/production/_ext/1018708451/radioIn_udb4.o
 .debug_pubnames
                  0x001316         0x63 build/default/production/_ext/1018708451/spiUtils.o
 .debug_pubnames
                  0x001379         0x2c build/default/production/_ext/682965384/euler_angles.o
 .debug_pubnames
                  0x0013a5        0x178 build/default/production/_ext/682965384/states.o
 .debug_pubnames
                  0x00151d         0xaa build/default/production/_ext/682965384/mode_switch.o
 .debug_pubnames
                  0x0015c7        0x10f build/default/production/_ext/682965384/altitudeCntrl.o
 .debug_pubnames
                  0x0016d6        0x136 build/default/production/_ext/682965384/behavior.o
 .debug_pubnames
                  0x00180c        0x1c1 build/default/production/_ext/682965384/cameraCntrl.o
 .debug_pubnames
                  0x0019cd        0x17a build/default/production/_ext/682965384/flightplan-waypoints.o
 .debug_pubnames
                  0x001b47        0x13f build/default/production/_ext/682965384/navigate.o
 .debug_pubnames
                  0x001c86         0xdd build/default/production/_ext/682965384/pitchCntrl.o
 .debug_pubnames
                  0x001d63         0x8a build/default/production/_ext/682965384/rollCntrl.o
 .debug_pubnames
                  0x001ded         0x65 build/default/production/_ext/682965384/servoMix.o
 .debug_pubnames
                  0x001e52         0x54 build/default/production/_ext/682965384/servoPrepare.o
 .debug_pubnames
                  0x001ea6         0x8b build/default/production/_ext/682965384/yawCntrl.o
 .debug_pubnames
                  0x001f31        0x105 build/default/production/main.o
 .debug_pubnames
                  0x002036        0x577 build/default/production/motorCntrl.o
 .debug_pubnames
                  0x0025ad        0x175 build/default/production/telemetry.o
 .debug_pubnames
                  0x002722         0x8a build/default/production/servoOut.o
 .debug_pubnames
                  0x0027ac        0x131 build/default/production/serialIO_udb4.o
 .debug_pubnames
                  0x0028dd         0xf0 build/default/production/_ext/1018708451/analog2digital_udb4.o

.debug_ranges
 *(.debug_ranges)

.debug_aranges    0x000000        0x360
 *(.debug_aranges)
 .debug_aranges
                  0x000000         0x18 build/default/production/_ext/1018724808/deadReckoning.o
 .debug_aranges
                  0x000018         0x18 build/default/production/_ext/1018724808/estWind.o
 .debug_aranges
                  0x000030         0x18 build/default/production/_ext/1018724808/estYawDrift.o
 .debug_aranges
                  0x000048         0x18 build/default/production/_ext/1018724808/gpsParseCommon.o
 .debug_aranges
                  0x000060         0x18 build/default/production/_ext/1018724808/libDCM.o
 .debug_aranges
                  0x000078         0x18 build/default/production/_ext/1018724808/mathlibNAV.o
 .debug_aranges
                  0x000090         0x18 build/default/production/_ext/1018724808/rmat.o
 .debug_aranges
                  0x0000a8         0x18 build/default/production/_ext/1018724808/gpsParseNMEA.o
 .debug_aranges
                  0x0000c0         0x18 build/default/production/_ext/1018708451/traps_udb4_asm.o
 .debug_aranges
                  0x0000d8         0x18 build/default/production/_ext/1018708451/background.o
 .debug_aranges
                  0x0000f0         0x18 build/default/production/_ext/1018708451/eeprom_udb4.o
 .debug_aranges
                  0x000108         0x18 build/default/production/_ext/1018708451/events.o
 .debug_aranges
                  0x000120         0x18 build/default/production/_ext/1018708451/filters.o
 .debug_aranges
                  0x000138         0x18 build/default/production/_ext/1018708451/libUDB.o
 .debug_aranges
                  0x000150         0x18 build/default/production/_ext/1018708451/mpu6000.o
 .debug_aranges
                  0x000168         0x18 build/default/production/_ext/1018708451/radioIn_udb4.o
 .debug_aranges
                  0x000180         0x18 build/default/production/_ext/1018708451/spiUtils.o
 .debug_aranges
                  0x000198         0x18 build/default/production/_ext/682965384/euler_angles.o
 .debug_aranges
                  0x0001b0         0x18 build/default/production/_ext/682965384/states.o
 .debug_aranges
                  0x0001c8         0x18 build/default/production/_ext/682965384/mode_switch.o
 .debug_aranges
                  0x0001e0         0x18 build/default/production/_ext/682965384/altitudeCntrl.o
 .debug_aranges
                  0x0001f8         0x18 build/default/production/_ext/682965384/behavior.o
 .debug_aranges
                  0x000210         0x18 build/default/production/_ext/682965384/cameraCntrl.o
 .debug_aranges
                  0x000228         0x18 build/default/production/_ext/682965384/flightplan-waypoints.o
 .debug_aranges
                  0x000240         0x18 build/default/production/_ext/682965384/navigate.o
 .debug_aranges
                  0x000258         0x18 build/default/production/_ext/682965384/pitchCntrl.o
 .debug_aranges
                  0x000270         0x18 build/default/production/_ext/682965384/rollCntrl.o
 .debug_aranges
                  0x000288         0x18 build/default/production/_ext/682965384/servoMix.o
 .debug_aranges
                  0x0002a0         0x18 build/default/production/_ext/682965384/servoPrepare.o
 .debug_aranges
                  0x0002b8         0x18 build/default/production/_ext/682965384/yawCntrl.o
 .debug_aranges
                  0x0002d0         0x18 build/default/production/main.o
 .debug_aranges
                  0x0002e8         0x18 build/default/production/motorCntrl.o
 .debug_aranges
                  0x000300         0x18 build/default/production/telemetry.o
 .debug_aranges
                  0x000318         0x18 build/default/production/servoOut.o
 .debug_aranges
                  0x000330         0x18 build/default/production/serialIO_udb4.o
 .debug_aranges
                  0x000348         0x18 build/default/production/_ext/1018708451/analog2digital_udb4.o

.ivt              0x000004         0xfc
                  0x000004          0x4 LONG 0x8194 DEFINED (__ReservedTrap0)?ABSOLUTE (__ReservedTrap0):ABSOLUTE (__DefaultInterrupt)
                  0x000006          0x4 LONG 0x818a DEFINED (__OscillatorFail)?ABSOLUTE (__OscillatorFail):ABSOLUTE (__DefaultInterrupt)
                  0x000008          0x4 LONG 0x8186 DEFINED (__AddressError)?ABSOLUTE (__AddressError):ABSOLUTE (__DefaultInterrupt)
                  0x00000a          0x4 LONG 0x8182 DEFINED (__StackError)?ABSOLUTE (__StackError):ABSOLUTE (__DefaultInterrupt)
                  0x00000c          0x4 LONG 0x817e DEFINED (__MathError)?ABSOLUTE (__MathError):ABSOLUTE (__DefaultInterrupt)
                  0x00000e          0x4 LONG 0x8190 DEFINED (__DMACError)?ABSOLUTE (__DMACError):ABSOLUTE (__DefaultInterrupt)
                  0x000010          0x4 LONG 0x8194 DEFINED (__ReservedTrap6)?ABSOLUTE (__ReservedTrap6):ABSOLUTE (__DefaultInterrupt)
                  0x000012          0x4 LONG 0x8194 DEFINED (__ReservedTrap7)?ABSOLUTE (__ReservedTrap7):ABSOLUTE (__DefaultInterrupt)
                  0x000014          0x4 LONG 0x8194 DEFINED (__INT0Interrupt)?ABSOLUTE (__INT0Interrupt):ABSOLUTE (__DefaultInterrupt)
                  0x000016          0x4 LONG 0x7a18 DEFINED (__IC1Interrupt)?ABSOLUTE (__IC1Interrupt):ABSOLUTE (__DefaultInterrupt)
                  0x000018          0x4 LONG 0x8194 DEFINED (__OC1Interrupt)?ABSOLUTE (__OC1Interrupt):ABSOLUTE (__DefaultInterrupt)
                  0x00001a          0x4 LONG 0x67e4 DEFINED (__T1Interrupt)?ABSOLUTE (__T1Interrupt):ABSOLUTE (__DefaultInterrupt)
                  0x00001c          0x4 LONG 0x8194 DEFINED (__DMA0Interrupt)?ABSOLUTE (__DMA0Interrupt):ABSOLUTE (__DefaultInterrupt)
                  0x00001e          0x4 LONG 0x8194 DEFINED (__IC2Interrupt)?ABSOLUTE (__IC2Interrupt):ABSOLUTE (__DefaultInterrupt)
                  0x000020          0x4 LONG 0x8194 DEFINED (__OC2Interrupt)?ABSOLUTE (__OC2Interrupt):ABSOLUTE (__DefaultInterrupt)
                  0x000022          0x4 LONG 0x8194 DEFINED (__T2Interrupt)?ABSOLUTE (__T2Interrupt):ABSOLUTE (__DefaultInterrupt)
                  0x000024          0x4 LONG 0x72c0 DEFINED (__T3Interrupt)?ABSOLUTE (__T3Interrupt):ABSOLUTE (__DefaultInterrupt)
                  0x000026          0x4 LONG 0x8194 DEFINED (__SPI1ErrInterrupt)?ABSOLUTE (__SPI1ErrInterrupt):ABSOLUTE (__DefaultInterrupt)
                  0x000028          0x4 LONG 0x8194 DEFINED (__SPI1Interrupt)?ABSOLUTE (__SPI1Interrupt):ABSOLUTE (__DefaultInterrupt)
                  0x00002a          0x4 LONG 0x62f0 DEFINED (__U1RXInterrupt)?ABSOLUTE (__U1RXInterrupt):ABSOLUTE (__DefaultInterrupt)
                  0x00002c          0x4 LONG 0x629c DEFINED (__U1TXInterrupt)?ABSOLUTE (__U1TXInterrupt):ABSOLUTE (__DefaultInterrupt)
                  0x00002e          0x4 LONG 0x8194 DEFINED (__ADC1Interrupt)?ABSOLUTE (__ADC1Interrupt):ABSOLUTE (__DefaultInterrupt)
                  0x000030          0x4 LONG 0x8194 DEFINED (__DMA1Interrupt)?ABSOLUTE (__DMA1Interrupt):ABSOLUTE (__DefaultInterrupt)
                  0x000032          0x4 LONG 0x8194 DEFINED (__Interrupt15)?ABSOLUTE (__Interrupt15):ABSOLUTE (__DefaultInterrupt)
                  0x000034          0x4 LONG 0x8194 DEFINED (__SI2C1Interrupt)?ABSOLUTE (__SI2C1Interrupt):ABSOLUTE (__DefaultInterrupt)
                  0x000036          0x4 LONG 0x8194 DEFINED (__MI2C1Interrupt)?ABSOLUTE (__MI2C1Interrupt):ABSOLUTE (__DefaultInterrupt)
                  0x000038          0x4 LONG 0x8194 DEFINED (__Interrupt18)?ABSOLUTE (__Interrupt18):ABSOLUTE (__DefaultInterrupt)
                  0x00003a          0x4 LONG 0x8194 DEFINED (__CNInterrupt)?ABSOLUTE (__CNInterrupt):ABSOLUTE (__DefaultInterrupt)
                  0x00003c          0x4 LONG 0x7db2 DEFINED (__INT1Interrupt)?ABSOLUTE (__INT1Interrupt):ABSOLUTE (__DefaultInterrupt)
                  0x00003e          0x4 LONG 0x7090 DEFINED (__ADC2Interrupt)?ABSOLUTE (__ADC2Interrupt):ABSOLUTE (__DefaultInterrupt)
                  0x000040          0x4 LONG 0x8194 DEFINED (__IC7Interrupt)?ABSOLUTE (__IC7Interrupt):ABSOLUTE (__DefaultInterrupt)
                  0x000042          0x4 LONG 0x8194 DEFINED (__IC8Interrupt)?ABSOLUTE (__IC8Interrupt):ABSOLUTE (__DefaultInterrupt)
                  0x000044          0x4 LONG 0x8194 DEFINED (__DMA2Interrupt)?ABSOLUTE (__DMA2Interrupt):ABSOLUTE (__DefaultInterrupt)
                  0x000046          0x4 LONG 0x8194 DEFINED (__OC3Interrupt)?ABSOLUTE (__OC3Interrupt):ABSOLUTE (__DefaultInterrupt)
                  0x000048          0x4 LONG 0x8194 DEFINED (__OC4Interrupt)?ABSOLUTE (__OC4Interrupt):ABSOLUTE (__DefaultInterrupt)
                  0x00004a          0x4 LONG 0x8194 DEFINED (__T4Interrupt)?ABSOLUTE (__T4Interrupt):ABSOLUTE (__DefaultInterrupt)
                  0x00004c          0x4 LONG 0x68fe DEFINED (__T5Interrupt)?ABSOLUTE (__T5Interrupt):ABSOLUTE (__DefaultInterrupt)
                  0x00004e          0x4 LONG 0x8194 DEFINED (__INT2Interrupt)?ABSOLUTE (__INT2Interrupt):ABSOLUTE (__DefaultInterrupt)
                  0x000050          0x4 LONG 0x6450 DEFINED (__U2RXInterrupt)?ABSOLUTE (__U2RXInterrupt):ABSOLUTE (__DefaultInterrupt)
                  0x000052          0x4 LONG 0x63fc DEFINED (__U2TXInterrupt)?ABSOLUTE (__U2TXInterrupt):ABSOLUTE (__DefaultInterrupt)
                  0x000054          0x4 LONG 0x8194 DEFINED (__SPI2ErrInterrupt)?ABSOLUTE (__SPI2ErrInterrupt):ABSOLUTE (__DefaultInterrupt)
                  0x000056          0x4 LONG 0x8194 DEFINED (__SPI2Interrupt)?ABSOLUTE (__SPI2Interrupt):ABSOLUTE (__DefaultInterrupt)
                  0x000058          0x4 LONG 0x8194 DEFINED (__C1RxRdyInterrupt)?ABSOLUTE (__C1RxRdyInterrupt):ABSOLUTE (__DefaultInterrupt)
                  0x00005a          0x4 LONG 0x6b50 DEFINED (__C1Interrupt)?ABSOLUTE (__C1Interrupt):ABSOLUTE (__DefaultInterrupt)
                  0x00005c          0x4 LONG 0x8194 DEFINED (__DMA3Interrupt)?ABSOLUTE (__DMA3Interrupt):ABSOLUTE (__DefaultInterrupt)
                  0x00005e          0x4 LONG 0x8194 DEFINED (__IC3Interrupt)?ABSOLUTE (__IC3Interrupt):ABSOLUTE (__DefaultInterrupt)
                  0x000060          0x4 LONG 0x8194 DEFINED (__IC4Interrupt)?ABSOLUTE (__IC4Interrupt):ABSOLUTE (__DefaultInterrupt)
                  0x000062          0x4 LONG 0x8194 DEFINED (__IC5Interrupt)?ABSOLUTE (__IC5Interrupt):ABSOLUTE (__DefaultInterrupt)
                  0x000064          0x4 LONG 0x8194 DEFINED (__IC6Interrupt)?ABSOLUTE (__IC6Interrupt):ABSOLUTE (__DefaultInterrupt)
                  0x000066          0x4 LONG 0x8194 DEFINED (__OC5Interrupt)?ABSOLUTE (__OC5Interrupt):ABSOLUTE (__DefaultInterrupt)
                  0x000068          0x4 LONG 0x8194 DEFINED (__OC6Interrupt)?ABSOLUTE (__OC6Interrupt):ABSOLUTE (__DefaultInterrupt)
                  0x00006a          0x4 LONG 0x8194 DEFINED (__OC7Interrupt)?ABSOLUTE (__OC7Interrupt):ABSOLUTE (__DefaultInterrupt)
                  0x00006c          0x4 LONG 0x8194 DEFINED (__OC8Interrupt)?ABSOLUTE (__OC8Interrupt):ABSOLUTE (__DefaultInterrupt)
                  0x00006e          0x4 LONG 0x8194 DEFINED (__Interrupt45)?ABSOLUTE (__Interrupt45):ABSOLUTE (__DefaultInterrupt)
                  0x000070          0x4 LONG 0x8194 DEFINED (__DMA4Interrupt)?ABSOLUTE (__DMA4Interrupt):ABSOLUTE (__DefaultInterrupt)
                  0x000072          0x4 LONG 0x6938 DEFINED (__T6Interrupt)?ABSOLUTE (__T6Interrupt):ABSOLUTE (__DefaultInterrupt)
                  0x000074          0x4 LONG 0x68a8 DEFINED (__T7Interrupt)?ABSOLUTE (__T7Interrupt):ABSOLUTE (__DefaultInterrupt)
                  0x000076          0x4 LONG 0x8194 DEFINED (__SI2C2Interrupt)?ABSOLUTE (__SI2C2Interrupt):ABSOLUTE (__DefaultInterrupt)
                  0x000078          0x4 LONG 0x8194 DEFINED (__MI2C2Interrupt)?ABSOLUTE (__MI2C2Interrupt):ABSOLUTE (__DefaultInterrupt)
                  0x00007a          0x4 LONG 0x8194 DEFINED (__T8Interrupt)?ABSOLUTE (__T8Interrupt):ABSOLUTE (__DefaultInterrupt)
                  0x00007c          0x4 LONG 0x8194 DEFINED (__T9Interrupt)?ABSOLUTE (__T9Interrupt):ABSOLUTE (__DefaultInterrupt)
                  0x00007e          0x4 LONG 0x8194 DEFINED (__INT3Interrupt)?ABSOLUTE (__INT3Interrupt):ABSOLUTE (__DefaultInterrupt)
                  0x000080          0x4 LONG 0x8194 DEFINED (__INT4Interrupt)?ABSOLUTE (__INT4Interrupt):ABSOLUTE (__DefaultInterrupt)
                  0x000082          0x4 LONG 0x8194 DEFINED (__C2RxRdyInterrupt)?ABSOLUTE (__C2RxRdyInterrupt):ABSOLUTE (__DefaultInterrupt)
                  0x000084          0x4 LONG 0x6acc DEFINED (__C2Interrupt)?ABSOLUTE (__C2Interrupt):ABSOLUTE (__DefaultInterrupt)
                  0x000086          0x4 LONG 0x8194 DEFINED (__Interrupt57)?ABSOLUTE (__Interrupt57):ABSOLUTE (__DefaultInterrupt)
                  0x000088          0x4 LONG 0x8194 DEFINED (__Interrupt58)?ABSOLUTE (__Interrupt58):ABSOLUTE (__DefaultInterrupt)
                  0x00008a          0x4 LONG 0x8194 DEFINED (__DCIErrInterrupt)?ABSOLUTE (__DCIErrInterrupt):ABSOLUTE (__DefaultInterrupt)
                  0x00008c          0x4 LONG 0x8194 DEFINED (__DCIInterrupt)?ABSOLUTE (__DCIInterrupt):ABSOLUTE (__DefaultInterrupt)
                  0x00008e          0x4 LONG 0x8194 DEFINED (__DMA5Interrupt)?ABSOLUTE (__DMA5Interrupt):ABSOLUTE (__DefaultInterrupt)
                  0x000090          0x4 LONG 0x8194 DEFINED (__Interrupt62)?ABSOLUTE (__Interrupt62):ABSOLUTE (__DefaultInterrupt)
                  0x000092          0x4 LONG 0x8194 DEFINED (__Interrupt63)?ABSOLUTE (__Interrupt63):ABSOLUTE (__DefaultInterrupt)
                  0x000094          0x4 LONG 0x8194 DEFINED (__Interrupt64)?ABSOLUTE (__Interrupt64):ABSOLUTE (__DefaultInterrupt)
                  0x000096          0x4 LONG 0x8194 DEFINED (__U1ErrInterrupt)?ABSOLUTE (__U1ErrInterrupt):ABSOLUTE (__DefaultInterrupt)
                  0x000098          0x4 LONG 0x8194 DEFINED (__U2ErrInterrupt)?ABSOLUTE (__U2ErrInterrupt):ABSOLUTE (__DefaultInterrupt)
                  0x00009a          0x4 LONG 0x8194 DEFINED (__Interrupt67)?ABSOLUTE (__Interrupt67):ABSOLUTE (__DefaultInterrupt)
                  0x00009c          0x4 LONG 0x8194 DEFINED (__DMA6Interrupt)?ABSOLUTE (__DMA6Interrupt):ABSOLUTE (__DefaultInterrupt)
                  0x00009e          0x4 LONG 0x8194 DEFINED (__DMA7Interrupt)?ABSOLUTE (__DMA7Interrupt):ABSOLUTE (__DefaultInterrupt)
                  0x0000a0          0x4 LONG 0x8194 DEFINED (__C1TxReqInterrupt)?ABSOLUTE (__C1TxReqInterrupt):ABSOLUTE (__DefaultInterrupt)
                  0x0000a2          0x4 LONG 0x8194 DEFINED (__C2TxReqInterrupt)?ABSOLUTE (__C2TxReqInterrupt):ABSOLUTE (__DefaultInterrupt)
                  0x0000a4          0x4 LONG 0x8194 DEFINED (__Interrupt72)?ABSOLUTE (__Interrupt72):ABSOLUTE (__DefaultInterrupt)
                  0x0000a6          0x4 LONG 0x8194 DEFINED (__Interrupt73)?ABSOLUTE (__Interrupt73):ABSOLUTE (__DefaultInterrupt)
                  0x0000a8          0x4 LONG 0x8194 DEFINED (__Interrupt74)?ABSOLUTE (__Interrupt74):ABSOLUTE (__DefaultInterrupt)
                  0x0000aa          0x4 LONG 0x8194 DEFINED (__Interrupt75)?ABSOLUTE (__Interrupt75):ABSOLUTE (__DefaultInterrupt)
                  0x0000ac          0x4 LONG 0x8194 DEFINED (__Interrupt76)?ABSOLUTE (__Interrupt76):ABSOLUTE (__DefaultInterrupt)
                  0x0000ae          0x4 LONG 0x8194 DEFINED (__Interrupt77)?ABSOLUTE (__Interrupt77):ABSOLUTE (__DefaultInterrupt)
                  0x0000b0          0x4 LONG 0x8194 DEFINED (__Interrupt78)?ABSOLUTE (__Interrupt78):ABSOLUTE (__DefaultInterrupt)
                  0x0000b2          0x4 LONG 0x8194 DEFINED (__Interrupt79)?ABSOLUTE (__Interrupt79):ABSOLUTE (__DefaultInterrupt)
                  0x0000b4          0x4 LONG 0x8194 DEFINED (__Interrupt80)?ABSOLUTE (__Interrupt80):ABSOLUTE (__DefaultInterrupt)
                  0x0000b6          0x4 LONG 0x8194 DEFINED (__Interrupt81)?ABSOLUTE (__Interrupt81):ABSOLUTE (__DefaultInterrupt)
                  0x0000b8          0x4 LONG 0x8194 DEFINED (__Interrupt82)?ABSOLUTE (__Interrupt82):ABSOLUTE (__DefaultInterrupt)
                  0x0000ba          0x4 LONG 0x8194 DEFINED (__Interrupt83)?ABSOLUTE (__Interrupt83):ABSOLUTE (__DefaultInterrupt)
                  0x0000bc          0x4 LONG 0x8194 DEFINED (__Interrupt84)?ABSOLUTE (__Interrupt84):ABSOLUTE (__DefaultInterrupt)
                  0x0000be          0x4 LONG 0x8194 DEFINED (__Interrupt85)?ABSOLUTE (__Interrupt85):ABSOLUTE (__DefaultInterrupt)
                  0x0000c0          0x4 LONG 0x8194 DEFINED (__Interrupt86)?ABSOLUTE (__Interrupt86):ABSOLUTE (__DefaultInterrupt)
                  0x0000c2          0x4 LONG 0x8194 DEFINED (__Interrupt87)?ABSOLUTE (__Interrupt87):ABSOLUTE (__DefaultInterrupt)
                  0x0000c4          0x4 LONG 0x8194 DEFINED (__Interrupt88)?ABSOLUTE (__Interrupt88):ABSOLUTE (__DefaultInterrupt)
                  0x0000c6          0x4 LONG 0x8194 DEFINED (__Interrupt89)?ABSOLUTE (__Interrupt89):ABSOLUTE (__DefaultInterrupt)
                  0x0000c8          0x4 LONG 0x8194 DEFINED (__Interrupt90)?ABSOLUTE (__Interrupt90):ABSOLUTE (__DefaultInterrupt)
                  0x0000ca          0x4 LONG 0x8194 DEFINED (__Interrupt91)?ABSOLUTE (__Interrupt91):ABSOLUTE (__DefaultInterrupt)
                  0x0000cc          0x4 LONG 0x8194 DEFINED (__Interrupt92)?ABSOLUTE (__Interrupt92):ABSOLUTE (__DefaultInterrupt)
                  0x0000ce          0x4 LONG 0x8194 DEFINED (__Interrupt93)?ABSOLUTE (__Interrupt93):ABSOLUTE (__DefaultInterrupt)
                  0x0000d0          0x4 LONG 0x8194 DEFINED (__Interrupt94)?ABSOLUTE (__Interrupt94):ABSOLUTE (__DefaultInterrupt)
                  0x0000d2          0x4 LONG 0x8194 DEFINED (__Interrupt95)?ABSOLUTE (__Interrupt95):ABSOLUTE (__DefaultInterrupt)
                  0x0000d4          0x4 LONG 0x8194 DEFINED (__Interrupt96)?ABSOLUTE (__Interrupt96):ABSOLUTE (__DefaultInterrupt)
                  0x0000d6          0x4 LONG 0x8194 DEFINED (__Interrupt97)?ABSOLUTE (__Interrupt97):ABSOLUTE (__DefaultInterrupt)
                  0x0000d8          0x4 LONG 0x8194 DEFINED (__Interrupt98)?ABSOLUTE (__Interrupt98):ABSOLUTE (__DefaultInterrupt)
                  0x0000da          0x4 LONG 0x8194 DEFINED (__Interrupt99)?ABSOLUTE (__Interrupt99):ABSOLUTE (__DefaultInterrupt)
                  0x0000dc          0x4 LONG 0x8194 DEFINED (__Interrupt100)?ABSOLUTE (__Interrupt100):ABSOLUTE (__DefaultInterrupt)
                  0x0000de          0x4 LONG 0x8194 DEFINED (__Interrupt101)?ABSOLUTE (__Interrupt101):ABSOLUTE (__DefaultInterrupt)
                  0x0000e0          0x4 LONG 0x8194 DEFINED (__Interrupt102)?ABSOLUTE (__Interrupt102):ABSOLUTE (__DefaultInterrupt)
                  0x0000e2          0x4 LONG 0x8194 DEFINED (__Interrupt103)?ABSOLUTE (__Interrupt103):ABSOLUTE (__DefaultInterrupt)
                  0x0000e4          0x4 LONG 0x8194 DEFINED (__Interrupt104)?ABSOLUTE (__Interrupt104):ABSOLUTE (__DefaultInterrupt)
                  0x0000e6          0x4 LONG 0x8194 DEFINED (__Interrupt105)?ABSOLUTE (__Interrupt105):ABSOLUTE (__DefaultInterrupt)
                  0x0000e8          0x4 LONG 0x8194 DEFINED (__Interrupt106)?ABSOLUTE (__Interrupt106):ABSOLUTE (__DefaultInterrupt)
                  0x0000ea          0x4 LONG 0x8194 DEFINED (__Interrupt107)?ABSOLUTE (__Interrupt107):ABSOLUTE (__DefaultInterrupt)
                  0x0000ec          0x4 LONG 0x8194 DEFINED (__Interrupt108)?ABSOLUTE (__Interrupt108):ABSOLUTE (__DefaultInterrupt)
                  0x0000ee          0x4 LONG 0x8194 DEFINED (__Interrupt109)?ABSOLUTE (__Interrupt109):ABSOLUTE (__DefaultInterrupt)
                  0x0000f0          0x4 LONG 0x8194 DEFINED (__Interrupt110)?ABSOLUTE (__Interrupt110):ABSOLUTE (__DefaultInterrupt)
                  0x0000f2          0x4 LONG 0x8194 DEFINED (__Interrupt111)?ABSOLUTE (__Interrupt111):ABSOLUTE (__DefaultInterrupt)
                  0x0000f4          0x4 LONG 0x8194 DEFINED (__Interrupt112)?ABSOLUTE (__Interrupt112):ABSOLUTE (__DefaultInterrupt)
                  0x0000f6          0x4 LONG 0x8194 DEFINED (__Interrupt113)?ABSOLUTE (__Interrupt113):ABSOLUTE (__DefaultInterrupt)
                  0x0000f8          0x4 LONG 0x8194 DEFINED (__Interrupt114)?ABSOLUTE (__Interrupt114):ABSOLUTE (__DefaultInterrupt)
                  0x0000fa          0x4 LONG 0x8194 DEFINED (__Interrupt115)?ABSOLUTE (__Interrupt115):ABSOLUTE (__DefaultInterrupt)
                  0x0000fc          0x4 LONG 0x8194 DEFINED (__Interrupt116)?ABSOLUTE (__Interrupt116):ABSOLUTE (__DefaultInterrupt)
                  0x0000fe          0x4 LONG 0x8194 DEFINED (__Interrupt117)?ABSOLUTE (__Interrupt117):ABSOLUTE (__DefaultInterrupt)

.aivt             0x000104         0xfc
                  0x000104          0x4 LONG 0x8194 DEFINED (__AltReservedTrap0)?ABSOLUTE (__AltReservedTrap0):DEFINED (__ReservedTrap0)?ABSOLUTE (__ReservedTrap0):ABSOLUTE (__DefaultInterrupt)
                  0x000106          0x4 LONG 0x818a DEFINED (__AltOscillatorFail)?ABSOLUTE (__AltOscillatorFail):DEFINED (__OscillatorFail)?ABSOLUTE (__OscillatorFail):ABSOLUTE (__DefaultInterrupt)
                  0x000108          0x4 LONG 0x8186 DEFINED (__AltAddressError)?ABSOLUTE (__AltAddressError):DEFINED (__AddressError)?ABSOLUTE (__AddressError):ABSOLUTE (__DefaultInterrupt)
                  0x00010a          0x4 LONG 0x8182 DEFINED (__AltStackError)?ABSOLUTE (__AltStackError):DEFINED (__StackError)?ABSOLUTE (__StackError):ABSOLUTE (__DefaultInterrupt)
                  0x00010c          0x4 LONG 0x817e DEFINED (__AltMathError)?ABSOLUTE (__AltMathError):DEFINED (__MathError)?ABSOLUTE (__MathError):ABSOLUTE (__DefaultInterrupt)
                  0x00010e          0x4 LONG 0x8190 DEFINED (__AltDMACError)?ABSOLUTE (__AltDMACError):DEFINED (__DMACError)?ABSOLUTE (__DMACError):ABSOLUTE (__DefaultInterrupt)
                  0x000110          0x4 LONG 0x8194 DEFINED (__AltReservedTrap6)?ABSOLUTE (__AltReservedTrap6):DEFINED (__ReservedTrap6)?ABSOLUTE (__ReservedTrap6):ABSOLUTE (__DefaultInterrupt)
                  0x000112          0x4 LONG 0x8194 DEFINED (__AltReservedTrap7)?ABSOLUTE (__AltReservedTrap7):DEFINED (__ReservedTrap7)?ABSOLUTE (__ReservedTrap7):ABSOLUTE (__DefaultInterrupt)
                  0x000114          0x4 LONG 0x8194 DEFINED (__AltINT0Interrupt)?ABSOLUTE (__AltINT0Interrupt):DEFINED (__INT0Interrupt)?ABSOLUTE (__INT0Interrupt):ABSOLUTE (__DefaultInterrupt)
                  0x000116          0x4 LONG 0x7a18 DEFINED (__AltIC1Interrupt)?ABSOLUTE (__AltIC1Interrupt):DEFINED (__IC1Interrupt)?ABSOLUTE (__IC1Interrupt):ABSOLUTE (__DefaultInterrupt)
                  0x000118          0x4 LONG 0x8194 DEFINED (__AltOC1Interrupt)?ABSOLUTE (__AltOC1Interrupt):DEFINED (__OC1Interrupt)?ABSOLUTE (__OC1Interrupt):ABSOLUTE (__DefaultInterrupt)
                  0x00011a          0x4 LONG 0x67e4 DEFINED (__AltT1Interrupt)?ABSOLUTE (__AltT1Interrupt):DEFINED (__T1Interrupt)?ABSOLUTE (__T1Interrupt):ABSOLUTE (__DefaultInterrupt)
                  0x00011c          0x4 LONG 0x8194 DEFINED (__AltDMA0Interrupt)?ABSOLUTE (__AltDMA0Interrupt):DEFINED (__DMA0Interrupt)?ABSOLUTE (__DMA0Interrupt):ABSOLUTE (__DefaultInterrupt)
                  0x00011e          0x4 LONG 0x8194 DEFINED (__AltIC2Interrupt)?ABSOLUTE (__AltIC2Interrupt):DEFINED (__IC2Interrupt)?ABSOLUTE (__IC2Interrupt):ABSOLUTE (__DefaultInterrupt)
                  0x000120          0x4 LONG 0x8194 DEFINED (__AltOC2Interrupt)?ABSOLUTE (__AltOC2Interrupt):DEFINED (__OC2Interrupt)?ABSOLUTE (__OC2Interrupt):ABSOLUTE (__DefaultInterrupt)
                  0x000122          0x4 LONG 0x8194 DEFINED (__AltT2Interrupt)?ABSOLUTE (__AltT2Interrupt):DEFINED (__T2Interrupt)?ABSOLUTE (__T2Interrupt):ABSOLUTE (__DefaultInterrupt)
                  0x000124          0x4 LONG 0x72c0 DEFINED (__AltT3Interrupt)?ABSOLUTE (__AltT3Interrupt):DEFINED (__T3Interrupt)?ABSOLUTE (__T3Interrupt):ABSOLUTE (__DefaultInterrupt)
                  0x000126          0x4 LONG 0x8194 DEFINED (__AltSPI1ErrInterrupt)?ABSOLUTE (__AltSPI1ErrInterrupt):DEFINED (__SPI1ErrInterrupt)?ABSOLUTE (__SPI1ErrInterrupt):ABSOLUTE (__DefaultInterrupt)
                  0x000128          0x4 LONG 0x8194 DEFINED (__AltSPI1Interrupt)?ABSOLUTE (__AltSPI1Interrupt):DEFINED (__SPI1Interrupt)?ABSOLUTE (__SPI1Interrupt):ABSOLUTE (__DefaultInterrupt)
                  0x00012a          0x4 LONG 0x62f0 DEFINED (__AltU1RXInterrupt)?ABSOLUTE (__AltU1RXInterrupt):DEFINED (__U1RXInterrupt)?ABSOLUTE (__U1RXInterrupt):ABSOLUTE (__DefaultInterrupt)
                  0x00012c          0x4 LONG 0x629c DEFINED (__AltU1TXInterrupt)?ABSOLUTE (__AltU1TXInterrupt):DEFINED (__U1TXInterrupt)?ABSOLUTE (__U1TXInterrupt):ABSOLUTE (__DefaultInterrupt)
                  0x00012e          0x4 LONG 0x8194 DEFINED (__AltADC1Interrupt)?ABSOLUTE (__AltADC1Interrupt):DEFINED (__ADC1Interrupt)?ABSOLUTE (__ADC1Interrupt):ABSOLUTE (__DefaultInterrupt)
                  0x000130          0x4 LONG 0x8194 DEFINED (__AltDMA1Interrupt)?ABSOLUTE (__AltDMA1Interrupt):DEFINED (__DMA1Interrupt)?ABSOLUTE (__DMA1Interrupt):ABSOLUTE (__DefaultInterrupt)
                  0x000132          0x4 LONG 0x8194 DEFINED (__AltInterrupt15)?ABSOLUTE (__AltInterrupt15):DEFINED (__Interrupt15)?ABSOLUTE (__Interrupt15):ABSOLUTE (__DefaultInterrupt)
                  0x000134          0x4 LONG 0x8194 DEFINED (__AltSI2C1Interrupt)?ABSOLUTE (__AltSI2C1Interrupt):DEFINED (__SI2C1Interrupt)?ABSOLUTE (__SI2C1Interrupt):ABSOLUTE (__DefaultInterrupt)
                  0x000136          0x4 LONG 0x8194 DEFINED (__AltMI2C1Interrupt)?ABSOLUTE (__AltMI2C1Interrupt):DEFINED (__MI2C1Interrupt)?ABSOLUTE (__MI2C1Interrupt):ABSOLUTE (__DefaultInterrupt)
                  0x000138          0x4 LONG 0x8194 DEFINED (__AltInterrupt18)?ABSOLUTE (__AltInterrupt18):DEFINED (__Interrupt18)?ABSOLUTE (__Interrupt18):ABSOLUTE (__DefaultInterrupt)
                  0x00013a          0x4 LONG 0x8194 DEFINED (__AltCNInterrupt)?ABSOLUTE (__AltCNInterrupt):DEFINED (__CNInterrupt)?ABSOLUTE (__CNInterrupt):ABSOLUTE (__DefaultInterrupt)
                  0x00013c          0x4 LONG 0x7db2 DEFINED (__AltINT1Interrupt)?ABSOLUTE (__AltINT1Interrupt):DEFINED (__INT1Interrupt)?ABSOLUTE (__INT1Interrupt):ABSOLUTE (__DefaultInterrupt)
                  0x00013e          0x4 LONG 0x7090 DEFINED (__AltADC2Interrupt)?ABSOLUTE (__AltADC2Interrupt):DEFINED (__ADC2Interrupt)?ABSOLUTE (__ADC2Interrupt):ABSOLUTE (__DefaultInterrupt)
                  0x000140          0x4 LONG 0x8194 DEFINED (__AltIC7Interrupt)?ABSOLUTE (__AltIC7Interrupt):DEFINED (__IC7Interrupt)?ABSOLUTE (__IC7Interrupt):ABSOLUTE (__DefaultInterrupt)
                  0x000142          0x4 LONG 0x8194 DEFINED (__AltIC8Interrupt)?ABSOLUTE (__AltIC8Interrupt):DEFINED (__IC8Interrupt)?ABSOLUTE (__IC8Interrupt):ABSOLUTE (__DefaultInterrupt)
                  0x000144          0x4 LONG 0x8194 DEFINED (__AltDMA2Interrupt)?ABSOLUTE (__AltDMA2Interrupt):DEFINED (__DMA2Interrupt)?ABSOLUTE (__DMA2Interrupt):ABSOLUTE (__DefaultInterrupt)
                  0x000146          0x4 LONG 0x8194 DEFINED (__AltOC3Interrupt)?ABSOLUTE (__AltOC3Interrupt):DEFINED (__OC3Interrupt)?ABSOLUTE (__OC3Interrupt):ABSOLUTE (__DefaultInterrupt)
                  0x000148          0x4 LONG 0x8194 DEFINED (__AltOC4Interrupt)?ABSOLUTE (__AltOC4Interrupt):DEFINED (__OC4Interrupt)?ABSOLUTE (__OC4Interrupt):ABSOLUTE (__DefaultInterrupt)
                  0x00014a          0x4 LONG 0x8194 DEFINED (__AltT4Interrupt)?ABSOLUTE (__AltT4Interrupt):DEFINED (__T4Interrupt)?ABSOLUTE (__T4Interrupt):ABSOLUTE (__DefaultInterrupt)
                  0x00014c          0x4 LONG 0x68fe DEFINED (__AltT5Interrupt)?ABSOLUTE (__AltT5Interrupt):DEFINED (__T5Interrupt)?ABSOLUTE (__T5Interrupt):ABSOLUTE (__DefaultInterrupt)
                  0x00014e          0x4 LONG 0x8194 DEFINED (__AltINT2Interrupt)?ABSOLUTE (__AltINT2Interrupt):DEFINED (__INT2Interrupt)?ABSOLUTE (__INT2Interrupt):ABSOLUTE (__DefaultInterrupt)
                  0x000150          0x4 LONG 0x6450 DEFINED (__AltU2RXInterrupt)?ABSOLUTE (__AltU2RXInterrupt):DEFINED (__U2RXInterrupt)?ABSOLUTE (__U2RXInterrupt):ABSOLUTE (__DefaultInterrupt)
                  0x000152          0x4 LONG 0x63fc DEFINED (__AltU2TXInterrupt)?ABSOLUTE (__AltU2TXInterrupt):DEFINED (__U2TXInterrupt)?ABSOLUTE (__U2TXInterrupt):ABSOLUTE (__DefaultInterrupt)
                  0x000154          0x4 LONG 0x8194 DEFINED (__AltSPI2ErrInterrupt)?ABSOLUTE (__AltSPI2ErrInterrupt):DEFINED (__SPI2ErrInterrupt)?ABSOLUTE (__SPI2ErrInterrupt):ABSOLUTE (__DefaultInterrupt)
                  0x000156          0x4 LONG 0x8194 DEFINED (__AltSPI2Interrupt)?ABSOLUTE (__AltSPI2Interrupt):DEFINED (__SPI2Interrupt)?ABSOLUTE (__SPI2Interrupt):ABSOLUTE (__DefaultInterrupt)
                  0x000158          0x4 LONG 0x8194 DEFINED (__AltC1RxRdyInterrupt)?ABSOLUTE (__AltC1RxRdyInterrupt):DEFINED (__C1RxRdyInterrupt)?ABSOLUTE (__C1RxRdyInterrupt):ABSOLUTE (__DefaultInterrupt)
                  0x00015a          0x4 LONG 0x6b50 DEFINED (__AltC1Interrupt)?ABSOLUTE (__AltC1Interrupt):DEFINED (__C1Interrupt)?ABSOLUTE (__C1Interrupt):ABSOLUTE (__DefaultInterrupt)
                  0x00015c          0x4 LONG 0x8194 DEFINED (__AltDMA3Interrupt)?ABSOLUTE (__AltDMA3Interrupt):DEFINED (__DMA3Interrupt)?ABSOLUTE (__DMA3Interrupt):ABSOLUTE (__DefaultInterrupt)
                  0x00015e          0x4 LONG 0x8194 DEFINED (__AltIC3Interrupt)?ABSOLUTE (__AltIC3Interrupt):DEFINED (__IC3Interrupt)?ABSOLUTE (__IC3Interrupt):ABSOLUTE (__DefaultInterrupt)
                  0x000160          0x4 LONG 0x8194 DEFINED (__AltIC4Interrupt)?ABSOLUTE (__AltIC4Interrupt):DEFINED (__IC4Interrupt)?ABSOLUTE (__IC4Interrupt):ABSOLUTE (__DefaultInterrupt)
                  0x000162          0x4 LONG 0x8194 DEFINED (__AltIC5Interrupt)?ABSOLUTE (__AltIC5Interrupt):DEFINED (__IC5Interrupt)?ABSOLUTE (__IC5Interrupt):ABSOLUTE (__DefaultInterrupt)
                  0x000164          0x4 LONG 0x8194 DEFINED (__AltIC6Interrupt)?ABSOLUTE (__AltIC6Interrupt):DEFINED (__IC6Interrupt)?ABSOLUTE (__IC6Interrupt):ABSOLUTE (__DefaultInterrupt)
                  0x000166          0x4 LONG 0x8194 DEFINED (__AltOC5Interrupt)?ABSOLUTE (__AltOC5Interrupt):DEFINED (__OC5Interrupt)?ABSOLUTE (__OC5Interrupt):ABSOLUTE (__DefaultInterrupt)
                  0x000168          0x4 LONG 0x8194 DEFINED (__AltOC6Interrupt)?ABSOLUTE (__AltOC6Interrupt):DEFINED (__OC6Interrupt)?ABSOLUTE (__OC6Interrupt):ABSOLUTE (__DefaultInterrupt)
                  0x00016a          0x4 LONG 0x8194 DEFINED (__AltOC7Interrupt)?ABSOLUTE (__AltOC7Interrupt):DEFINED (__OC7Interrupt)?ABSOLUTE (__OC7Interrupt):ABSOLUTE (__DefaultInterrupt)
                  0x00016c          0x4 LONG 0x8194 DEFINED (__AltOC8Interrupt)?ABSOLUTE (__AltOC8Interrupt):DEFINED (__OC8Interrupt)?ABSOLUTE (__OC8Interrupt):ABSOLUTE (__DefaultInterrupt)
                  0x00016e          0x4 LONG 0x8194 DEFINED (__AltInterrupt45)?ABSOLUTE (__AltInterrupt45):DEFINED (__Interrupt45)?ABSOLUTE (__Interrupt45):ABSOLUTE (__DefaultInterrupt)
                  0x000170          0x4 LONG 0x8194 DEFINED (__AltDMA4Interrupt)?ABSOLUTE (__AltDMA4Interrupt):DEFINED (__DMA4Interrupt)?ABSOLUTE (__DMA4Interrupt):ABSOLUTE (__DefaultInterrupt)
                  0x000172          0x4 LONG 0x6938 DEFINED (__AltT6Interrupt)?ABSOLUTE (__AltT6Interrupt):DEFINED (__T6Interrupt)?ABSOLUTE (__T6Interrupt):ABSOLUTE (__DefaultInterrupt)
                  0x000174          0x4 LONG 0x68a8 DEFINED (__AltT7Interrupt)?ABSOLUTE (__AltT7Interrupt):DEFINED (__T7Interrupt)?ABSOLUTE (__T7Interrupt):ABSOLUTE (__DefaultInterrupt)
                  0x000176          0x4 LONG 0x8194 DEFINED (__AltSI2C2Interrupt)?ABSOLUTE (__AltSI2C2Interrupt):DEFINED (__SI2C2Interrupt)?ABSOLUTE (__SI2C2Interrupt):ABSOLUTE (__DefaultInterrupt)
                  0x000178          0x4 LONG 0x8194 DEFINED (__AltMI2C2Interrupt)?ABSOLUTE (__AltMI2C2Interrupt):DEFINED (__MI2C2Interrupt)?ABSOLUTE (__MI2C2Interrupt):ABSOLUTE (__DefaultInterrupt)
                  0x00017a          0x4 LONG 0x8194 DEFINED (__AltT8Interrupt)?ABSOLUTE (__AltT8Interrupt):DEFINED (__T8Interrupt)?ABSOLUTE (__T8Interrupt):ABSOLUTE (__DefaultInterrupt)
                  0x00017c          0x4 LONG 0x8194 DEFINED (__AltT9Interrupt)?ABSOLUTE (__AltT9Interrupt):DEFINED (__T9Interrupt)?ABSOLUTE (__T9Interrupt):ABSOLUTE (__DefaultInterrupt)
                  0x00017e          0x4 LONG 0x8194 DEFINED (__AltINT3Interrupt)?ABSOLUTE (__AltINT3Interrupt):DEFINED (__INT3Interrupt)?ABSOLUTE (__INT3Interrupt):ABSOLUTE (__DefaultInterrupt)
                  0x000180          0x4 LONG 0x8194 DEFINED (__AltINT4Interrupt)?ABSOLUTE (__AltINT4Interrupt):DEFINED (__INT4Interrupt)?ABSOLUTE (__INT4Interrupt):ABSOLUTE (__DefaultInterrupt)
                  0x000182          0x4 LONG 0x8194 DEFINED (__AltC2RxRdyInterrupt)?ABSOLUTE (__AltC2RxRdyInterrupt):DEFINED (__C2RxRdyInterrupt)?ABSOLUTE (__C2RxRdyInterrupt):ABSOLUTE (__DefaultInterrupt)
                  0x000184          0x4 LONG 0x6acc DEFINED (__AltC2Interrupt)?ABSOLUTE (__AltC2Interrupt):DEFINED (__C2Interrupt)?ABSOLUTE (__C2Interrupt):ABSOLUTE (__DefaultInterrupt)
                  0x000186          0x4 LONG 0x8194 DEFINED (__AltInterrupt57)?ABSOLUTE (__AltInterrupt57):DEFINED (__Interrupt57)?ABSOLUTE (__Interrupt57):ABSOLUTE (__DefaultInterrupt)
                  0x000188          0x4 LONG 0x8194 DEFINED (__AltInterrupt58)?ABSOLUTE (__AltInterrupt58):DEFINED (__Interrupt58)?ABSOLUTE (__Interrupt58):ABSOLUTE (__DefaultInterrupt)
                  0x00018a          0x4 LONG 0x8194 DEFINED (__AltDCIErrInterrupt)?ABSOLUTE (__AltDCIErrInterrupt):DEFINED (__DCIErrInterrupt)?ABSOLUTE (__DCIErrInterrupt):ABSOLUTE (__DefaultInterrupt)
                  0x00018c          0x4 LONG 0x8194 DEFINED (__AltDCIInterrupt)?ABSOLUTE (__AltDCIInterrupt):DEFINED (__DCIInterrupt)?ABSOLUTE (__DCIInterrupt):ABSOLUTE (__DefaultInterrupt)
                  0x00018e          0x4 LONG 0x8194 DEFINED (__AltDMA5Interrupt)?ABSOLUTE (__AltDMA5Interrupt):DEFINED (__DMA5Interrupt)?ABSOLUTE (__DMA5Interrupt):ABSOLUTE (__DefaultInterrupt)
                  0x000190          0x4 LONG 0x8194 DEFINED (__AltInterrupt62)?ABSOLUTE (__AltInterrupt62):DEFINED (__Interrupt62)?ABSOLUTE (__Interrupt62):ABSOLUTE (__DefaultInterrupt)
                  0x000192          0x4 LONG 0x8194 DEFINED (__AltInterrupt63)?ABSOLUTE (__AltInterrupt63):DEFINED (__Interrupt63)?ABSOLUTE (__Interrupt63):ABSOLUTE (__DefaultInterrupt)
                  0x000194          0x4 LONG 0x8194 DEFINED (__AltInterrupt64)?ABSOLUTE (__AltInterrupt64):DEFINED (__Interrupt64)?ABSOLUTE (__Interrupt64):ABSOLUTE (__DefaultInterrupt)
                  0x000196          0x4 LONG 0x8194 DEFINED (__AltU1ErrInterrupt)?ABSOLUTE (__AltU1ErrInterrupt):DEFINED (__U1ErrInterrupt)?ABSOLUTE (__U1ErrInterrupt):ABSOLUTE (__DefaultInterrupt)
                  0x000198          0x4 LONG 0x8194 DEFINED (__AltU2ErrInterrupt)?ABSOLUTE (__AltU2ErrInterrupt):DEFINED (__U2ErrInterrupt)?ABSOLUTE (__U2ErrInterrupt):ABSOLUTE (__DefaultInterrupt)
                  0x00019a          0x4 LONG 0x8194 DEFINED (__AltInterrupt67)?ABSOLUTE (__AltInterrupt67):DEFINED (__Interrupt67)?ABSOLUTE (__Interrupt67):ABSOLUTE (__DefaultInterrupt)
                  0x00019c          0x4 LONG 0x8194 DEFINED (__AltDMA6Interrupt)?ABSOLUTE (__AltDMA6Interrupt):DEFINED (__DMA6Interrupt)?ABSOLUTE (__DMA6Interrupt):ABSOLUTE (__DefaultInterrupt)
                  0x00019e          0x4 LONG 0x8194 DEFINED (__AltDMA7Interrupt)?ABSOLUTE (__AltDMA7Interrupt):DEFINED (__DMA7Interrupt)?ABSOLUTE (__DMA7Interrupt):ABSOLUTE (__DefaultInterrupt)
                  0x0001a0          0x4 LONG 0x8194 DEFINED (__AltC1TxReqInterrupt)?ABSOLUTE (__AltC1TxReqInterrupt):DEFINED (__C1TxReqInterrupt)?ABSOLUTE (__C1TxReqInterrupt):ABSOLUTE (__DefaultInterrupt)
                  0x0001a2          0x4 LONG 0x8194 DEFINED (__AltC2TxReqInterrupt)?ABSOLUTE (__AltC2TxReqInterrupt):DEFINED (__C2TxReqInterrupt)?ABSOLUTE (__C2TxReqInterrupt):ABSOLUTE (__DefaultInterrupt)
                  0x0001a4          0x4 LONG 0x8194 DEFINED (__AltInterrupt72)?ABSOLUTE (__AltInterrupt72):DEFINED (__Interrupt72)?ABSOLUTE (__Interrupt72):ABSOLUTE (__DefaultInterrupt)
                  0x0001a6          0x4 LONG 0x8194 DEFINED (__AltInterrupt73)?ABSOLUTE (__AltInterrupt73):DEFINED (__Interrupt73)?ABSOLUTE (__Interrupt73):ABSOLUTE (__DefaultInterrupt)
                  0x0001a8          0x4 LONG 0x8194 DEFINED (__AltInterrupt74)?ABSOLUTE (__AltInterrupt74):DEFINED (__Interrupt74)?ABSOLUTE (__Interrupt74):ABSOLUTE (__DefaultInterrupt)
                  0x0001aa          0x4 LONG 0x8194 DEFINED (__AltInterrupt75)?ABSOLUTE (__AltInterrupt75):DEFINED (__Interrupt75)?ABSOLUTE (__Interrupt75):ABSOLUTE (__DefaultInterrupt)
                  0x0001ac          0x4 LONG 0x8194 DEFINED (__AltInterrupt76)?ABSOLUTE (__AltInterrupt76):DEFINED (__Interrupt76)?ABSOLUTE (__Interrupt76):ABSOLUTE (__DefaultInterrupt)
                  0x0001ae          0x4 LONG 0x8194 DEFINED (__AltInterrupt77)?ABSOLUTE (__AltInterrupt77):DEFINED (__Interrupt77)?ABSOLUTE (__Interrupt77):ABSOLUTE (__DefaultInterrupt)
                  0x0001b0          0x4 LONG 0x8194 DEFINED (__AltInterrupt78)?ABSOLUTE (__AltInterrupt78):DEFINED (__Interrupt78)?ABSOLUTE (__Interrupt78):ABSOLUTE (__DefaultInterrupt)
                  0x0001b2          0x4 LONG 0x8194 DEFINED (__AltInterrupt79)?ABSOLUTE (__AltInterrupt79):DEFINED (__Interrupt79)?ABSOLUTE (__Interrupt79):ABSOLUTE (__DefaultInterrupt)
                  0x0001b4          0x4 LONG 0x8194 DEFINED (__AltInterrupt80)?ABSOLUTE (__AltInterrupt80):DEFINED (__Interrupt80)?ABSOLUTE (__Interrupt80):ABSOLUTE (__DefaultInterrupt)
                  0x0001b6          0x4 LONG 0x8194 DEFINED (__AltInterrupt81)?ABSOLUTE (__AltInterrupt81):DEFINED (__Interrupt81)?ABSOLUTE (__Interrupt81):ABSOLUTE (__DefaultInterrupt)
                  0x0001b8          0x4 LONG 0x8194 DEFINED (__AltInterrupt82)?ABSOLUTE (__AltInterrupt82):DEFINED (__Interrupt82)?ABSOLUTE (__Interrupt82):ABSOLUTE (__DefaultInterrupt)
                  0x0001ba          0x4 LONG 0x8194 DEFINED (__AltInterrupt83)?ABSOLUTE (__AltInterrupt83):DEFINED (__Interrupt83)?ABSOLUTE (__Interrupt83):ABSOLUTE (__DefaultInterrupt)
                  0x0001bc          0x4 LONG 0x8194 DEFINED (__AltInterrupt84)?ABSOLUTE (__AltInterrupt84):DEFINED (__Interrupt84)?ABSOLUTE (__Interrupt84):ABSOLUTE (__DefaultInterrupt)
                  0x0001be          0x4 LONG 0x8194 DEFINED (__AltInterrupt85)?ABSOLUTE (__AltInterrupt85):DEFINED (__Interrupt85)?ABSOLUTE (__Interrupt85):ABSOLUTE (__DefaultInterrupt)
                  0x0001c0          0x4 LONG 0x8194 DEFINED (__AltInterrupt86)?ABSOLUTE (__AltInterrupt86):DEFINED (__Interrupt86)?ABSOLUTE (__Interrupt86):ABSOLUTE (__DefaultInterrupt)
                  0x0001c2          0x4 LONG 0x8194 DEFINED (__AltInterrupt87)?ABSOLUTE (__AltInterrupt87):DEFINED (__Interrupt87)?ABSOLUTE (__Interrupt87):ABSOLUTE (__DefaultInterrupt)
                  0x0001c4          0x4 LONG 0x8194 DEFINED (__AltInterrupt88)?ABSOLUTE (__AltInterrupt88):DEFINED (__Interrupt88)?ABSOLUTE (__Interrupt88):ABSOLUTE (__DefaultInterrupt)
                  0x0001c6          0x4 LONG 0x8194 DEFINED (__AltInterrupt89)?ABSOLUTE (__AltInterrupt89):DEFINED (__Interrupt89)?ABSOLUTE (__Interrupt89):ABSOLUTE (__DefaultInterrupt)
                  0x0001c8          0x4 LONG 0x8194 DEFINED (__AltInterrupt90)?ABSOLUTE (__AltInterrupt90):DEFINED (__Interrupt90)?ABSOLUTE (__Interrupt90):ABSOLUTE (__DefaultInterrupt)
                  0x0001ca          0x4 LONG 0x8194 DEFINED (__AltInterrupt91)?ABSOLUTE (__AltInterrupt91):DEFINED (__Interrupt91)?ABSOLUTE (__Interrupt91):ABSOLUTE (__DefaultInterrupt)
                  0x0001cc          0x4 LONG 0x8194 DEFINED (__AltInterrupt92)?ABSOLUTE (__AltInterrupt92):DEFINED (__Interrupt92)?ABSOLUTE (__Interrupt92):ABSOLUTE (__DefaultInterrupt)
                  0x0001ce          0x4 LONG 0x8194 DEFINED (__AltInterrupt93)?ABSOLUTE (__AltInterrupt93):DEFINED (__Interrupt93)?ABSOLUTE (__Interrupt93):ABSOLUTE (__DefaultInterrupt)