Archive member included because of file (symbol)

c:/ac6/systemworkbench/plugins/fr.ac6.mcu.externaltools.arm-none.win32_1.1.0.201503101257/tools/compiler/bin/../lib/gcc/arm-none-eabi/4.8.4/../../../../arm-none-eabi/lib/armv7e-m\libc.a(lib_a-errno.o)
                              ./user/syscalls.o (__errno)
c:/ac6/systemworkbench/plugins/fr.ac6.mcu.externaltools.arm-none.win32_1.1.0.201503101257/tools/compiler/bin/../lib/gcc/arm-none-eabi/4.8.4/../../../../arm-none-eabi/lib/armv7e-m\libc.a(lib_a-exit.o)
                              c:/ac6/systemworkbench/plugins/fr.ac6.mcu.externaltools.arm-none.win32_1.1.0.201503101257/tools/compiler/bin/../lib/gcc/arm-none-eabi/4.8.4/../../../../arm-none-eabi/lib/armv7e-m/crt0.o (exit)
c:/ac6/systemworkbench/plugins/fr.ac6.mcu.externaltools.arm-none.win32_1.1.0.201503101257/tools/compiler/bin/../lib/gcc/arm-none-eabi/4.8.4/../../../../arm-none-eabi/lib/armv7e-m\libc.a(lib_a-impure.o)
                              c:/ac6/systemworkbench/plugins/fr.ac6.mcu.externaltools.arm-none.win32_1.1.0.201503101257/tools/compiler/bin/../lib/gcc/arm-none-eabi/4.8.4/../../../../arm-none-eabi/lib/armv7e-m\libc.a(lib_a-exit.o) (_global_impure_ptr)
c:/ac6/systemworkbench/plugins/fr.ac6.mcu.externaltools.arm-none.win32_1.1.0.201503101257/tools/compiler/bin/../lib/gcc/arm-none-eabi/4.8.4/../../../../arm-none-eabi/lib/armv7e-m\libc.a(lib_a-init.o)
                              c:/ac6/systemworkbench/plugins/fr.ac6.mcu.externaltools.arm-none.win32_1.1.0.201503101257/tools/compiler/bin/../lib/gcc/arm-none-eabi/4.8.4/../../../../arm-none-eabi/lib/armv7e-m/crt0.o (__libc_init_array)
c:/ac6/systemworkbench/plugins/fr.ac6.mcu.externaltools.arm-none.win32_1.1.0.201503101257/tools/compiler/bin/../lib/gcc/arm-none-eabi/4.8.4/../../../../arm-none-eabi/lib/armv7e-m\libc.a(lib_a-malloc.o)
                              ./Middlewares/FatFs/syscall.o (malloc)
c:/ac6/systemworkbench/plugins/fr.ac6.mcu.externaltools.arm-none.win32_1.1.0.201503101257/tools/compiler/bin/../lib/gcc/arm-none-eabi/4.8.4/../../../../arm-none-eabi/lib/armv7e-m\libc.a(lib_a-mallocr.o)
                              c:/ac6/systemworkbench/plugins/fr.ac6.mcu.externaltools.arm-none.win32_1.1.0.201503101257/tools/compiler/bin/../lib/gcc/arm-none-eabi/4.8.4/../../../../arm-none-eabi/lib/armv7e-m\libc.a(lib_a-malloc.o) (_malloc_r)
c:/ac6/systemworkbench/plugins/fr.ac6.mcu.externaltools.arm-none.win32_1.1.0.201503101257/tools/compiler/bin/../lib/gcc/arm-none-eabi/4.8.4/../../../../arm-none-eabi/lib/armv7e-m\libc.a(lib_a-memset.o)
                              c:/ac6/systemworkbench/plugins/fr.ac6.mcu.externaltools.arm-none.win32_1.1.0.201503101257/tools/compiler/bin/../lib/gcc/arm-none-eabi/4.8.4/../../../../arm-none-eabi/lib/armv7e-m/crt0.o (memset)
c:/ac6/systemworkbench/plugins/fr.ac6.mcu.externaltools.arm-none.win32_1.1.0.201503101257/tools/compiler/bin/../lib/gcc/arm-none-eabi/4.8.4/../../../../arm-none-eabi/lib/armv7e-m\libc.a(lib_a-mlock.o)
                              c:/ac6/systemworkbench/plugins/fr.ac6.mcu.externaltools.arm-none.win32_1.1.0.201503101257/tools/compiler/bin/../lib/gcc/arm-none-eabi/4.8.4/../../../../arm-none-eabi/lib/armv7e-m\libc.a(lib_a-mallocr.o) (__malloc_lock)
c:/ac6/systemworkbench/plugins/fr.ac6.mcu.externaltools.arm-none.win32_1.1.0.201503101257/tools/compiler/bin/../lib/gcc/arm-none-eabi/4.8.4/../../../../arm-none-eabi/lib/armv7e-m\libc.a(lib_a-sbrkr.o)
                              c:/ac6/systemworkbench/plugins/fr.ac6.mcu.externaltools.arm-none.win32_1.1.0.201503101257/tools/compiler/bin/../lib/gcc/arm-none-eabi/4.8.4/../../../../arm-none-eabi/lib/armv7e-m\libc.a(lib_a-mallocr.o) (_sbrk_r)
c:/ac6/systemworkbench/plugins/fr.ac6.mcu.externaltools.arm-none.win32_1.1.0.201503101257/tools/compiler/bin/../lib/gcc/arm-none-eabi/4.8.4/../../../../arm-none-eabi/lib/armv7e-m\libc.a(lib_a-__call_atexit.o)
                              c:/ac6/systemworkbench/plugins/fr.ac6.mcu.externaltools.arm-none.win32_1.1.0.201503101257/tools/compiler/bin/../lib/gcc/arm-none-eabi/4.8.4/../../../../arm-none-eabi/lib/armv7e-m\libc.a(lib_a-exit.o) (__call_exitprocs)
c:/ac6/systemworkbench/plugins/fr.ac6.mcu.externaltools.arm-none.win32_1.1.0.201503101257/tools/compiler/bin/../lib/gcc/arm-none-eabi/4.8.4/../../../../arm-none-eabi/lib/armv7e-m\libc.a(lib_a-atexit.o)
                              c:/ac6/systemworkbench/plugins/fr.ac6.mcu.externaltools.arm-none.win32_1.1.0.201503101257/tools/compiler/bin/../lib/gcc/arm-none-eabi/4.8.4/../../../../arm-none-eabi/lib/armv7e-m\libc.a(lib_a-__call_atexit.o) (atexit)
c:/ac6/systemworkbench/plugins/fr.ac6.mcu.externaltools.arm-none.win32_1.1.0.201503101257/tools/compiler/bin/../lib/gcc/arm-none-eabi/4.8.4/../../../../arm-none-eabi/lib/armv7e-m\libc.a(lib_a-fini.o)
[...]
Memory Configuration

Name             Origin             Length             Attributes
FLASH            0x08000000         0x00080000         xr
RAM              0x20000000         0x00020000         xrw
*default*        0x00000000         0xffffffff

Linker script and memory map

LOAD c:/ac6/systemworkbench/plugins/fr.ac6.mcu.externaltools.arm-none.win32_1.1.0.201503101257/tools/compiler/bin/../lib/gcc/arm-none-eabi/4.8.4/armv7e-m/crti.o
LOAD c:/ac6/systemworkbench/plugins/fr.ac6.mcu.externaltools.arm-none.win32_1.1.0.201503101257/tools/compiler/bin/../lib/gcc/arm-none-eabi/4.8.4/armv7e-m/crtbegin.o
LOAD c:/ac6/systemworkbench/plugins/fr.ac6.mcu.externaltools.arm-none.win32_1.1.0.201503101257/tools/compiler/bin/../lib/gcc/arm-none-eabi/4.8.4/../../../../arm-none-eabi/lib/armv7e-m/crt0.o
LOAD ./user/syscalls.o
LOAD ./Middlewares/FatFs/ccsbcs.o
LOAD ./Middlewares/FatFs/diskio.o
LOAD ./Middlewares/FatFs/ff.o
LOAD ./Middlewares/FatFs/ff_gen_drv.o
LOAD ./Middlewares/FatFs/sd_diskio.o
LOAD ./Middlewares/FatFs/syscall.o
LOAD ./Drivers/STM32F4xx_HAL_Driver/stm32f4xx_hal.o
LOAD ./Drivers/STM32F4xx_HAL_Driver/stm32f4xx_hal_cortex.o
LOAD ./Drivers/STM32F4xx_HAL_Driver/stm32f4xx_hal_dma.o
LOAD ./Drivers/STM32F4xx_HAL_Driver/stm32f4xx_hal_dma_ex.o
LOAD ./Drivers/STM32F4xx_HAL_Driver/stm32f4xx_hal_flash.o
LOAD ./Drivers/STM32F4xx_HAL_Driver/stm32f4xx_hal_flash_ex.o
LOAD ./Drivers/STM32F4xx_HAL_Driver/stm32f4xx_hal_flash_ramfunc.o
LOAD ./Drivers/STM32F4xx_HAL_Driver/stm32f4xx_hal_gpio.o
LOAD ./Drivers/STM32F4xx_HAL_Driver/stm32f4xx_hal_pwr.o
LOAD ./Drivers/STM32F4xx_HAL_Driver/stm32f4xx_hal_pwr_ex.o
LOAD ./Drivers/STM32F4xx_HAL_Driver/stm32f4xx_hal_rcc.o
LOAD ./Drivers/STM32F4xx_HAL_Driver/stm32f4xx_hal_rcc_ex.o
LOAD ./Drivers/STM32F4xx_HAL_Driver/stm32f4xx_hal_sd.o
LOAD ./Drivers/STM32F4xx_HAL_Driver/stm32f4xx_ll_sdmmc.o
LOAD ./Drivers/CMSIS/system_stm32f4xx.o
LOAD ./Application/User/bsp_driver_sd.o
LOAD ./Application/User/fatfs.o
LOAD ./Application/User/gpio.o
LOAD ./Application/User/main.o
LOAD ./Application/User/sdio.o
LOAD ./Application/User/stm32f4xx_hal_msp.o
LOAD ./Application/User/stm32f4xx_it.o
LOAD ./Application/SW4STM32/startup_stm32f411xe.o
START GROUP
LOAD c:/ac6/systemworkbench/plugins/fr.ac6.mcu.externaltools.arm-none.win32_1.1.0.201503101257/tools/compiler/bin/../lib/gcc/arm-none-eabi/4.8.4/armv7e-m\libgcc.a
LOAD c:/ac6/systemworkbench/plugins/fr.ac6.mcu.externaltools.arm-none.win32_1.1.0.201503101257/tools/compiler/bin/../lib/gcc/arm-none-eabi/4.8.4/../../../../arm-none-eabi/lib/armv7e-m\libc.a
END GROUP
LOAD c:/ac6/systemworkbench/plugins/fr.ac6.mcu.externaltools.arm-none.win32_1.1.0.201503101257/tools/compiler/bin/../lib/gcc/arm-none-eabi/4.8.4/armv7e-m/crtend.o
LOAD c:/ac6/systemworkbench/plugins/fr.ac6.mcu.externaltools.arm-none.win32_1.1.0.201503101257/tools/compiler/bin/../lib/gcc/arm-none-eabi/4.8.4/armv7e-m/crtn.o
                0x2001ffff                _estack = 0x2001ffff
                0x00000000                _Min_Heap_Size = 0x0
                0x00000000                _Min_Stack_Size = 0x0

.isr_vector     0x08000000      0x198
                0x08000000                . = ALIGN (0x4)
 *(.isr_vector)
 .isr_vector    0x08000000      0x198 ./Application/SW4STM32/startup_stm32f411xe.o
                0x08000000                g_pfnVectors
                0x08000198                . = ALIGN (0x4)

.text           0x08000198     0x6d5c
                0x08000198                . = ALIGN (0x4)
 *(.text)
 .text          0x08000198       0x54 c:/ac6/systemworkbench/plugins/fr.ac6.mcu.externaltools.arm-none.win32_1.1.0.201503101257/tools/compiler/bin/../lib/gcc/arm-none-eabi/4.8.4/armv7e-m/crtbegin.o
 *(.text*)
 .text._sbrk    0x080001ec       0x58 ./user/syscalls.o
                0x080001ec                _sbrk
 .text.ff_convert
                0x08000244       0x78 ./Middlewares/FatFs/ccsbcs.o
                0x08000244                ff_convert
 .text.ff_wtoupper
                0x080002bc       0x5c ./Middlewares/FatFs/ccsbcs.o
                0x080002bc                ff_wtoupper
 .text.disk_initialize
                0x08000318       0x40 ./Middlewares/FatFs/diskio.o
                0x08000318                disk_initialize
 .text.disk_status
                0x08000358       0x2c ./Middlewares/FatFs/diskio.o
                0x08000358                disk_status
 .text.disk_read
                0x08000384       0x38 ./Middlewares/FatFs/diskio.o
                0x08000384                disk_read
 .text.disk_write
                0x080003bc       0x38 ./Middlewares/FatFs/diskio.o
                0x080003bc                disk_write
 .text.disk_ioctl
                0x080003f4       0x38 ./Middlewares/FatFs/diskio.o
                0x080003f4                disk_ioctl
 .text.get_fattime
                0x0800042c       0x10 ./Middlewares/FatFs/diskio.o
                0x0800042c                get_fattime
 .text.mem_cpy  0x0800043c       0x3c ./Middlewares/FatFs/ff.o
 .text.mem_set  0x08000478       0x34 ./Middlewares/FatFs/ff.o
 .text.mem_cmp  0x080004ac       0x50 ./Middlewares/FatFs/ff.o
 .text.chk_chr  0x080004fc       0x38 ./Middlewares/FatFs/ff.o
 .text.chk_lock
                0x08000534       0xd8 ./Middlewares/FatFs/ff.o
 .text.enq_lock
                0x0800060c       0x48 ./Middlewares/FatFs/ff.o
 .text.inc_lock
                0x08000654      0x168 ./Middlewares/FatFs/ff.o
 .text.dec_lock
                0x080007bc       0x88 ./Middlewares/FatFs/ff.o
 .text.clear_lock
                0x08000844       0x50 ./Middlewares/FatFs/ff.o
 .text.sync_window
                0x08000894       0x94 ./Middlewares/FatFs/ff.o
 .text.move_window
                0x08000928       0x58 ./Middlewares/FatFs/ff.o
 .text.sync_fs  0x08000980      0x160 ./Middlewares/FatFs/ff.o
 .text.clust2sect
                0x08000ae0       0x44 ./Middlewares/FatFs/ff.o
                0x08000ae0                clust2sect
 .text.get_fat  0x08000b24      0x158 ./Middlewares/FatFs/ff.o
                0x08000b24                get_fat
 .text.put_fat  0x08000c7c      0x1fc ./Middlewares/FatFs/ff.o
                0x08000c7c                put_fat
 .text.remove_chain
                0x08000e78       0xb0 ./Middlewares/FatFs/ff.o
 .text.create_chain
                0x08000f28      0x140 ./Middlewares/FatFs/ff.o
 .text.clmt_clust
                0x08001068       0x6c ./Middlewares/FatFs/ff.o
 .text.dir_sdi  0x080010d4      0x128 ./Middlewares/FatFs/ff.o
 .text.dir_next
                0x080011fc      0x1ec ./Middlewares/FatFs/ff.o
 .text.dir_alloc
                0x080013e8       0x94 ./Middlewares/FatFs/ff.o
 .text.ld_clust
                0x0800147c       0x58 ./Middlewares/FatFs/ff.o
 .text.st_clust
                0x080014d4       0x4c ./Middlewares/FatFs/ff.o
 .text.cmp_lfn  0x08001520       0xd4 ./Middlewares/FatFs/ff.o
 .text.fit_lfn  0x080015f4       0xe0 ./Middlewares/FatFs/ff.o
 .text.gen_numname
                0x080016d4      0x11c ./Middlewares/FatFs/ff.o
 .text.sum_sfn  0x080017f0       0x44 ./Middlewares/FatFs/ff.o
 .text.dir_find
                0x08001834      0x178 ./Middlewares/FatFs/ff.o
 .text.dir_register
                0x080019ac      0x21c ./Middlewares/FatFs/ff.o
 .text.create_name
                0x08001bc8      0x370 ./Middlewares/FatFs/ff.o
 .text.follow_path
                0x08001f38       0xd8 ./Middlewares/FatFs/ff.o
 .text.get_ldnumber
                0x08002010       0x88 ./Middlewares/FatFs/ff.o
 .text.check_fs
                0x08002098       0xc4 ./Middlewares/FatFs/ff.o
 .text.find_volume
                0x0800215c      0x58c ./Middlewares/FatFs/ff.o
 .text.validate
                0x080026e8       0x6c ./Middlewares/FatFs/ff.o
 .text.f_mount  0x08002754       0x94 ./Middlewares/FatFs/ff.o
                0x08002754                f_mount
 .text.f_open   0x080027e8      0x444 ./Middlewares/FatFs/ff.o
                0x080027e8                f_open
 .text.f_read   0x08002c2c      0x2e4 ./Middlewares/FatFs/ff.o
                0x08002c2c                f_read
 .text.f_write  0x08002f10      0x364 ./Middlewares/FatFs/ff.o
                0x08002f10                f_write
 .text.f_sync   0x08003274      0x17c ./Middlewares/FatFs/ff.o
                0x08003274                f_sync
 .text.f_close  0x080033f0       0x50 ./Middlewares/FatFs/ff.o
                0x080033f0                f_close
 .text.FATFS_LinkDriver
                0x08003440       0x80 ./Middlewares/FatFs/ff_gen_drv.o
                0x08003440                FATFS_LinkDriver
 .text.FATFS_UnLinkDriver
                0x080034c0       0x5c ./Middlewares/FatFs/ff_gen_drv.o
                0x080034c0                FATFS_UnLinkDriver
 .text.SD_initialize
                0x0800351c       0x34 ./Middlewares/FatFs/sd_diskio.o
                0x0800351c                SD_initialize
 .text.SD_status
                0x08003550       0x34 ./Middlewares/FatFs/sd_diskio.o
                0x08003550                SD_status
 .text.SD_read  0x08003584       0x40 ./Middlewares/FatFs/sd_diskio.o
                0x08003584                SD_read
 .text.SD_write
                0x080035c4       0x40 ./Middlewares/FatFs/sd_diskio.o
                0x080035c4                SD_write
 .text.SD_ioctl
                0x08003604       0x9c ./Middlewares/FatFs/sd_diskio.o
                0x08003604                SD_ioctl
 .text.ff_memalloc
                0x080036a0       0x18 ./Middlewares/FatFs/syscall.o
                0x080036a0                ff_memalloc
 .text.ff_memfree
                0x080036b8       0x14 ./Middlewares/FatFs/syscall.o
                0x080036b8                ff_memfree
 .text.HAL_Init
                0x080036cc       0x44 ./Drivers/STM32F4xx_HAL_Driver/stm32f4xx_hal.o
                0x080036cc                HAL_Init
 .text.HAL_InitTick
                0x08003710       0x38 ./Drivers/STM32F4xx_HAL_Driver/stm32f4xx_hal.o
                0x08003710                HAL_InitTick
 .text.HAL_IncTick
                0x08003748       0x1c ./Drivers/STM32F4xx_HAL_Driver/stm32f4xx_hal.o
                0x08003748                HAL_IncTick
 .text.HAL_GetTick
                0x08003764       0x18 ./Drivers/STM32F4xx_HAL_Driver/stm32f4xx_hal.o
                0x08003764                HAL_GetTick
 .text.HAL_Delay
                0x0800377c       0x2c ./Drivers/STM32F4xx_HAL_Driver/stm32f4xx_hal.o
                0x0800377c                HAL_Delay
 .text.NVIC_SetPriorityGrouping
                0x080037a8       0x48 ./Drivers/STM32F4xx_HAL_Driver/stm32f4xx_hal_cortex.o
 .text.NVIC_GetPriorityGrouping
                0x080037f0       0x1c ./Drivers/STM32F4xx_HAL_Driver/stm32f4xx_hal_cortex.o
 .text.NVIC_SetPriority
                0x0800380c       0x54 ./Drivers/STM32F4xx_HAL_Driver/stm32f4xx_hal_cortex.o
 .text.NVIC_EncodePriority
                0x08003860       0x68 ./Drivers/STM32F4xx_HAL_Driver/stm32f4xx_hal_cortex.o
 .text.SysTick_Config
                0x080038c8       0x44 ./Drivers/STM32F4xx_HAL_Driver/stm32f4xx_hal_cortex.o
 .text.HAL_NVIC_SetPriorityGrouping
                0x0800390c       0x14 ./Drivers/STM32F4xx_HAL_Driver/stm32f4xx_hal_cortex.o
                0x0800390c                HAL_NVIC_SetPriorityGrouping
 .text.HAL_NVIC_SetPriority
                0x08003920       0x38 ./Drivers/STM32F4xx_HAL_Driver/stm32f4xx_hal_cortex.o
                0x08003920                HAL_NVIC_SetPriority
 .text.HAL_SYSTICK_Config
                0x08003958       0x18 ./Drivers/STM32F4xx_HAL_Driver/stm32f4xx_hal_cortex.o
                0x08003958                HAL_SYSTICK_Config
 .text.HAL_SYSTICK_IRQHandler
                0x08003970        0xc ./Drivers/STM32F4xx_HAL_Driver/stm32f4xx_hal_cortex.o
                0x08003970                HAL_SYSTICK_IRQHandler
 .text.HAL_SYSTICK_Callback
                0x0800397c        0xc ./Drivers/STM32F4xx_HAL_Driver/stm32f4xx_hal_cortex.o
                0x0800397c                HAL_SYSTICK_Callback
 .text.HAL_GPIO_Init
                0x08003988      0x300 ./Drivers/STM32F4xx_HAL_Driver/stm32f4xx_hal_gpio.o
                0x08003988                HAL_GPIO_Init
 .text.HAL_GPIO_WritePin
                0x08003c88       0x30 ./Drivers/STM32F4xx_HAL_Driver/stm32f4xx_hal_gpio.o
                0x08003c88                HAL_GPIO_WritePin
 .text.HAL_RCC_OscConfig
                0x08003cb8      0x4c4 ./Drivers/STM32F4xx_HAL_Driver/stm32f4xx_hal_rcc.o
                0x08003cb8                HAL_RCC_OscConfig
 .text.HAL_RCC_ClockConfig
                0x0800417c      0x31c ./Drivers/STM32F4xx_HAL_Driver/stm32f4xx_hal_rcc.o
                0x0800417c                HAL_RCC_ClockConfig
 .text.HAL_RCC_GetSysClockFreq
                0x08004498      0x11c ./Drivers/STM32F4xx_HAL_Driver/stm32f4xx_hal_rcc.o
                0x08004498                HAL_RCC_GetSysClockFreq
 .text.HAL_RCC_GetHCLKFreq
                0x080045b4       0x58 ./Drivers/STM32F4xx_HAL_Driver/stm32f4xx_hal_rcc.o
                0x080045b4                HAL_RCC_GetHCLKFreq
 .text.HAL_SD_Init
                0x0800460c       0xf0 ./Drivers/STM32F4xx_HAL_Driver/stm32f4xx_hal_sd.o
                0x0800460c                HAL_SD_Init
 .text.HAL_SD_ReadBlocks
                0x080046fc      0x2c4 ./Drivers/STM32F4xx_HAL_Driver/stm32f4xx_hal_sd.o
                0x080046fc                HAL_SD_ReadBlocks
 .text.HAL_SD_WriteBlocks
                0x080049c0      0x39c ./Drivers/STM32F4xx_HAL_Driver/stm32f4xx_hal_sd.o
                0x080049c0                HAL_SD_WriteBlocks
 .text.HAL_SD_Get_CardInfo
                0x08004d5c      0x624 ./Drivers/STM32F4xx_HAL_Driver/stm32f4xx_hal_sd.o
                0x08004d5c                HAL_SD_Get_CardInfo
 .text.HAL_SD_StopTransfer
                0x08005380       0x48 ./Drivers/STM32F4xx_HAL_Driver/stm32f4xx_hal_sd.o
                0x08005380                HAL_SD_StopTransfer
 .text.HAL_SD_GetStatus
                0x080053c8       0x34 ./Drivers/STM32F4xx_HAL_Driver/stm32f4xx_hal_sd.o
                0x080053c8                HAL_SD_GetStatus
 .text.SD_GetState
                0x080053fc       0x38 ./Drivers/STM32F4xx_HAL_Driver/stm32f4xx_hal_sd.o
 .text.SD_Initialize_Cards
                0x08005434      0x188 ./Drivers/STM32F4xx_HAL_Driver/stm32f4xx_hal_sd.o
 .text.SD_Select_Deselect
                0x080055bc       0x54 ./Drivers/STM32F4xx_HAL_Driver/stm32f4xx_hal_sd.o
 .text.SD_PowerON
                0x08005610      0x1c8 ./Drivers/STM32F4xx_HAL_Driver/stm32f4xx_hal_sd.o
 .text.SD_SendStatus
                0x080057d8       0x74 ./Drivers/STM32F4xx_HAL_Driver/stm32f4xx_hal_sd.o
 .text.SD_CmdError
                0x0800584c       0x78 ./Drivers/STM32F4xx_HAL_Driver/stm32f4xx_hal_sd.o
 .text.SD_CmdResp7Error
                0x080058c4       0xb0 ./Drivers/STM32F4xx_HAL_Driver/stm32f4xx_hal_sd.o
 .text.SD_CmdResp1Error
                0x08005974      0x1ac ./Drivers/STM32F4xx_HAL_Driver/stm32f4xx_hal_sd.o
 .text.SD_CmdResp3Error
                0x08005b20       0x54 ./Drivers/STM32F4xx_HAL_Driver/stm32f4xx_hal_sd.o
 .text.SD_CmdResp2Error
                0x08005b74       0x70 ./Drivers/STM32F4xx_HAL_Driver/stm32f4xx_hal_sd.o
 .text.SD_CmdResp6Error
                0x08005be4       0xd8 ./Drivers/STM32F4xx_HAL_Driver/stm32f4xx_hal_sd.o
 .text.SD_IsCardProgramming
                0x08005cbc      0x1f8 ./Drivers/STM32F4xx_HAL_Driver/stm32f4xx_hal_sd.o
 .text.SDIO_Init
                0x08005eb4       0x58 ./Drivers/STM32F4xx_HAL_Driver/stm32f4xx_ll_sdmmc.o
                0x08005eb4                SDIO_Init
 .text.SDIO_ReadFIFO
                0x08005f0c       0x1c ./Drivers/STM32F4xx_HAL_Driver/stm32f4xx_ll_sdmmc.o
                0x08005f0c                SDIO_ReadFIFO
 .text.SDIO_WriteFIFO
                0x08005f28       0x24 ./Drivers/STM32F4xx_HAL_Driver/stm32f4xx_ll_sdmmc.o
                0x08005f28                SDIO_WriteFIFO
 .text.SDIO_PowerState_ON
                0x08005f4c       0x1c ./Drivers/STM32F4xx_HAL_Driver/stm32f4xx_ll_sdmmc.o
                0x08005f4c                SDIO_PowerState_ON
 .text.SDIO_GetPowerState
                0x08005f68       0x1c ./Drivers/STM32F4xx_HAL_Driver/stm32f4xx_ll_sdmmc.o
                0x08005f68                SDIO_GetPowerState
 .text.SDIO_SendCommand
                0x08005f84       0x54 ./Drivers/STM32F4xx_HAL_Driver/stm32f4xx_ll_sdmmc.o
                0x08005f84                SDIO_SendCommand
 .text.SDIO_GetCommandResponse
                0x08005fd8       0x1c ./Drivers/STM32F4xx_HAL_Driver/stm32f4xx_ll_sdmmc.o
                0x08005fd8                SDIO_GetCommandResponse
 .text.SDIO_GetResponse
                0x08005ff4       0x28 ./Drivers/STM32F4xx_HAL_Driver/stm32f4xx_ll_sdmmc.o
                0x08005ff4                SDIO_GetResponse
 .text.SDIO_DataConfig
                0x0800601c       0x58 ./Drivers/STM32F4xx_HAL_Driver/stm32f4xx_ll_sdmmc.o
                0x0800601c                SDIO_DataConfig
 .text.SystemInit
                0x08006074       0x5c ./Drivers/CMSIS/system_stm32f4xx.o
                0x08006074                SystemInit
 .text.BSP_SD_Init
                0x080060d0       0x38 ./Application/User/bsp_driver_sd.o
                0x080060d0                BSP_SD_Init
 .text.BSP_SD_ReadBlocks
                0x08006108       0x38 ./Application/User/bsp_driver_sd.o
                0x08006108                BSP_SD_ReadBlocks
 .text.BSP_SD_WriteBlocks
                0x08006140       0x38 ./Application/User/bsp_driver_sd.o
                0x08006140                BSP_SD_WriteBlocks
 .text.BSP_SD_GetStatus
                0x08006178       0x14 ./Application/User/bsp_driver_sd.o
                0x08006178                BSP_SD_GetStatus
 .text.BSP_SD_GetCardInfo
                0x0800618c       0x1c ./Application/User/bsp_driver_sd.o
                0x0800618c                BSP_SD_GetCardInfo
 .text.BSP_SD_IsDetected
                0x080061a8       0x1c ./Application/User/bsp_driver_sd.o
                0x080061a8                BSP_SD_IsDetected
 .text.MX_GPIO_Init
                0x080061c4      0x100 ./Application/User/gpio.o
                0x080061c4                MX_GPIO_Init
 .text.main     0x080062c4      0x118 ./Application/User/main.o
                0x080062c4                main
 .text.SystemClock_Config
                0x080063dc       0x9c ./Application/User/main.o
                0x080063dc                SystemClock_Config
 .text.Error_Handler
                0x08006478        0x8 ./Application/User/main.o
 .text.MX_SDIO_SD_Init
                0x08006480       0x44 ./Application/User/sdio.o
                0x08006480                MX_SDIO_SD_Init
 .text.HAL_SD_MspInit
                0x080064c4       0x84 ./Application/User/sdio.o
                0x080064c4                HAL_SD_MspInit
 .text.HAL_MspInit
                0x08006548       0x18 ./Application/User/stm32f4xx_hal_msp.o
                0x08006548                HAL_MspInit
 .text.SysTick_Handler
                0x08006560       0x10 ./Application/User/stm32f4xx_it.o
                0x08006560                SysTick_Handler
 .text.Reset_Handler
                0x08006570       0x58 ./Application/SW4STM32/startup_stm32f411xe.o
                0x08006570                Reset_Handler
 .text.Default_Handler
                0x080065c8        0x4 ./Application/SW4STM32/startup_stm32f411xe.o
                0x080065c8                RTC_Alarm_IRQHandler
                0x080065c8                EXTI2_IRQHandler
                0x080065c8                DebugMon_Handler
                0x080065c8                SPI4_IRQHandler
                0x080065c8                TIM1_CC_IRQHandler
                0x080065c8                DMA2_Stream5_IRQHandler
                0x080065c8                HardFault_Handler
                0x080065c8                DMA1_Stream5_IRQHandler
                0x080065c8                PVD_IRQHandler
                0x080065c8                SDIO_IRQHandler
                0x080065c8                TAMP_STAMP_IRQHandler
                0x080065c8                PendSV_Handler
                0x080065c8                NMI_Handler
                0x080065c8                EXTI3_IRQHandler
                0x080065c8                TIM1_UP_TIM10_IRQHandler
                0x080065c8                I2C3_ER_IRQHandler
                0x080065c8                EXTI0_IRQHandler
                0x080065c8                I2C2_EV_IRQHandler
                0x080065c8                DMA1_Stream2_IRQHandler
                0x080065c8                FPU_IRQHandler
                0x080065c8                UsageFault_Handler
                0x080065c8                DMA2_Stream2_IRQHandler
                0x080065c8                SPI1_IRQHandler
                0x080065c8                TIM1_BRK_TIM9_IRQHandler
                0x080065c8                DMA2_Stream3_IRQHandler
                0x080065c8                USART6_IRQHandler
                0x080065c8                DMA2_Stream0_IRQHandler
                0x080065c8                TIM4_IRQHandler
                0x080065c8                I2C1_EV_IRQHandler
                0x080065c8                DMA1_Stream6_IRQHandler
                0x080065c8                DMA1_Stream1_IRQHandler
                0x080065c8                TIM3_IRQHandler
                0x080065c8                RCC_IRQHandler
                0x080065c8                Default_Handler
                0x080065c8                EXTI15_10_IRQHandler
                0x080065c8                ADC_IRQHandler
                0x080065c8                DMA1_Stream7_IRQHandler
                0x080065c8                SPI5_IRQHandler
                0x080065c8                TIM5_IRQHandler
                0x080065c8                DMA2_Stream7_IRQHandler
                0x080065c8                I2C3_EV_IRQHandler
                0x080065c8                EXTI9_5_IRQHandler
                0x080065c8                RTC_WKUP_IRQHandler
                0x080065c8                SPI2_IRQHandler
                0x080065c8                MemManage_Handler
                0x080065c8                DMA1_Stream0_IRQHandler
                0x080065c8                SVC_Handler
                0x080065c8                EXTI4_IRQHandler
                0x080065c8                WWDG_IRQHandler
                0x080065c8                TIM2_IRQHandler
                0x080065c8                OTG_FS_WKUP_IRQHandler
                0x080065c8                TIM1_TRG_COM_TIM11_IRQHandler
                0x080065c8                EXTI1_IRQHandler
                0x080065c8                USART2_IRQHandler
                0x080065c8                I2C2_ER_IRQHandler
                0x080065c8                DMA2_Stream1_IRQHandler
                0x080065c8                FLASH_IRQHandler
                0x080065c8                DMA2_Stream4_IRQHandler
                0x080065c8                BusFault_Handler
                0x080065c8                USART1_IRQHandler
                0x080065c8                OTG_FS_IRQHandler
                0x080065c8                SPI3_IRQHandler
                0x080065c8                DMA1_Stream4_IRQHandler
                0x080065c8                I2C1_ER_IRQHandler
                0x080065c8                DMA2_Stream6_IRQHandler
                0x080065c8                DMA1_Stream3_IRQHandler
 .text.__errno  0x080065cc        0xc c:/ac6/systemworkbench/plugins/fr.ac6.mcu.externaltools.arm-none.win32_1.1.0.201503101257/tools/compiler/bin/../lib/gcc/arm-none-eabi/4.8.4/../../../../arm-none-eabi/lib/armv7e-m\libc.a(lib_a-errno.o)
                0x080065cc                __errno
 .text.__libc_init_array
                0x080065d8       0x50 c:/ac6/systemworkbench/plugins/fr.ac6.mcu.externaltools.arm-none.win32_1.1.0.201503101257/tools/compiler/bin/../lib/gcc/arm-none-eabi/4.8.4/../../../../arm-none-eabi/lib/armv7e-m\libc.a(lib_a-init.o)
                0x080065d8                __libc_init_array
 .text.malloc   0x08006628       0x10 c:/ac6/systemworkbench/plugins/fr.ac6.mcu.externaltools.arm-none.win32_1.1.0.201503101257/tools/compiler/bin/../lib/gcc/arm-none-eabi/4.8.4/../../../../arm-none-eabi/lib/armv7e-m\libc.a(lib_a-malloc.o)
                0x08006628                malloc
 .text.free     0x08006638       0x10 c:/ac6/systemworkbench/plugins/fr.ac6.mcu.externaltools.arm-none.win32_1.1.0.201503101257/tools/compiler/bin/../lib/gcc/arm-none-eabi/4.8.4/../../../../arm-none-eabi/lib/armv7e-m\libc.a(lib_a-malloc.o)
                0x08006638                free
 .text._malloc_r
                0x08006648      0x538 c:/ac6/systemworkbench/plugins/fr.ac6.mcu.externaltools.arm-none.win32_1.1.0.201503101257/tools/compiler/bin/../lib/gcc/arm-none-eabi/4.8.4/../../../../arm-none-eabi/lib/armv7e-m\libc.a(lib_a-mallocr.o)
                0x08006648                _malloc_r
 .text.__malloc_lock
                0x08006b80        0x4 c:/ac6/systemworkbench/plugins/fr.ac6.mcu.externaltools.arm-none.win32_1.1.0.201503101257/tools/compiler/bin/../lib/gcc/arm-none-eabi/4.8.4/../../../../arm-none-eabi/lib/armv7e-m\libc.a(lib_a-mlock.o)
                0x08006b80                __malloc_lock
 .text.__malloc_unlock
                0x08006b84        0x4 c:/ac6/systemworkbench/plugins/fr.ac6.mcu.externaltools.arm-none.win32_1.1.0.201503101257/tools/compiler/bin/../lib/gcc/arm-none-eabi/4.8.4/../../../../arm-none-eabi/lib/armv7e-m\libc.a(lib_a-mlock.o)
                0x08006b84                __malloc_unlock
 .text._sbrk_r  0x08006b88       0x24 c:/ac6/systemworkbench/plugins/fr.ac6.mcu.externaltools.arm-none.win32_1.1.0.201503101257/tools/compiler/bin/../lib/gcc/arm-none-eabi/4.8.4/../../../../arm-none-eabi/lib/armv7e-m\libc.a(lib_a-sbrkr.o)
                0x08006b88                _sbrk_r
 .text.startup.register_fini
                0x08006bac       0x14 c:/ac6/systemworkbench/plugins/fr.ac6.mcu.externaltools.arm-none.win32_1.1.0.201503101257/tools/compiler/bin/../lib/gcc/arm-none-eabi/4.8.4/../../../../arm-none-eabi/lib/armv7e-m\libc.a(lib_a-__call_atexit.o)
 .text.atexit   0x08006bc0        0xc c:/ac6/systemworkbench/plugins/fr.ac6.mcu.externaltools.arm-none.win32_1.1.0.201503101257/tools/compiler/bin/../lib/gcc/arm-none-eabi/4.8.4/../../../../arm-none-eabi/lib/armv7e-m\libc.a(lib_a-atexit.o)
                0x08006bc0                atexit
 .text.__libc_fini_array
                0x08006bcc       0x30 c:/ac6/systemworkbench/plugins/fr.ac6.mcu.externaltools.arm-none.win32_1.1.0.201503101257/tools/compiler/bin/../lib/gcc/arm-none-eabi/4.8.4/../../../../arm-none-eabi/lib/armv7e-m\libc.a(lib_a-fini.o)
                0x08006bcc                __libc_fini_array
 .text._malloc_trim_r
                0x08006bfc       0x9c c:/ac6/systemworkbench/plugins/fr.ac6.mcu.externaltools.arm-none.win32_1.1.0.201503101257/tools/compiler/bin/../lib/gcc/arm-none-eabi/4.8.4/../../../../arm-none-eabi/lib/armv7e-m\libc.a(lib_a-freer.o)
                0x08006bfc                _malloc_trim_r
 .text._free_r  0x08006c98      0x19c c:/ac6/systemworkbench/plugins/fr.ac6.mcu.externaltools.arm-none.win32_1.1.0.201503101257/tools/compiler/bin/../lib/gcc/arm-none-eabi/4.8.4/../../../../arm-none-eabi/lib/armv7e-m\libc.a(lib_a-freer.o)
                0x08006c98                _free_r
 .text.__register_exitproc
                0x08006e34       0xa8 c:/ac6/systemworkbench/plugins/fr.ac6.mcu.externaltools.arm-none.win32_1.1.0.201503101257/tools/compiler/bin/../lib/gcc/arm-none-eabi/4.8.4/../../../../arm-none-eabi/lib/armv7e-m\libc.a(lib_a-__atexit.o)
                0x08006e34                __register_exitproc
 *(.glue_7)
 .glue_7        0x00000000        0x0 linker stubs
 *(.glue_7t)
 .glue_7t       0x00000000        0x0 linker stubs
 *(.eh_frame)
 .eh_frame      0x08006edc        0x0 c:/ac6/systemworkbench/plugins/fr.ac6.mcu.externaltools.arm-none.win32_1.1.0.201503101257/tools/compiler/bin/../lib/gcc/arm-none-eabi/4.8.4/armv7e-m/crtbegin.o
 *(.init)
 .init          0x08006edc        0x4 c:/ac6/systemworkbench/plugins/fr.ac6.mcu.externaltools.arm-none.win32_1.1.0.201503101257/tools/compiler/bin/../lib/gcc/arm-none-eabi/4.8.4/armv7e-m/crti.o
                0x08006edc                _init
 .init          0x08006ee0        0x8 c:/ac6/systemworkbench/plugins/fr.ac6.mcu.externaltools.arm-none.win32_1.1.0.201503101257/tools/compiler/bin/../lib/gcc/arm-none-eabi/4.8.4/armv7e-m/crtn.o
 *(.fini)
 .fini          0x08006ee8        0x4 c:/ac6/systemworkbench/plugins/fr.ac6.mcu.externaltools.arm-none.win32_1.1.0.201503101257/tools/compiler/bin/../lib/gcc/arm-none-eabi/4.8.4/armv7e-m/crti.o
                0x08006ee8                _fini
 .fini          0x08006eec        0x8 c:/ac6/systemworkbench/plugins/fr.ac6.mcu.externaltools.arm-none.win32_1.1.0.201503101257/tools/compiler/bin/../lib/gcc/arm-none-eabi/4.8.4/armv7e-m/crtn.o
                0x08006ef4                . = ALIGN (0x4)
                0x08006ef4                _etext = .

.vfp11_veneer   0x08006ef4        0x0
 .vfp11_veneer  0x00000000        0x0 linker stubs

.v4_bx          0x08006ef4        0x0
 .v4_bx         0x00000000        0x0 linker stubs

.iplt           0x08006ef4        0x0
 .iplt          0x00000000        0x0 c:/ac6/systemworkbench/plugins/fr.ac6.mcu.externaltools.arm-none.win32_1.1.0.201503101257/tools/compiler/bin/../lib/gcc/arm-none-eabi/4.8.4/armv7e-m/crtbegin.o

.rodata         0x08006ef4      0x610
                0x08006ef4                . = ALIGN (0x4)
 *(.rodata)
 .rodata        0x08006ef4      0x4c0 ./Middlewares/FatFs/ccsbcs.o
 .rodata        0x080073b4      0x108 ./Middlewares/FatFs/ff.o
 .rodata        0x080074bc       0x10 ./Drivers/STM32F4xx_HAL_Driver/stm32f4xx_hal_rcc.o
                0x080074bc                APBAHBPrescTable
 .rodata        0x080074cc       0x30 ./Application/User/main.o
 *(.rodata*)
 .rodata.str1.4
                0x080074fc        0x4 c:/ac6/systemworkbench/plugins/fr.ac6.mcu.externaltools.arm-none.win32_1.1.0.201503101257/tools/compiler/bin/../lib/gcc/arm-none-eabi/4.8.4/../../../../arm-none-eabi/lib/armv7e-m\libc.a(lib_a-impure.o)
 .rodata._global_impure_ptr
                0x08007500        0x4 c:/ac6/systemworkbench/plugins/fr.ac6.mcu.externaltools.arm-none.win32_1.1.0.201503101257/tools/compiler/bin/../lib/gcc/arm-none-eabi/4.8.4/../../../../arm-none-eabi/lib/armv7e-m\libc.a(lib_a-impure.o)
                0x08007500                _global_impure_ptr
                0x08007504                . = ALIGN (0x4)

.rel.dyn        0x08007504        0x0
 .rel.iplt      0x00000000        0x0 c:/ac6/systemworkbench/plugins/fr.ac6.mcu.externaltools.arm-none.win32_1.1.0.201503101257/tools/compiler/bin/../lib/gcc/arm-none-eabi/4.8.4/armv7e-m/crtbegin.o

.ARM.extab
 *(.ARM.extab* .gnu.linkonce.armextab.*)

.ARM            0x08007504        0x0
                0x08007504                __exidx_start = .
 *(.ARM.exidx*)
                0x08007504                __exidx_end = .

.preinit_array  0x08007504        0x0
                0x08007504                PROVIDE (__preinit_array_start, .)
 *(.preinit_array*)
                0x08007504                PROVIDE (__preinit_array_end, .)

.init_array     0x08007504        0x8
                0x08007504                PROVIDE (__init_array_start, .)
 *(SORT(.init_array.*))
 .init_array.00000
                0x08007504        0x4 c:/ac6/systemworkbench/plugins/fr.ac6.mcu.externaltools.arm-none.win32_1.1.0.201503101257/tools/compiler/bin/../lib/gcc/arm-none-eabi/4.8.4/../../../../arm-none-eabi/lib/armv7e-m\libc.a(lib_a-__call_atexit.o)
 *(.init_array*)
 .init_array    0x08007508        0x4 c:/ac6/systemworkbench/plugins/fr.ac6.mcu.externaltools.arm-none.win32_1.1.0.201503101257/tools/compiler/bin/../lib/gcc/arm-none-eabi/4.8.4/armv7e-m/crtbegin.o
                0x0800750c                PROVIDE (__init_array_end, .)

.fini_array     0x0800750c        0x4
                0x0800750c                PROVIDE (__fini_array_start, .)
 *(SORT(.fini_array.*))
 *(.fini_array*)
 .fini_array    0x0800750c        0x4 c:/ac6/systemworkbench/plugins/fr.ac6.mcu.externaltools.arm-none.win32_1.1.0.201503101257/tools/compiler/bin/../lib/gcc/arm-none-eabi/4.8.4/armv7e-m/crtbegin.o
                0x08007510                PROVIDE (__fini_array_end, .)
                0x08007510                _sidata = LOADADDR (.data)

.data           0x20000000      0x86c load address 0x08007510
                0x20000000                . = ALIGN (0x4)
                0x20000000                _sdata = .
 *(.data)
 .data          0x20000000       0x18 ./Middlewares/FatFs/sd_diskio.o
                0x20000004                SD_Driver
 .data          0x20000018       0x14 ./Drivers/CMSIS/system_stm32f4xx.o
                0x20000018                SystemCoreClock
                0x2000001c                AHBPrescTable
 *(.data*)
 *fill*         0x2000002c        0x4 
 .data.impure_data
                0x20000030      0x428 c:/ac6/systemworkbench/plugins/fr.ac6.mcu.externaltools.arm-none.win32_1.1.0.201503101257/tools/compiler/bin/../lib/gcc/arm-none-eabi/4.8.4/../../../../arm-none-eabi/lib/armv7e-m\libc.a(lib_a-impure.o)
 .data._impure_ptr
                0x20000458        0x4 c:/ac6/systemworkbench/plugins/fr.ac6.mcu.externaltools.arm-none.win32_1.1.0.201503101257/tools/compiler/bin/../lib/gcc/arm-none-eabi/4.8.4/../../../../arm-none-eabi/lib/armv7e-m\libc.a(lib_a-impure.o)
                0x20000458                _impure_ptr
 .data.__malloc_av_
                0x2000045c      0x408 c:/ac6/systemworkbench/plugins/fr.ac6.mcu.externaltools.arm-none.win32_1.1.0.201503101257/tools/compiler/bin/../lib/gcc/arm-none-eabi/4.8.4/../../../../arm-none-eabi/lib/armv7e-m\libc.a(lib_a-mallocr.o)
                0x2000045c                __malloc_av_
 .data.__malloc_trim_threshold
                0x20000864        0x4 c:/ac6/systemworkbench/plugins/fr.ac6.mcu.externaltools.arm-none.win32_1.1.0.201503101257/tools/compiler/bin/../lib/gcc/arm-none-eabi/4.8.4/../../../../arm-none-eabi/lib/armv7e-m\libc.a(lib_a-mallocr.o)
                0x20000864                __malloc_trim_threshold
 .data.__malloc_sbrk_base
                0x20000868        0x4 c:/ac6/systemworkbench/plugins/fr.ac6.mcu.externaltools.arm-none.win32_1.1.0.201503101257/tools/compiler/bin/../lib/gcc/arm-none-eabi/4.8.4/../../../../arm-none-eabi/lib/armv7e-m\libc.a(lib_a-mallocr.o)
                0x20000868                __malloc_sbrk_base
                0x2000086c                . = ALIGN (0x4)
                0x2000086c                _edata = .

.jcr            0x2000086c        0x0 load address 0x08007d7c
 .jcr           0x2000086c        0x0 c:/ac6/systemworkbench/plugins/fr.ac6.mcu.externaltools.arm-none.win32_1.1.0.201503101257/tools/compiler/bin/../lib/gcc/arm-none-eabi/4.8.4/armv7e-m/crtbegin.o

.igot.plt       0x2000086c        0x0 load address 0x08007d7c
 .igot.plt      0x00000000        0x0 c:/ac6/systemworkbench/plugins/fr.ac6.mcu.externaltools.arm-none.win32_1.1.0.201503101257/tools/compiler/bin/../lib/gcc/arm-none-eabi/4.8.4/armv7e-m/crtbegin.o
                0x2000086c                . = ALIGN (0x4)

.bss            0x20000870      0x5a4 load address 0x08007d7c
                0x20000870                _sbss = .
                0x20000870                __bss_start__ = _sbss
 *(.bss)
 .bss           0x20000870       0x1c c:/ac6/systemworkbench/plugins/fr.ac6.mcu.externaltools.arm-none.win32_1.1.0.201503101257/tools/compiler/bin/../lib/gcc/arm-none-eabi/4.8.4/armv7e-m/crtbegin.o
 .bss           0x2000088c        0x8 ./user/syscalls.o
                0x2000088c                __env
 .bss           0x20000894       0x20 ./Middlewares/FatFs/ff.o
 .bss           0x200008b4        0xc ./Middlewares/FatFs/ff_gen_drv.o
                0x200008b4                disk
 .bss           0x200008c0        0x4 ./Drivers/STM32F4xx_HAL_Driver/stm32f4xx_hal.o
 *(.bss*)
 .bss.__malloc_max_total_mem
                0x200008c4        0x4 c:/ac6/systemworkbench/plugins/fr.ac6.mcu.externaltools.arm-none.win32_1.1.0.201503101257/tools/compiler/bin/../lib/gcc/arm-none-eabi/4.8.4/../../../../arm-none-eabi/lib/armv7e-m\libc.a(lib_a-mallocr.o)
                0x200008c4                __malloc_max_total_mem
 .bss.__malloc_max_sbrked_mem
                0x200008c8        0x4 c:/ac6/systemworkbench/plugins/fr.ac6.mcu.externaltools.arm-none.win32_1.1.0.201503101257/tools/compiler/bin/../lib/gcc/arm-none-eabi/4.8.4/../../../../arm-none-eabi/lib/armv7e-m\libc.a(lib_a-mallocr.o)
                0x200008c8                __malloc_max_sbrked_mem
 .bss.__malloc_top_pad
                0x200008cc        0x4 c:/ac6/systemworkbench/plugins/fr.ac6.mcu.externaltools.arm-none.win32_1.1.0.201503101257/tools/compiler/bin/../lib/gcc/arm-none-eabi/4.8.4/../../../../arm-none-eabi/lib/armv7e-m\libc.a(lib_a-mallocr.o)
                0x200008cc                __malloc_top_pad
 .bss.__malloc_current_mallinfo
                0x200008d0       0x28 c:/ac6/systemworkbench/plugins/fr.ac6.mcu.externaltools.arm-none.win32_1.1.0.201503101257/tools/compiler/bin/../lib/gcc/arm-none-eabi/4.8.4/../../../../arm-none-eabi/lib/armv7e-m\libc.a(lib_a-mallocr.o)
                0x200008d0                __malloc_current_mallinfo
 *(COMMON)
 COMMON         0x200008f8      0x460 ./Application/User/main.o
                0x200008f8                SDPath
                0x200008fc                SDFatFs
                0x20000b2c                MyFile
 COMMON         0x20000d58       0xb8 ./Application/User/sdio.o
                0x20000d58                SDCardInfo
                0x20000db0                hsd
 COMMON         0x20000e10        0x4 c:/ac6/systemworkbench/plugins/fr.ac6.mcu.externaltools.arm-none.win32_1.1.0.201503101257/tools/compiler/bin/../lib/gcc/arm-none-eabi/4.8.4/../../../../arm-none-eabi/lib/armv7e-m\libc.a(lib_a-reent.o)
                0x20000e10                errno
                0x20000e14                . = ALIGN (0x4)
                0x20000e14                _ebss = .
                0x20000e14                __bss_end__ = _ebss

._user_heap_stack
                0x20000e14        0x0 load address 0x08007d7c
                0x20000e14                . = ALIGN (0x4)
                0x20000e14                PROVIDE (end, .)
                0x20000e14                PROVIDE (_end, .)
                0x20000e14                . = (. + _Min_Heap_Size)
                0x20000e14                . = (. + _Min_Stack_Size)
                0x20000e14                . = ALIGN (0x4)

/DISCARD/
 libc.a(*)
 libm.a(*)
 libgcc.a(*)

.ARM.attributes
                0x00000000       0x2a
 *(.ARM.attributes)
 .ARM.attributes
                0x00000000       0x1e c:/ac6/systemworkbench/plugins/fr.ac6.mcu.externaltools.arm-none.win32_1.1.0.201503101257/tools/compiler/bin/../lib/gcc/arm-none-eabi/4.8.4/armv7e-m/crti.o
 .ARM.attributes
                0x0000001e       0x2e c:/ac6/systemworkbench/plugins/fr.ac6.mcu.externaltools.arm-none.win32_1.1.0.201503101257/tools/compiler/bin/../lib/gcc/arm-none-eabi/4.8.4/armv7e-m/crtbegin.o
 .ARM.attributes
                0x0000004c       0x33 ./user/syscalls.o
 .ARM.attributes
                0x0000007f       0x33 ./Middlewares/FatFs/ccsbcs.o
 .ARM.attributes
                0x000000b2       0x33 ./Middlewares/FatFs/diskio.o
 .ARM.attributes
                0x000000e5       0x33 ./Middlewares/FatFs/ff.o
 .ARM.attributes
                0x00000118       0x33 ./Middlewares/FatFs/ff_gen_drv.o
 .ARM.attributes
                0x0000014b       0x33 ./Middlewares/FatFs/sd_diskio.o
 .ARM.attributes
                0x0000017e       0x33 ./Middlewares/FatFs/syscall.o
 .ARM.attributes
                0x000001b1       0x33 ./Drivers/STM32F4xx_HAL_Driver/stm32f4xx_hal.o
 .ARM.attributes
                0x000001e4       0x33 ./Drivers/STM32F4xx_HAL_Driver/stm32f4xx_hal_cortex.o
 .ARM.attributes
                0x00000217       0x33 ./Drivers/STM32F4xx_HAL_Driver/stm32f4xx_hal_gpio.o
 .ARM.attributes
                0x0000024a       0x33 ./Drivers/STM32F4xx_HAL_Driver/stm32f4xx_hal_rcc.o
 .ARM.attributes
                0x0000027d       0x33 ./Drivers/STM32F4xx_HAL_Driver/stm32f4xx_hal_sd.o
 .ARM.attributes
                0x000002b0       0x33 ./Drivers/STM32F4xx_HAL_Driver/stm32f4xx_ll_sdmmc.o
 .ARM.attributes
                0x000002e3       0x33 ./Drivers/CMSIS/system_stm32f4xx.o
 .ARM.attributes
                0x00000316       0x33 ./Application/User/bsp_driver_sd.o
 .ARM.attributes
                0x00000349       0x33 ./Application/User/gpio.o
 .ARM.attributes
                0x0000037c       0x33 ./Application/User/main.o
 .ARM.attributes
                0x000003af       0x33 ./Application/User/sdio.o
 .ARM.attributes
                0x000003e2       0x33 ./Application/User/stm32f4xx_hal_msp.o
 .ARM.attributes
                0x00000415       0x33 ./Application/User/stm32f4xx_it.o
 .ARM.attributes
                0x00000448       0x21 ./Application/SW4STM32/startup_stm32f411xe.o
 .ARM.attributes
                0x00000469       0x2e c:/ac6/systemworkbench/plugins/fr.ac6.mcu.externaltools.arm-none.win32_1.1.0.201503101257/tools/compiler/bin/../lib/gcc/arm-none-eabi/4.8.4/../../../../arm-none-eabi/lib/armv7e-m\libc.a(lib_a-errno.o)
 .ARM.attributes
                0x00000497       0x2e c:/ac6/systemworkbench/plugins/fr.ac6.mcu.externaltools.arm-none.win32_1.1.0.201503101257/tools/compiler/bin/../lib/gcc/arm-none-eabi/4.8.4/../../../../arm-none-eabi/lib/armv7e-m\libc.a(lib_a-impure.o)
 .ARM.attributes
                0x000004c5       0x2e c:/ac6/systemworkbench/plugins/fr.ac6.mcu.externaltools.arm-none.win32_1.1.0.201503101257/tools/compiler/bin/../lib/gcc/arm-none-eabi/4.8.4/../../../../arm-none-eabi/lib/armv7e-m\libc.a(lib_a-init.o)
 .ARM.attributes
                0x000004f3       0x2e c:/ac6/systemworkbench/plugins/fr.ac6.mcu.externaltools.arm-none.win32_1.1.0.201503101257/tools/compiler/bin/../lib/gcc/arm-none-eabi/4.8.4/../../../../arm-none-eabi/lib/armv7e-m\libc.a(lib_a-malloc.o)
 .ARM.attributes
                0x00000521       0x2e c:/ac6/systemworkbench/plugins/fr.ac6.mcu.externaltools.arm-none.win32_1.1.0.201503101257/tools/compiler/bin/../lib/gcc/arm-none-eabi/4.8.4/../../../../arm-none-eabi/lib/armv7e-m\libc.a(lib_a-mallocr.o)
 .ARM.attributes
                0x0000054f       0x2e c:/ac6/systemworkbench/plugins/fr.ac6.mcu.externaltools.arm-none.win32_1.1.0.201503101257/tools/compiler/bin/../lib/gcc/arm-none-eabi/4.8.4/../../../../arm-none-eabi/lib/armv7e-m\libc.a(lib_a-mlock.o)
 .ARM.attributes
                0x0000057d       0x2e c:/ac6/systemworkbench/plugins/fr.ac6.mcu.externaltools.arm-none.win32_1.1.0.201503101257/tools/compiler/bin/../lib/gcc/arm-none-eabi/4.8.4/../../../../arm-none-eabi/lib/armv7e-m\libc.a(lib_a-sbrkr.o)
 .ARM.attributes
                0x000005ab       0x2e c:/ac6/systemworkbench/plugins/fr.ac6.mcu.externaltools.arm-none.win32_1.1.0.201503101257/tools/compiler/bin/../lib/gcc/arm-none-eabi/4.8.4/../../../../arm-none-eabi/lib/armv7e-m\libc.a(lib_a-__call_atexit.o)
 .ARM.attributes
                0x000005d9       0x2e c:/ac6/systemworkbench/plugins/fr.ac6.mcu.externaltools.arm-none.win32_1.1.0.201503101257/tools/compiler/bin/../lib/gcc/arm-none-eabi/4.8.4/../../../../arm-none-eabi/lib/armv7e-m\libc.a(lib_a-atexit.o)
 .ARM.attributes
                0x00000607       0x2e c:/ac6/systemworkbench/plugins/fr.ac6.mcu.externaltools.arm-none.win32_1.1.0.201503101257/tools/compiler/bin/../lib/gcc/arm-none-eabi/4.8.4/../../../../arm-none-eabi/lib/armv7e-m\libc.a(lib_a-fini.o)
 .ARM.attributes
                0x00000635       0x2e c:/ac6/systemworkbench/plugins/fr.ac6.mcu.externaltools.arm-none.win32_1.1.0.201503101257/tools/compiler/bin/../lib/gcc/arm-none-eabi/4.8.4/../../../../arm-none-eabi/lib/armv7e-m\libc.a(lib_a-freer.o)
 .ARM.attributes
                0x00000663       0x2e c:/ac6/systemworkbench/plugins/fr.ac6.mcu.externaltools.arm-none.win32_1.1.0.201503101257/tools/compiler/bin/../lib/gcc/arm-none-eabi/4.8.4/../../../../arm-none-eabi/lib/armv7e-m\libc.a(lib_a-reent.o)
 .ARM.attributes
                0x00000691       0x2e c:/ac6/systemworkbench/plugins/fr.ac6.mcu.externaltools.arm-none.win32_1.1.0.201503101257/tools/compiler/bin/../lib/gcc/arm-none-eabi/4.8.4/../../../../arm-none-eabi/lib/armv7e-m\libc.a(lib_a-__atexit.o)
 .ARM.attributes
                0x000006bf       0x1e c:/ac6/systemworkbench/plugins/fr.ac6.mcu.externaltools.arm-none.win32_1.1.0.201503101257/tools/compiler/bin/../lib/gcc/arm-none-eabi/4.8.4/armv7e-m/crtn.o
OUTPUT(HAL_SD_Card.elf elf32-littlearm)

.debug_info     0x00000000     0xb1b8
 .debug_info    0x00000000      0x660 ./user/syscalls.o
 .debug_info    0x00000660      0x1b3 ./Middlewares/FatFs/ccsbcs.o
 .debug_info    0x00000813      0x3e0 ./Middlewares/FatFs/diskio.o
 .debug_info    0x00000bf3     0x24d1 ./Middlewares/FatFs/ff.o
 .debug_info    0x000030c4      0x31a ./Middlewares/FatFs/ff_gen_drv.o
 .debug_info    0x000033de      0x63d ./Middlewares/FatFs/sd_diskio.o
 .debug_info    0x00003a1b       0xfe ./Middlewares/FatFs/syscall.o
 .debug_info    0x00003b19      0x848 ./Drivers/STM32F4xx_HAL_Driver/stm32f4xx_hal.o
 .debug_info    0x00004361      0xada ./Drivers/STM32F4xx_HAL_Driver/stm32f4xx_hal_cortex.o
 .debug_info    0x00004e3b      0x6fc ./Drivers/STM32F4xx_HAL_Driver/stm32f4xx_hal_gpio.o
 .debug_info    0x00005537      0xe11 ./Drivers/STM32F4xx_HAL_Driver/stm32f4xx_hal_rcc.o
 .debug_info    0x00006348     0x1b1b ./Drivers/STM32F4xx_HAL_Driver/stm32f4xx_hal_sd.o
 .debug_info    0x00007e63      0x5f7 ./Drivers/STM32F4xx_HAL_Driver/stm32f4xx_ll_sdmmc.o
 .debug_info    0x0000845a      0x4a9 ./Drivers/CMSIS/system_stm32f4xx.o
 .debug_info    0x00008903      0xc38 ./Application/User/bsp_driver_sd.o
 .debug_info    0x0000953b      0x422 ./Application/User/gpio.o
 .debug_info    0x0000995d      0x903 ./Application/User/main.o
 .debug_info    0x0000a260      0xb77 ./Application/User/sdio.o
 .debug_info    0x0000add7      0x265 ./Application/User/stm32f4xx_hal_msp.o
 .debug_info    0x0000b03c       0xb6 ./Application/User/stm32f4xx_it.o
 .debug_info    0x0000b0f2       0xc6 ./Application/SW4STM32/startup_stm32f411xe.o

.debug_abbrev   0x00000000     0x1e7b
 .debug_abbrev  0x00000000      0x174 ./user/syscalls.o
 .debug_abbrev  0x00000174       0xb4 ./Middlewares/FatFs/ccsbcs.o
 .debug_abbrev  0x00000228      0x15a ./Middlewares/FatFs/diskio.o
 .debug_abbrev  0x00000382      0x26a ./Middlewares/FatFs/ff.o
 .debug_abbrev  0x000005ec      0x15a ./Middlewares/FatFs/ff_gen_drv.o
 .debug_abbrev  0x00000746      0x148 ./Middlewares/FatFs/sd_diskio.o
 .debug_abbrev  0x0000088e       0x9e ./Middlewares/FatFs/syscall.o
 .debug_abbrev  0x0000092c      0x22d ./Drivers/STM32F4xx_HAL_Driver/stm32f4xx_hal.o
 .debug_abbrev  0x00000b59      0x29c ./Drivers/STM32F4xx_HAL_Driver/stm32f4xx_hal_cortex.o
 .debug_abbrev  0x00000df5      0x1ad ./Drivers/STM32F4xx_HAL_Driver/stm32f4xx_hal_gpio.o
 .debug_abbrev  0x00000fa2      0x25d ./Drivers/STM32F4xx_HAL_Driver/stm32f4xx_hal_rcc.o
 .debug_abbrev  0x000011ff      0x21d ./Drivers/STM32F4xx_HAL_Driver/stm32f4xx_hal_sd.o
 .debug_abbrev  0x0000141c      0x161 ./Drivers/STM32F4xx_HAL_Driver/stm32f4xx_ll_sdmmc.o
 .debug_abbrev  0x0000157d      0x104 ./Drivers/CMSIS/system_stm32f4xx.o
 .debug_abbrev  0x00001681      0x24c ./Application/User/bsp_driver_sd.o
 .debug_abbrev  0x000018cd      0x11a ./Application/User/gpio.o
 .debug_abbrev  0x000019e7      0x20a ./Application/User/main.o
 .debug_abbrev  0x00001bf1      0x18e ./Application/User/sdio.o
 .debug_abbrev  0x00001d7f       0x80 ./Application/User/stm32f4xx_hal_msp.o
 .debug_abbrev  0x00001dff       0x6a ./Application/User/stm32f4xx_it.o
 .debug_abbrev  0x00001e69       0x12 ./Application/SW4STM32/startup_stm32f411xe.o

.debug_aranges  0x00000000      0xa08
 .debug_aranges
                0x00000000       0xb0 ./user/syscalls.o
 .debug_aranges
                0x000000b0       0x28 ./Middlewares/FatFs/ccsbcs.o
 .debug_aranges
                0x000000d8       0x48 ./Middlewares/FatFs/diskio.o
 .debug_aranges
                0x00000120      0x210 ./Middlewares/FatFs/ff.o
 .debug_aranges
                0x00000330       0x30 ./Middlewares/FatFs/ff_gen_drv.o
 .debug_aranges
                0x00000360       0x40 ./Middlewares/FatFs/sd_diskio.o
 .debug_aranges
                0x000003a0       0x28 ./Middlewares/FatFs/syscall.o
 .debug_aranges
                0x000003c8       0xc0 ./Drivers/STM32F4xx_HAL_Driver/stm32f4xx_hal.o
 .debug_aranges
                0x00000488      0x100 ./Drivers/STM32F4xx_HAL_Driver/stm32f4xx_hal_cortex.o
 .debug_aranges
                0x00000588       0x58 ./Drivers/STM32F4xx_HAL_Driver/stm32f4xx_hal_gpio.o
 .debug_aranges
                0x000005e0       0x88 ./Drivers/STM32F4xx_HAL_Driver/stm32f4xx_hal_rcc.o
 .debug_aranges
                0x00000668      0x180 ./Drivers/STM32F4xx_HAL_Driver/stm32f4xx_hal_sd.o
 .debug_aranges
                0x000007e8       0x80 ./Drivers/STM32F4xx_HAL_Driver/stm32f4xx_ll_sdmmc.o
 .debug_aranges
                0x00000868       0x28 ./Drivers/CMSIS/system_stm32f4xx.o
 .debug_aranges
                0x00000890       0x90 ./Application/User/bsp_driver_sd.o
 .debug_aranges
                0x00000920       0x20 ./Application/User/gpio.o
 .debug_aranges
                0x00000940       0x30 ./Application/User/main.o
 .debug_aranges
                0x00000970       0x30 ./Application/User/sdio.o
 .debug_aranges
                0x000009a0       0x20 ./Application/User/stm32f4xx_hal_msp.o
 .debug_aranges
                0x000009c0       0x20 ./Application/User/stm32f4xx_it.o
 .debug_aranges
                0x000009e0       0x28 ./Application/SW4STM32/startup_stm32f411xe.o

.debug_ranges   0x00000000      0x8d8
 .debug_ranges  0x00000000       0xa0 ./user/syscalls.o
 .debug_ranges  0x000000a0       0x18 ./Middlewares/FatFs/ccsbcs.o
 .debug_ranges  0x000000b8       0x38 ./Middlewares/FatFs/diskio.o
 .debug_ranges  0x000000f0      0x218 ./Middlewares/FatFs/ff.o
 .debug_ranges  0x00000308       0x20 ./Middlewares/FatFs/ff_gen_drv.o
 .debug_ranges  0x00000328       0x30 ./Middlewares/FatFs/sd_diskio.o
 .debug_ranges  0x00000358       0x18 ./Middlewares/FatFs/syscall.o
 .debug_ranges  0x00000370       0xb0 ./Drivers/STM32F4xx_HAL_Driver/stm32f4xx_hal.o
 .debug_ranges  0x00000420       0xf0 ./Drivers/STM32F4xx_HAL_Driver/stm32f4xx_hal_cortex.o
 .debug_ranges  0x00000510       0x48 ./Drivers/STM32F4xx_HAL_Driver/stm32f4xx_hal_gpio.o
 .debug_ranges  0x00000558       0x78 ./Drivers/STM32F4xx_HAL_Driver/stm32f4xx_hal_rcc.o
 .debug_ranges  0x000005d0      0x170 ./Drivers/STM32F4xx_HAL_Driver/stm32f4xx_hal_sd.o
 .debug_ranges  0x00000740       0x70 ./Drivers/STM32F4xx_HAL_Driver/stm32f4xx_ll_sdmmc.o
 .debug_ranges  0x000007b0       0x18 ./Drivers/CMSIS/system_stm32f4xx.o
 .debug_ranges  0x000007c8       0x80 ./Application/User/bsp_driver_sd.o
 .debug_ranges  0x00000848       0x10 ./Application/User/gpio.o
 .debug_ranges  0x00000858       0x20 ./Application/User/main.o
 .debug_ranges  0x00000878       0x20 ./Application/User/sdio.o
 .debug_ranges  0x00000898       0x10 ./Application/User/stm32f4xx_hal_msp.o
 .debug_ranges  0x000008a8       0x10 ./Application/User/stm32f4xx_it.o
 .debug_ranges  0x000008b8       0x20 ./Application/SW4STM32/startup_stm32f411xe.o

.debug_macro    0x00000000    0x101cb
 .debug_macro   0x00000000      0x190 ./user/syscalls.o
 .debug_macro   0x00000190      0x850 ./user/syscalls.o
 .debug_macro   0x000009e0       0x58 ./user/syscalls.o
 .debug_macro   0x00000a38       0x16 ./user/syscalls.o
 .debug_macro   0x00000a4e       0x35 ./user/syscalls.o
 .debug_macro   0x00000a83       0xa2 ./user/syscalls.o
 .debug_macro   0x00000b25      0x166 ./user/syscalls.o
 .debug_macro   0x00000c8b       0x4a ./user/syscalls.o
 .debug_macro   0x00000cd5       0x52 ./user/syscalls.o
 .debug_macro   0x00000d27       0x16 ./user/syscalls.o
 .debug_macro   0x00000d3d       0x43 ./user/syscalls.o
 .debug_macro   0x00000d80      0x180 ./user/syscalls.o
 .debug_macro   0x00000f00       0x10 ./user/syscalls.o
 .debug_macro   0x00000f10       0x35 ./user/syscalls.o
 .debug_macro   0x00000f45       0x10 ./user/syscalls.o
 .debug_macro   0x00000f55       0x10 ./user/syscalls.o
 .debug_macro   0x00000f65       0x10 ./user/syscalls.o
 .debug_macro   0x00000f75       0x22 ./user/syscalls.o
 .debug_macro   0x00000f97       0xbd ./user/syscalls.o
 .debug_macro   0x00001054       0x35 ./user/syscalls.o
 .debug_macro   0x00001089      0x120 ./user/syscalls.o
 .debug_macro   0x000011a9       0x16 ./user/syscalls.o
 .debug_macro   0x000011bf       0x16 ./user/syscalls.o
 .debug_macro   0x000011d5       0x29 ./user/syscalls.o
 .debug_macro   0x000011fe       0x10 ./user/syscalls.o
 .debug_macro   0x0000120e      0x241 ./user/syscalls.o
 .debug_macro   0x0000144f       0x1c ./user/syscalls.o
 .debug_macro   0x0000146b       0x10 ./user/syscalls.o
 .debug_macro   0x0000147b       0x16 ./user/syscalls.o
 .debug_macro   0x00001491      0x16c ./user/syscalls.o
 .debug_macro   0x000015fd      0x13a ./user/syscalls.o
 .debug_macro   0x00001737       0x16 ./user/syscalls.o
 .debug_macro   0x0000174d       0x22 ./user/syscalls.o
 .debug_macro   0x0000176f      0x281 ./Middlewares/FatFs/ccsbcs.o
 .debug_macro   0x000019f0      0x1a2 ./Middlewares/FatFs/ccsbcs.o
 .debug_macro   0x00001b92       0x2e ./Middlewares/FatFs/ccsbcs.o
 .debug_macro   0x00001bc0       0x28 ./Middlewares/FatFs/ccsbcs.o
 .debug_macro   0x00001be8       0x3b ./Middlewares/FatFs/ccsbcs.o
 .debug_macro   0x00001c23       0x44 ./Middlewares/FatFs/ccsbcs.o
 .debug_macro   0x00001c67      0x209 ./Middlewares/FatFs/ccsbcs.o
 .debug_macro   0x00001e70       0x2d ./Middlewares/FatFs/ccsbcs.o
 .debug_macro   0x00001e9d       0x26 ./Middlewares/FatFs/ccsbcs.o
 .debug_macro   0x00001ec3      0xd39 ./Middlewares/FatFs/ccsbcs.o
 .debug_macro   0x00002bfc     0x50a0 ./Middlewares/FatFs/ccsbcs.o
 .debug_macro   0x00007c9c       0x43 ./Middlewares/FatFs/ccsbcs.o
 .debug_macro   0x00007cdf     0x296e ./Middlewares/FatFs/ccsbcs.o
 .debug_macro   0x0000a64d       0x16 ./Middlewares/FatFs/ccsbcs.o
 .debug_macro   0x0000a663       0x97 ./Middlewares/FatFs/ccsbcs.o
 .debug_macro   0x0000a6fa       0xef ./Middlewares/FatFs/ccsbcs.o
 .debug_macro   0x0000a7e9       0x5e ./Middlewares/FatFs/ccsbcs.o
 .debug_macro   0x0000a847       0xb2 ./Middlewares/FatFs/ccsbcs.o
 .debug_macro   0x0000a8f9      0xbb0 ./Middlewares/FatFs/ccsbcs.o
 .debug_macro   0x0000b4a9      0x11e ./Middlewares/FatFs/ccsbcs.o
 .debug_macro   0x0000b5c7      0x11b ./Middlewares/FatFs/ccsbcs.o
 .debug_macro   0x0000b6e2       0x27 ./Middlewares/FatFs/ccsbcs.o
 .debug_macro   0x0000b709      0x272 ./Middlewares/FatFs/ccsbcs.o
 .debug_macro   0x0000b97b       0x5f ./Middlewares/FatFs/ccsbcs.o
 .debug_macro   0x0000b9da       0x5d ./Middlewares/FatFs/ccsbcs.o
 .debug_macro   0x0000ba37      0x133 ./Middlewares/FatFs/ccsbcs.o
 .debug_macro   0x0000bb6a      0x25d ./Middlewares/FatFs/ccsbcs.o
 .debug_macro   0x0000bdc7       0x2e ./Middlewares/FatFs/ccsbcs.o
 .debug_macro   0x0000bdf5      0x12c ./Middlewares/FatFs/ccsbcs.o
 .debug_macro   0x0000bf21       0x77 ./Middlewares/FatFs/ccsbcs.o
 .debug_macro   0x0000bf98       0x90 ./Middlewares/FatFs/ccsbcs.o
 .debug_macro   0x0000c028      0x48d ./Middlewares/FatFs/ccsbcs.o
 .debug_macro   0x0000c4b5      0x22b ./Middlewares/FatFs/ccsbcs.o
 .debug_macro   0x0000c6e0      0x11e ./Middlewares/FatFs/ccsbcs.o
 .debug_macro   0x0000c7fe       0x2e ./Middlewares/FatFs/ccsbcs.o
 .debug_macro   0x0000c82c       0xb3 ./Middlewares/FatFs/ccsbcs.o
 .debug_macro   0x0000c8df       0xe0 ./Middlewares/FatFs/ccsbcs.o
 .debug_macro   0x0000c9bf      0x292 ./Middlewares/FatFs/diskio.o
 .debug_macro   0x0000cc51       0x16 ./Middlewares/FatFs/diskio.o
 .debug_macro   0x0000cc67       0x7c ./Middlewares/FatFs/diskio.o
 .debug_macro   0x0000cce3      0x4d2 ./Middlewares/FatFs/ff.o
 .debug_macro   0x0000d1b5       0x8e ./Middlewares/FatFs/ff.o
 .debug_macro   0x0000d243       0x52 ./Middlewares/FatFs/ff.o
 .debug_macro   0x0000d295      0x292 ./Middlewares/FatFs/ff_gen_drv.o
 .debug_macro   0x0000d527      0x2bb ./Middlewares/FatFs/sd_diskio.o
 .debug_macro   0x0000d7e2      0x2a6 ./Middlewares/FatFs/sd_diskio.o
 .debug_macro   0x0000da88       0x10 ./Middlewares/FatFs/sd_diskio.o
 .debug_macro   0x0000da98       0x1f ./Middlewares/FatFs/sd_diskio.o
 .debug_macro   0x0000dab7      0x20f ./Middlewares/FatFs/sd_diskio.o
 .debug_macro   0x0000dcc6       0x57 ./Middlewares/FatFs/sd_diskio.o
 .debug_macro   0x0000dd1d      0x29c ./Middlewares/FatFs/syscall.o
 .debug_macro   0x0000dfb9      0x10e ./Middlewares/FatFs/syscall.o
 .debug_macro   0x0000e0c7       0x7f ./Middlewares/FatFs/syscall.o
 .debug_macro   0x0000e146      0x297 ./Drivers/STM32F4xx_HAL_Driver/stm32f4xx_hal.o
 .debug_macro   0x0000e3dd      0x249 ./Drivers/STM32F4xx_HAL_Driver/stm32f4xx_hal_cortex.o
 .debug_macro   0x0000e626      0x281 ./Drivers/STM32F4xx_HAL_Driver/stm32f4xx_hal_gpio.o
 .debug_macro   0x0000e8a7      0x273 ./Drivers/STM32F4xx_HAL_Driver/stm32f4xx_hal_rcc.o
 .debug_macro   0x0000eb1a      0x393 ./Drivers/STM32F4xx_HAL_Driver/stm32f4xx_hal_sd.o
 .debug_macro   0x0000eead      0x24a ./Drivers/STM32F4xx_HAL_Driver/stm32f4xx_ll_sdmmc.o
 .debug_macro   0x0000f0f7      0x24f ./Drivers/CMSIS/system_stm32f4xx.o
 .debug_macro   0x0000f346      0x258 ./Application/User/bsp_driver_sd.o
 .debug_macro   0x0000f59e       0x28 ./Application/User/bsp_driver_sd.o
 .debug_macro   0x0000f5c6      0x253 ./Application/User/gpio.o
 .debug_macro   0x0000f819      0x2b9 ./Application/User/main.o
 .debug_macro   0x0000fad2      0x25d ./Application/User/sdio.o
 .debug_macro   0x0000fd2f      0x249 ./Application/User/stm32f4xx_hal_msp.o
 .debug_macro   0x0000ff78      0x253 ./Application/User/stm32f4xx_it.o

.debug_line     0x00000000     0xaf98
 .debug_line    0x00000000      0x530 ./user/syscalls.o
 .debug_line    0x00000530      0x71a ./Middlewares/FatFs/ccsbcs.o
 .debug_line    0x00000c4a      0x702 ./Middlewares/FatFs/diskio.o
 .debug_line    0x0000134c     0x1c17 ./Middlewares/FatFs/ff.o
 .debug_line    0x00002f63      0x6da ./Middlewares/FatFs/ff_gen_drv.o
 .debug_line    0x0000363d      0x7fd ./Middlewares/FatFs/sd_diskio.o
 .debug_line    0x00003e3a      0x6fb ./Middlewares/FatFs/syscall.o
 .debug_line    0x00004535      0x7fb ./Drivers/STM32F4xx_HAL_Driver/stm32f4xx_hal.o
 .debug_line    0x00004d30      0x910 ./Drivers/STM32F4xx_HAL_Driver/stm32f4xx_hal_cortex.o
 .debug_line    0x00005640      0x7ea ./Drivers/STM32F4xx_HAL_Driver/stm32f4xx_hal_gpio.o
 .debug_line    0x00005e2a      0xa38 ./Drivers/STM32F4xx_HAL_Driver/stm32f4xx_hal_rcc.o
 .debug_line    0x00006862     0x102a ./Drivers/STM32F4xx_HAL_Driver/stm32f4xx_hal_sd.o
 .debug_line    0x0000788c      0x765 ./Drivers/STM32F4xx_HAL_Driver/stm32f4xx_ll_sdmmc.o
 .debug_line    0x00007ff1      0x698 ./Drivers/CMSIS/system_stm32f4xx.o
 .debug_line    0x00008689      0x763 ./Application/User/bsp_driver_sd.o
 .debug_line    0x00008dec      0x64e ./Application/User/gpio.o
 .debug_line    0x0000943a      0x796 ./Application/User/main.o
 .debug_line    0x00009bd0      0x67e ./Application/User/sdio.o
 .debug_line    0x0000a24e      0x63e ./Application/User/stm32f4xx_hal_msp.o
 .debug_line    0x0000a88c      0x64b ./Application/User/stm32f4xx_it.o
 .debug_line    0x0000aed7       0xc1 ./Application/SW4STM32/startup_stm32f411xe.o

.debug_str      0x00000000    0x56110
 .debug_str     0x00000000     0x554b ./user/syscalls.o
                               0x56ca (size before relaxing)
 .debug_str     0x0000554b    0x4b7ef ./Middlewares/FatFs/ccsbcs.o
                              0x5005b (size before relaxing)
 .debug_str     0x00050d3a      0x295 ./Middlewares/FatFs/diskio.o
                              0x50270 (size before relaxing)
 .debug_str     0x00050fcf      0xea4 ./Middlewares/FatFs/ff.o
                              0x510fb (size before relaxing)
 .debug_str     0x00051e73       0x8d ./Middlewares/FatFs/ff_gen_drv.o
                              0x502ad (size before relaxing)
 .debug_str     0x00051f00     0x126f ./Middlewares/FatFs/sd_diskio.o
                              0x514af (size before relaxing)
 .debug_str     0x0005316f       0x67 ./Middlewares/FatFs/syscall.o
                              0x50112 (size before relaxing)
 .debug_str     0x000531d6      0x963 ./Drivers/STM32F4xx_HAL_Driver/stm32f4xx_hal.o
                              0x50401 (size before relaxing)
 .debug_str     0x00053b39      0x301 ./Drivers/STM32F4xx_HAL_Driver/stm32f4xx_hal_cortex.o
                              0x5019e (size before relaxing)
 .debug_str     0x00053e3a      0x2ec ./Drivers/STM32F4xx_HAL_Driver/stm32f4xx_hal_gpio.o
                              0x4fe20 (size before relaxing)
 .debug_str     0x00054126      0x3c4 ./Drivers/STM32F4xx_HAL_Driver/stm32f4xx_hal_rcc.o
                              0x4ffa4 (size before relaxing)
 .debug_str     0x000544ea     0x16a0 ./Drivers/STM32F4xx_HAL_Driver/stm32f4xx_hal_sd.o
                              0x51448 (size before relaxing)
 .debug_str     0x00055b8a      0x18a ./Drivers/STM32F4xx_HAL_Driver/stm32f4xx_ll_sdmmc.o
                              0x4fcf4 (size before relaxing)
 .debug_str     0x00055d14       0x9c ./Drivers/CMSIS/system_stm32f4xx.o
                              0x4fbd1 (size before relaxing)
 .debug_str     0x00055db0      0x172 ./Application/User/bsp_driver_sd.o
                              0x505ee (size before relaxing)
 .debug_str     0x00055f22       0x38 ./Application/User/gpio.o
                              0x4fb7c (size before relaxing)
 .debug_str     0x00055f5a      0x10c ./Application/User/main.o
                              0x506e7 (size before relaxing)
 .debug_str     0x00056066       0x31 ./Application/User/sdio.o
                              0x501fd (size before relaxing)
 .debug_str     0x00056097       0x2e ./Application/User/stm32f4xx_hal_msp.o
                              0x4fd74 (size before relaxing)
 .debug_str     0x000560c5       0x4b ./Application/User/stm32f4xx_it.o
                              0x4f9db (size before relaxing)

.comment        0x00000000       0x70
 .comment       0x00000000       0x70 ./user/syscalls.o
                                 0x71 (size before relaxing)
 .comment       0x00000000       0x71 ./Middlewares/FatFs/ccsbcs.o
 .comment       0x00000000       0x71 ./Middlewares/FatFs/diskio.o
 .comment       0x00000000       0x71 ./Middlewares/FatFs/ff.o
 .comment       0x00000000       0x71 ./Middlewares/FatFs/ff_gen_drv.o
 .comment       0x00000000       0x71 ./Middlewares/FatFs/sd_diskio.o
 .comment       0x00000000       0x71 ./Middlewares/FatFs/syscall.o
 .comment       0x00000000       0x71 ./Drivers/STM32F4xx_HAL_Driver/stm32f4xx_hal.o
 .comment       0x00000000       0x71 ./Drivers/STM32F4xx_HAL_Driver/stm32f4xx_hal_cortex.o
 .comment       0x00000000       0x71 ./Drivers/STM32F4xx_HAL_Driver/stm32f4xx_hal_gpio.o
 .comment       0x00000000       0x71 ./Drivers/STM32F4xx_HAL_Driver/stm32f4xx_hal_rcc.o
 .comment       0x00000000       0x71 ./Drivers/STM32F4xx_HAL_Driver/stm32f4xx_hal_sd.o
 .comment       0x00000000       0x71 ./Drivers/STM32F4xx_HAL_Driver/stm32f4xx_ll_sdmmc.o
 .comment       0x00000000       0x71 ./Drivers/CMSIS/system_stm32f4xx.o
 .comment       0x00000000       0x71 ./Application/User/bsp_driver_sd.o
 .comment       0x00000000       0x71 ./Application/User/gpio.o
 .comment       0x00000000       0x71 ./Application/User/main.o
 .comment       0x00000000       0x71 ./Application/User/sdio.o
 .comment       0x00000000       0x71 ./Application/User/stm32f4xx_hal_msp.o
 .comment       0x00000000       0x71 ./Application/User/stm32f4xx_it.o

.debug_frame    0x00000000     0x2170
 .debug_frame   0x00000000      0x248 ./user/syscalls.o
 .debug_frame   0x00000248       0x48 ./Middlewares/FatFs/ccsbcs.o
 .debug_frame   0x00000290       0xc8 ./Middlewares/FatFs/diskio.o
 .debug_frame   0x00000358      0x7b4 ./Middlewares/FatFs/ff.o
 .debug_frame   0x00000b0c       0x60 ./Middlewares/FatFs/ff_gen_drv.o
 .debug_frame   0x00000b6c       0xac ./Middlewares/FatFs/sd_diskio.o
 .debug_frame   0x00000c18       0x50 ./Middlewares/FatFs/syscall.o
 .debug_frame   0x00000c68      0x228 ./Drivers/STM32F4xx_HAL_Driver/stm32f4xx_hal.o
 .debug_frame   0x00000e90      0x35c ./Drivers/STM32F4xx_HAL_Driver/stm32f4xx_hal_cortex.o
 .debug_frame   0x000011ec       0xf4 ./Drivers/STM32F4xx_HAL_Driver/stm32f4xx_hal_gpio.o
 .debug_frame   0x000012e0      0x1a0 ./Drivers/STM32F4xx_HAL_Driver/stm32f4xx_hal_rcc.o
 .debug_frame   0x00001480      0x59c ./Drivers/STM32F4xx_HAL_Driver/stm32f4xx_hal_sd.o
 .debug_frame   0x00001a1c      0x180 ./Drivers/STM32F4xx_HAL_Driver/stm32f4xx_ll_sdmmc.o
 .debug_frame   0x00001b9c       0x44 ./Drivers/CMSIS/system_stm32f4xx.o
 .debug_frame   0x00001be0      0x1c4 ./Application/User/bsp_driver_sd.o
 .debug_frame   0x00001da4       0x30 ./Application/User/gpio.o
 .debug_frame   0x00001dd4       0x6c ./Application/User/main.o
 .debug_frame   0x00001e40       0x6c ./Application/User/sdio.o
 .debug_frame   0x00001eac       0x2c ./Application/User/stm32f4xx_hal_msp.o
 .debug_frame   0x00001ed8       0x2c ./Application/User/stm32f4xx_it.o
 .debug_frame   0x00001f04       0x20 c:/ac6/systemworkbench/plugins/fr.ac6.mcu.externaltools.arm-none.win32_1.1.0.201503101257/tools/compiler/bin/../lib/gcc/arm-none-eabi/4.8.4/../../../../arm-none-eabi/lib/armv7e-m\libc.a(lib_a-errno.o)
 .debug_frame   0x00001f24       0x2c c:/ac6/systemworkbench/plugins/fr.ac6.mcu.externaltools.arm-none.win32_1.1.0.201503101257/tools/compiler/bin/../lib/gcc/arm-none-eabi/4.8.4/../../../../arm-none-eabi/lib/armv7e-m\libc.a(lib_a-init.o)
 .debug_frame   0x00001f50       0x30 c:/ac6/systemworkbench/plugins/fr.ac6.mcu.externaltools.arm-none.win32_1.1.0.201503101257/tools/compiler/bin/../lib/gcc/arm-none-eabi/4.8.4/../../../../arm-none-eabi/lib/armv7e-m\libc.a(lib_a-malloc.o)
 .debug_frame   0x00001f80       0x38 c:/ac6/systemworkbench/plugins/fr.ac6.mcu.externaltools.arm-none.win32_1.1.0.201503101257/tools/compiler/bin/../lib/gcc/arm-none-eabi/4.8.4/../../../../arm-none-eabi/lib/armv7e-m\libc.a(lib_a-mallocr.o)
 .debug_frame   0x00001fb8       0x30 c:/ac6/systemworkbench/plugins/fr.ac6.mcu.externaltools.arm-none.win32_1.1.0.201503101257/tools/compiler/bin/../lib/gcc/arm-none-eabi/4.8.4/../../../../arm-none-eabi/lib/armv7e-m\libc.a(lib_a-mlock.o)
 .debug_frame   0x00001fe8       0x2c c:/ac6/systemworkbench/plugins/fr.ac6.mcu.externaltools.arm-none.win32_1.1.0.201503101257/tools/compiler/bin/../lib/gcc/arm-none-eabi/4.8.4/../../../../arm-none-eabi/lib/armv7e-m\libc.a(lib_a-sbrkr.o)
 .debug_frame   0x00002014       0x48 c:/ac6/systemworkbench/plugins/fr.ac6.mcu.externaltools.arm-none.win32_1.1.0.201503101257/tools/compiler/bin/../lib/gcc/arm-none-eabi/4.8.4/../../../../arm-none-eabi/lib/armv7e-m\libc.a(lib_a-__call_atexit.o)
 .debug_frame   0x0000205c       0x20 c:/ac6/systemworkbench/plugins/fr.ac6.mcu.externaltools.arm-none.win32_1.1.0.201503101257/tools/compiler/bin/../lib/gcc/arm-none-eabi/4.8.4/../../../../arm-none-eabi/lib/armv7e-m\libc.a(lib_a-atexit.o)
 .debug_frame   0x0000207c       0x2c c:/ac6/systemworkbench/plugins/fr.ac6.mcu.externaltools.arm-none.win32_1.1.0.201503101257/tools/compiler/bin/../lib/gcc/arm-none-eabi/4.8.4/../../../../arm-none-eabi/lib/armv7e-m\libc.a(lib_a-fini.o)
 .debug_frame   0x000020a8       0x50 c:/ac6/systemworkbench/plugins/fr.ac6.mcu.externaltools.arm-none.win32_1.1.0.201503101257/tools/compiler/bin/../lib/gcc/arm-none-eabi/4.8.4/../../../../arm-none-eabi/lib/armv7e-m\libc.a(lib_a-freer.o)
 .debug_frame   0x000020f8       0x48 c:/ac6/systemworkbench/plugins/fr.ac6.mcu.externaltools.arm-none.win32_1.1.0.201503101257/tools/compiler/bin/../lib/gcc/arm-none-eabi/4.8.4/../../../../arm-none-eabi/lib/armv7e-m\libc.a(lib_a-reent.o)
 .debug_frame   0x00002140       0x30 c:/ac6/systemworkbench/plugins/fr.ac6.mcu.externaltools.arm-none.win32_1.1.0.201503101257/tools/compiler/bin/../lib/gcc/arm-none-eabi/4.8.4/../../../../arm-none-eabi/lib/armv7e-m\libc.a(lib_a-__atexit.o)
